Archive member included to satisfy reference by file (symbol)

CleOSource/FT900Libraries/initial/ft900/lib/Release\libft900.a(adc.o)
                              build/ft900/bridges/bridge_adc.o (adc_mode)
CleOSource/FT900Libraries/initial/ft900/lib/Release\libft900.a(cam.o)
                              build/ft900/CameraStreaming.o (cam_init)
CleOSource/FT900Libraries/initial/ft900/lib/Release\libft900.a(delay.o)
                              build/ft900/CameraStreamingov5640.o (delayus)
CleOSource/FT900Libraries/initial/ft900/lib/Release\libft900.a(gpio.o)
                              build/ft900/CameraStreaming.o (gpio_dir)
CleOSource/FT900Libraries/initial/ft900/lib/Release\libft900.a(i2cm.o)
                              build/ft900/CameraStreaming.o (i2cm_init)
CleOSource/FT900Libraries/initial/ft900/lib/Release\libft900.a(interrupt.o)
                              build/ft900/FT_App_PlayVideo.o (interrupt_attach)
CleOSource/FT900Libraries/initial/ft900/lib/Release\libft900.a(memctl.o)
                              build/ft900/dfu.o (chip_reboot)
CleOSource/FT900Libraries/initial/ft900/lib/Release\libft900.a(pwm.o)
                              build/ft900/main.o (pwm_init)
CleOSource/FT900Libraries/initial/ft900/lib/Release\libft900.a(sdhost.o)
                              build/ft900/diskio.o (sdhost_get_context)
CleOSource/FT900Libraries/initial/ft900/lib/Release\libft900.a(spi.o)
                              build/ft900/main.o (spi_init)
CleOSource/FT900Libraries/initial/ft900/lib/Release\libft900.a(sys.o)
                              build/ft900/FT_App_PlayVideo.o (sys_enable)
CleOSource/FT900Libraries/initial/ft900/lib/Release\libft900.a(timers.o)
                              build/ft900/FT_App_PlayVideo.o (timer_init)
CleOSource/FT900Libraries/initial/ft900/lib/Release\libft900.a(usbd.o)
                              build/ft900/dfu.o (USBD_initialise)
CleOSource/FT900Libraries/initial/ft900/lib/Release\libft900.a(usbd_dfu.o)
                              build/ft900/dfu.o (USBD_DFU_is_runtime)
CleOSource/FT900Libraries/initial/ft900/lib/Release\libft900.a(uart_simple.o)
                              build/ft900/bridges/bridge_uart.o (uart_open)
c:/program files (x86)/ftdi/ft90x toolchain/toolchain/tools/bin/../lib/gcc/ft32-elf/6.0.0/../../../../ft32-elf/lib\libm.a(lib_a-s_floor.o)
                              build/ft900/bridges/bridge_pwm.o (floor)
c:/program files (x86)/ftdi/ft90x toolchain/toolchain/tools/bin/../lib/gcc/ft32-elf/6.0.0/../../../../ft32-elf/lib\libm.a(lib_a-sf_round.o)
                              build/ft900/guimgr.o (roundf)
c:/program files (x86)/ftdi/ft90x toolchain/toolchain/tools/bin/../lib/gcc/ft32-elf/6.0.0/../../../../ft32-elf/lib\libc.a(lib_a-atoi.o)
                              build/ft900/guimgr.o (atoi)
c:/program files (x86)/ftdi/ft90x toolchain/toolchain/tools/bin/../lib/gcc/ft32-elf/6.0.0/../../../../ft32-elf/lib\libc.a(lib_a-iprintf.o)
                              build/ft900/eflash.o (iprintf)
c:/program files (x86)/ftdi/ft90x toolchain/toolchain/tools/bin/../lib/gcc/ft32-elf/6.0.0/../../../../ft32-elf/lib\libc.a(lib_a-isprint.o)
                              build/ft900/CameraStreaming.o (isprint)
c:/program files (x86)/ftdi/ft90x toolchain/toolchain/tools/bin/../lib/gcc/ft32-elf/6.0.0/../../../../ft32-elf/lib\libc.a(lib_a-itoa.o)
                              build/ft900/CameraStreaming.o (itoa)
c:/program files (x86)/ftdi/ft90x toolchain/toolchain/tools/bin/../lib/gcc/ft32-elf/6.0.0/../../../../ft32-elf/lib\libc.a(lib_a-malloc.o)
                              build/ft900/bridges/bridge_uart.o (malloc)
c:/program files (x86)/ftdi/ft90x toolchain/toolchain/tools/bin/../lib/gcc/ft32-elf/6.0.0/../../../../ft32-elf/lib\libc.a(lib_a-memcmp.o)
                              build/ft900/MediaExplorer.o (memcmp)
c:/program files (x86)/ftdi/ft90x toolchain/toolchain/tools/bin/../lib/gcc/ft32-elf/6.0.0/../../../../ft32-elf/lib\libc.a(lib_a-memcpy.o)
                              build/ft900/MediaExplorer.o (memcpy)
c:/program files (x86)/ftdi/ft90x toolchain/toolchain/tools/bin/../lib/gcc/ft32-elf/6.0.0/../../../../ft32-elf/lib\libc.a(lib_a-memmove.o)
                              build/ft900/diskio.o (memmove)
c:/program files (x86)/ftdi/ft90x toolchain/toolchain/tools/bin/../lib/gcc/ft32-elf/6.0.0/../../../../ft32-elf/lib\libc.a(lib_a-memset.o)
                              build/ft900/MediaExplorer.o (memset)
c:/program files (x86)/ftdi/ft90x toolchain/toolchain/tools/bin/../lib/gcc/ft32-elf/6.0.0/../../../../ft32-elf/lib\libc.a(lib_a-puts.o)
                              build/ft900/main.o (puts)
c:/program files (x86)/ftdi/ft90x toolchain/toolchain/tools/bin/../lib/gcc/ft32-elf/6.0.0/../../../../ft32-elf/lib\libc.a(lib_a-siprintf.o)
                              build/ft900/MediaExplorer.o (siprintf)
c:/program files (x86)/ftdi/ft90x toolchain/toolchain/tools/bin/../lib/gcc/ft32-elf/6.0.0/../../../../ft32-elf/lib\libc.a(lib_a-sniprintf.o)
[...]
Memory Configuration

Name             Origin             Length             Attributes
flash            0x00000000         0x00040000         xr
ram              0x00800000         0x00010000         rw !x
*default*        0x00000000         0xffffffff

Linker script and memory map

                0x00040000                PROVIDE (__PMSIZE, 0x40000)
                0x00010000                PROVIDE (__RAMSIZE, 0x10000)

.text           0x00000000    0x3c97c
 *(.crt0*)
 .crt0          0x00000000      0x32c build/ft900/crt0.o
                0x00000000                _start
                0x00000090                _exithook
                0x00000118                _exit
                0x00000328                nullvector
 *(.text*)
 .text          0x0000032c     0x482c build/ft900/MediaExplorer.o
                0x000004d0                helperLoadIcon
                0x00000700                detectMediaType(char const*)
                0x00000fb4                MediaBrowser_UIInit()
                0x000010e0                renderStringSafe(_transport*, char const*, MediaFont_e, RenderArea_t*)
                0x000011d8                extractJpegInfo(MediaItem_t*, MediaInfo_t*)
                0x0000125c                extractRiffInfo(MediaItem_t*, MediaInfo_t*, GuiManager*, int)
                0x0000142c                extractWavInfo(MediaItem_t*, MediaInfo_t*, GuiManager*, int)
                0x0000160c                helperRenderLine(_transport*, int, int, int, int, int)
                0x000016a0                helperRenderRect
                0x0000175c                helperRenderAlignedString
                0x00001900                helperRenderInvisibleLine(_transport*, int, int, int, int, int, unsigned char)
                0x00001990                helperBeginRender(_transport*)
                0x000019d0                helperEndRender(_transport*)
                0x00001a14                helperRenderBitmapIcon
                0x00001b34                helperRenderHeaderPanel
                0x00001c74                helperRenderVolumeBar
                0x00001d94                helperRenderProgressBar
                0x00001fdc                MediaBrowser_RenderUI()
                0x000028f0                MediaBrowser_ParseDb(MediaBrowserParseDB_e)
                0x00002d64                MediaBrowser_Scan()
                0x00002efc                MultimediaExplorer_AppPlayAudio(_transport*, GuiManager*, char const*)
                0x00003528                MultimediaExplorer_AppViewPicture(_transport*, GuiManager*, char const*)
                0x0000408c                scroll()
                0x00004268                getMediaFileStatus(MediaItem_t*, MediaInfo_t*, GuiManager*)
                0x00004350                updateMediaCompactInfo()
                0x000043e0                helperPlayMedia(MediaItem_t&, _transport*, GuiManager*, unsigned char&, char*)
                0x000044f0                MultimediaExplorer_Main(_transport*, GuiManager*, int, void*)
 .text._ZN11FileManager4slotERmi.isra.0
                0x00004b58       0x54 build/ft900/MediaExplorer.o
 .text._ZN11FileManager9cmd_FSizeEsRm
                0x00004bac       0x6c build/ft900/MediaExplorer.o
                0x00004bac                FileManager::cmd_FSize(short, unsigned long&)
 .text._ZN11FileManager11fatfs_errorEi
                0x00004c18       0x4c build/ft900/MediaExplorer.o
                0x00004c18                FileManager::fatfs_error(int)
 .text._ZN11FileManager9cmd_FOpenEPKci
                0x00004c64      0x164 build/ft900/MediaExplorer.o
                0x00004c64                FileManager::cmd_FOpen(char const*, int)
 .text._ZN11FileManager10cmd_FCloseEs
                0x00004dc8       0xd4 build/ft900/MediaExplorer.o
                0x00004dc8                FileManager::cmd_FClose(short)
 .text._ZN11FileManager9cmd_FTellEsRm
                0x00004e9c       0x6c build/ft900/MediaExplorer.o
                0x00004e9c                FileManager::cmd_FTell(short, unsigned long&)
 .text._ZN11FileManager9cmd_FReadEsPhsRs
                0x00004f08       0x94 build/ft900/MediaExplorer.o
                0x00004f08                FileManager::cmd_FRead(short, unsigned char*, short, short&)
 .text._ZN11FileManager9cmd_FSeekEsl
                0x00004f9c       0xa8 build/ft900/MediaExplorer.o
                0x00004f9c                FileManager::cmd_FSeek(short, long)
 .text._ZN10GuiManager8feedfileEs
                0x00005044       0xd4 build/ft900/MediaExplorer.o
                0x00005044                GuiManager::feedfile(short)
 .text._ZN10GuiManager13cmd_AudioStopEv
                0x00005118       0x9c build/ft900/MediaExplorer.o
                0x00005118                GuiManager::cmd_AudioStop()
 .text._ZN8scroller3modEi
                0x000051b4       0x4c build/ft900/MediaExplorer.o
                0x000051b4                scroller::mod(int)
 .text._ZN8scroller4fracEi
                0x00005200       0x3c build/ft900/MediaExplorer.o
                0x00005200                scroller::frac(int)
 .text          0x0000523c       0x70 build/ft900/FT_Util.o
                0x0000523c                FT_Util_StartApp
                0x00005270                FT_Util_ExitApp
 .text          0x000052ac     0x32d4 build/ft900/FT_App_PlayVideo.o
                0x000052ac                Ft_CoProErrorRecovery_Check
                0x000053a8                Ft_Gpu_Hal_WaitCmdfifo_empty_and_recovery
                0x000053bc                Ft_App_WrDlCmd_Buffer
                0x000053fc                Ft_App_WrCoStr_Buffer
                0x00005400                AviPlayer_TimerInit
                0x0000545c                ft_timer_interrupt1_exit
                0x0000546c                istouch
                0x0000548c                linear
                0x000054dc                DefaultGUIScreen
                0x00005534                VideoFrameonly
                0x000056cc                aviPlayerRenderFrame
                0x00005a54                aviPlayerRenderAudio
                0x00005c20                ft_timer_interrupt1
                0x00005e40                calculateFrameRotatialScaling
                0x00005fa4                setControlButtonsPosition
                0x00006000                rotateScreen
                0x00006050                applyFrameRotationalScaling
                0x000060bc                restoreFrameRotationalScaling
                0x00006138                aviplayerUiInit
                0x00006224                drawControlButtons
                0x000065e0                initialBitmapSetup
                0x000066ac                FT81x_Audio_Setup
                0x00006768                reorderMetaData
                0x00006808                reorderAudioData
                0x0000680c                AviPlayer_BufferInit
                0x00006904                AviPlayer_RenderFirstFrames
                0x00006a28                AviPlayer_FifoInit
                0x00006bec                AviPlayer_AudioInit
                0x00006ccc                AppAviPlayer
                0x00008534                AppAviPlayer_Main
 .text          0x00008580       0x14 build/ft900/FT_Audio.o
                0x00008580                FT_Audio_Use_Analog_In
                0x00008584                FT_Audio_Mute
                0x00008588                FT_Audio_UnMute
                0x0000858c                FT_Audio_Playback_Setup
 .text          0x00008594     0x1ddc build/ft900/FT_AVIParser.o
                0x000085f8                FT_AVIPCheckSz(FT_NBuffer*, long)
                0x00008614                FT_AVIPRead
                0x00008770                FT_AVIPRead8
                0x000087b8                FT_AVIPReadL16
                0x000087e0                FT_AVIPReadL32
                0x00008808                FT_AVIPFetch
                0x000088b8                FT_AVIPFlush
                0x00008998                FT_AVIParser_Init
                0x00008a9c                FT_AVIParser_SetBuff
                0x00008acc                FT_AVIParser_SetOpenFile
                0x00008b58                FT_AVIParser_Reset
                0x00008b9c                FT_AVIParser_SetProp
                0x00008ba0                FT_AVIParser_ParseAvi
                0x00009410                FT_AVIParser_SetRiff
                0x00009474                FT_AVIFillData(FT_AVIParser*, _transport*, Ft_Fifo_t*, FT_RingBuffer*, unsigned long)
                0x000095a0                FT_AVIPVidFillChunk(FT_AVIParser*, FT_VidDataPath*, unsigned long, int)
                0x0000986c                FT_AVIPAudFillChunk(FT_AVIParser*, FT_AudDataPath*, unsigned long, int)
                0x00009a9c                FT_AVIParser_FillChunk
                0x00009ce4                FT_AVIParser_Exit
                0x00009d14                FT_AVIParser_Seek_To
 .text          0x0000a370      0x568 build/ft900/FT_Buffer.o
                0x0000a370                FT_RingBuffer_Init
                0x0000a394                FT_RingBuffer_Read
                0x0000a474                FT_RingBuffer_Peek
                0x0000a504                FT_RingBuffer_Write
                0x0000a690                FT_RingBuffer_FreeSpace
                0x0000a6a0                FT_RingBuffer_AvailableData
                0x0000a6a8                FT_RingBuffer_Flush
                0x0000a748                FT_RingBuffer_Head_Flush
                0x0000a7e8                FT_RingBuffer_FlushAll
                0x0000a800                FT_RingBuffer_Set
                0x0000a878                FT_RingBuffer_Read32
                0x0000a898                FT_RingBuffer_Read16
                0x0000a8b8                FT_RingBuffer_Read8
 .text          0x0000a8d8      0x5ec build/ft900/FT_MQueue.o
                0x0000a8d8                FT_RQueue_Init
                0x0000a908                FT_RQueue_ReadE
                0x0000a9c4                FT_RQueue_PeekE
                0x0000aa40                FT_RQueue_WriteE_Update
                0x0000aaa8                FT_RQueue_PeekEOldest
                0x0000ab24                FT_RQueue_PeekELatest
                0x0000abb4                FT_RQueue_WriteE
                0x0000ac68                FT_RQueue_WriteEInplace
                0x0000acf0                FT_RQueue_WriteEInplace_Oldest
                0x0000ad64                FT_RQueue_NumFreeE
                0x0000adac                FT_RQueue_Flush
                0x0000ae34                FT_RQueue_FlushAll
                0x0000ae80                FT_RQueue_Set
 .text          0x0000aec4     0x5134 build/ft900/CameraStreaming.o
                0x0000b3a0                Ft_CoProErrorRecovery
                0x0000b410                Ft_App_WrCoCmd_Buffer
                0x0000b428                Ft_App_Flush_Co_Buffer
                0x0000b434                buf_cam_flush
                0x0000b47c                cam_ISR
                0x0000b620                cam_millis_init
                0x0000b670                cam_millis
                0x0000b678                cam_millis_exit
                0x0000b690                Ft_Gpu_Hal_WrMemFromFlash
                0x0000b720                Ft_Gpu_Hal_WrCmdBufFromFlash
                0x0000b7e8                Ft_Play_Sound
                0x0000b838                DropQueueElements
                0x0000b924                DropALLQueueElements
                0x0000b9ac                recover_mediafifo
                0x0000b9f8                wait_for_vsync
                0x0000ba28                camera_setup
                0x0000bc54                writetoevemediafifo
                0x0000c110                cam_millis_ticker
                0x0000c4bc                vsync_ISR
                0x0000c6dc                Ft_FlushEveRingQRingB
                0x0000c7ec                AppRStatsPrint
                0x0000c7f4                AppRCapStatsReset
                0x0000c804                AppRUIInit
                0x0000c92c                AppRUIExit
                0x0000c940                AppRUISteady
                0x0000c954                AppRUIRead
                0x0000c9c0                AppRecTimeConvert
                0x0000cabc                AppRUIComposeCleO35
                0x0000d1a4                AppRUIComposeCleO50
                0x0000d9f4                AppRUIComposeRender
                0x0000e014                AppRecStop
                0x0000e068                AppRecExit
                0x0000e19c                AppRecChkGetNextState
                0x0000e360                ARCAMInit
                0x0000e3bc                ARDecInit
                0x0000e3e0                ARCreInit
                0x0000e410                AppRecInit
                0x0000e5a8                AppRecCapDispRecord
                0x0000e6b0                ARReadFrame
                0x0000e7bc                Ft_GetNextFileName
                0x0000e924                AppRecRecord
                0x0000fabc                AppRecPreview
                0x0000fe28                AppRecorder
                0x0000fed8                RecorderRecord
 .text          0x0000fff8      0x438 build/ft900/CameraStreamingov5640.o
                0x0000fff8                i2c_wait_for
                0x00010014                i2cm_write16
                0x00010118                i2cm_read16
                0x00010250                wrSensorRegs16_8
                0x000102c8                rdSensorRegs16_8
                0x0001036c                wrSensorReg16_8
                0x00010390                ov5640_init_jpg
 .text          0x00010430       0x70 build/ft900/CameraStreamingHelper.o
                0x00010430                camhelper_load_camdata
 .text          0x000104a0     0x60bc build/ft900/guimgr.o
                0x0001070c                GuiManager::cmd_Start()
                0x00010acc                GuiManager::handle_setup(short)
                0x00010c3c                GuiManager::be16(short)
                0x00010c74                GuiManager::png_scan(short, int&, int&)
                0x00010d88                GuiManager::raw_draft_image(char const*, Hbitmap*)
                0x00011034                GuiManager::cmd_LoadImageFile(char const*, short)
                0x000110ec                GuiManager::cmd_LoadIcon(char const*, short)
                0x000113a0                GuiManager::service_playback()
                0x000116f0                GuiManager::init()
                0x00011d3c                GuiManager::raw_load_image(Hbitmap*)
                0x00011f84                GuiManager::cmd_Show()
                0x00012580                GuiManager::cmd_AudioPlay(char const*, short)
                0x0001297c                GuiManager::audio_seekto(int)
                0x00012bb0                GuiManager::end_audio()
                0x00012bf0                GuiManager::init_audio()
                0x00012d14                GuiManager::cmd_ColorPicker(char const*, unsigned long&)
                0x00013b6c                GuiManager::cmd_SetDateTime(char const*, unsigned long&)
                0x00014fd4                text_width(int, char const*)
                0x00015018                GuiManager::cmd_Keyboard(char const*, textfield&)
                0x000157c0                GuiManager::cmd_KeyPad(char const*, short)
                0x00015bcc                GuiManager::cmd_CaptureScreen(char const*, short, short, short, short)
                0x000160cc                GuiManager::cmd_CRCScreen(unsigned long&)
                0x00016260                FreeChain::serialize(GuiManager&, short)
                0x000162d8                FreeChain::deserialize(GuiManager&, short)
                0x0001634c                GuiManager::serialize(short)
                0x000164a0                GuiManager::deserialize(short)
 .text._ZN11FileManager10cmd_FWriteEssPhRs
                0x0001655c       0x94 build/ft900/guimgr.o
                0x0001655c                FileManager::cmd_FWrite(short, short, unsigned char*, short&)
 .text._ZN11FileManager9cmd_FGetCEs
                0x000165f0       0x88 build/ft900/guimgr.o
                0x000165f0                FileManager::cmd_FGetC(short)
 .text._ZN11FileManager9cmd_FPutCEss
                0x00016678       0x80 build/ft900/guimgr.o
                0x00016678                FileManager::cmd_FPutC(short, short)
 .text._ZN9EpochDate15cmd_EpochToDateEmRsS0_S0_S0_S0_S0_S0_
                0x000166f8      0x168 build/ft900/guimgr.o
                0x000166f8                EpochDate::cmd_EpochToDate(unsigned long, short&, short&, short&, short&, short&, short&, short&)
 .text._ZN9FreeChain3putEii
                0x00016860      0x11c build/ft900/guimgr.o
                0x00016860                FreeChain::put(int, int)
 .text._ZN10GuiManager7justifyERsS0_ss6just_t
                0x0001697c       0xb4 build/ft900/guimgr.o
                0x0001697c                GuiManager::justify(short&, short&, short, short, just_t)
 .text._ZN10GuiManager9color_rgbEm
                0x00016a30       0x3c build/ft900/guimgr.o
                0x00016a30                GuiManager::color_rgb(unsigned long)
 .text._ZN10GuiManager13bitmap_handleEm
                0x00016a6c       0x44 build/ft900/guimgr.o
                0x00016a6c                GuiManager::bitmap_handle(unsigned long)
 .text._ZN10GuiManager4primEi
                0x00016ab0       0x3c build/ft900/guimgr.o
                0x00016ab0                GuiManager::prim(int)
 .text._ZN10GuiManager10point_sizeEm
                0x00016aec       0x48 build/ft900/guimgr.o
                0x00016aec                GuiManager::point_size(unsigned long)
 .text._ZN10GuiManager10line_widthEm
                0x00016b34       0x40 build/ft900/guimgr.o
                0x00016b34                GuiManager::line_width(unsigned long)
 .text._ZN10GuiManager13center_bitmapEiii
                0x00016b74      0x17c build/ft900/guimgr.o
                0x00016b74                GuiManager::center_bitmap(int, int, int)
 .text._ZN10GuiManager12refill_videoEv
                0x00016cf0       0xe0 build/ft900/guimgr.o
                0x00016cf0                GuiManager::refill_video()
 .text._ZN10GuiManager14cmd_videostartEv
                0x00016dd0       0x58 build/ft900/guimgr.o
                0x00016dd0                GuiManager::cmd_videostart()
 .text._ZN10GuiManager13service_videoEv
                0x00016e28      0x22c build/ft900/guimgr.o
                0x00016e28                GuiManager::service_video()
 .text._ZN10GuiManager11cmd_ScissorEssss
                0x00017054       0xd4 build/ft900/guimgr.o
                0x00017054                GuiManager::cmd_Scissor(short, short, short, short)
 .text._ZN10GuiManager7cmd_TagEs
                0x00017128       0x28 build/ft900/guimgr.o
                0x00017128                GuiManager::cmd_Tag(short)
 .text._ZN10GuiManager13cmd_EnableTagEs
                0x00017150       0x30 build/ft900/guimgr.o
                0x00017150                GuiManager::cmd_EnableTag(short)
 .text._ZN10GuiManager8cmd_LineEssss
                0x00017180       0xb4 build/ft900/guimgr.o
                0x00017180                GuiManager::cmd_Line(short, short, short, short)
 .text._ZN10GuiManager13cmd_CircleExtEssssm6just_tss
                0x00017234      0x218 build/ft900/guimgr.o
                0x00017234                GuiManager::cmd_CircleExt(short, short, short, short, unsigned long, just_t, short, short)
 .text._ZN10GuiManager16cmd_RectangleExtEssssl6just_tss
                0x0001744c      0x134 build/ft900/guimgr.o
                0x0001744c                GuiManager::cmd_RectangleExt(short, short, short, short, long, just_t, short, short)
 .text._ZN10GuiManager15cmd_RectangleXYEssss
                0x00017580       0x68 build/ft900/guimgr.o
                0x00017580                GuiManager::cmd_RectangleXY(short, short, short, short)
 .text._ZN10GuiManager10gram_allocER7Hobjectm
                0x000175e8       0xf0 build/ft900/guimgr.o
                0x000175e8                GuiManager::gram_alloc(Hobject&, unsigned long)
 .text._ZN10GuiManager9gram_freeEP7Hobject
                0x000176d8       0x24 build/ft900/guimgr.o
                0x000176d8                GuiManager::gram_free(Hobject*)
 .text._ZN10GuiManager22cmd_SetBackgroundVideoEPKcs
                0x000176fc      0x210 build/ft900/guimgr.o
                0x000176fc                GuiManager::cmd_SetBackgroundVideo(char const*, short)
 .text._ZN10GuiManager13wheel_sep_C50Eii
                0x0001790c       0x90 build/ft900/guimgr.o
                0x0001790c                GuiManager::wheel_sep_C50(int, int)
 .text._ZN10GuiManager5adpcmEv
                0x0001799c      0x1d0 build/ft900/guimgr.o
                0x0001799c                GuiManager::adpcm()
 .text._ZN10GuiManager12cmd_eve_textEssssPKc
                0x00017b6c       0x6c build/ft900/guimgr.o
                0x00017b6c                GuiManager::cmd_eve_text(short, short, short, short, char const*)
 .text._ZN10GuiManager14cmd_eve_buttonEssssssPKc
                0x00017bd8       0x8c build/ft900/guimgr.o
                0x00017bd8                GuiManager::cmd_eve_button(short, short, short, short, short, short, char const*)
 .text._ZN10GuiManager16widget_title_C50EPKc
                0x00017c64       0xe4 build/ft900/guimgr.o
                0x00017c64                GuiManager::widget_title_C50(char const*)
 .text._ZN10GuiManager12widget_titleEPKc
                0x00017d48       0xe4 build/ft900/guimgr.o
                0x00017d48                GuiManager::widget_title(char const*)
 .text._ZN10GuiManager23widget_title_C50_linearEPKc
                0x00017e2c       0xe4 build/ft900/guimgr.o
                0x00017e2c                GuiManager::widget_title_C50_linear(char const*)
 .text._ZN10GuiManager23widget_title_C50_centreEPKc
                0x00017f10       0xe4 build/ft900/guimgr.o
                0x00017f10                GuiManager::widget_title_C50_centre(char const*)
 .text._ZN10GuiManager13cmd_StringExtEsssm6just_tssPKc
                0x00017ff4      0x19c build/ft900/guimgr.o
                0x00017ff4                GuiManager::cmd_StringExt(short, short, short, unsigned long, just_t, short, short, char const*)
 .text._ZN10GuiManager13cmd_BitmapExtEsssm6just_tss
                0x00018190      0x3e8 build/ft900/guimgr.o
                0x00018190                GuiManager::cmd_BitmapExt(short, short, short, unsigned long, just_t, short, short)
 .text._ZN10GuiManager4idleEv
                0x00018578      0x2b8 build/ft900/guimgr.o
                0x00018578                GuiManager::idle()
 .text._ZN5wheel4moveEv
                0x00018830       0xb0 build/ft900/guimgr.o
                0x00018830                wheel::move()
 .text._ZN5wheel5truncEi
                0x000188e0       0x38 build/ft900/guimgr.o
                0x000188e0                wheel::trunc(int)
 .text._ZN5wheel5touchEss
                0x00018918       0xa8 build/ft900/guimgr.o
                0x00018918                wheel::touch(short, short)
 .text          0x000189c0     0x15f0 build/ft900/main.o
                0x00018b68                ft_millis_ticker
                0x00018c8c                hex8
                0x00018c90                assert_func
                0x00018ca0                gui_moduleid
                0x00018cb8                init_uart()
                0x00018ce0                spis_reset_fifos()
                0x00018d04                spis_reset_rx_fifo()
                0x00018d24                direct_init()
                0x00019044                init_fatfs
                0x00019148                Ft_Gpu_Hal_WrMem
                0x000191bc                Ft_Gpu_Hal_Wr8
                0x000191d4                Ft_Gpu_Hal_Wr16
                0x00019254                Ft_Gpu_Hal_Wr32
                0x0001926c                Ft_Gpu_Hal_RdMem
                0x000192ec                Ft_Gpu_Hal_Rd8
                0x00019308                Ft_Gpu_Hal_Rd16
                0x00019324                Ft_Gpu_Hal_Rd32
                0x0001935c                get_calibration(unsigned long*)
                0x000193c8                FT81X_finish
                0x000193f0                FT81x_touch_duration
                0x00019464                FT81x_touch
                0x000194d8                find_space()
                0x000194f0                Ft_Gpu_Cmdfifo_Freespace
                0x0001950c                Ft_Gpu_Hal_CheckCmdBufferWait
                0x00019548                Ft_Gpu_Hal_WrCmdBuf
                0x0001960c                direct_sendn(unsigned char const*, int)
                0x00019624                Ft_Gpu_Hal_WrCmd32
                0x00019660                direct_send32(unsigned long)
                0x00019674                Ft_Gpu_Hal_Dec2Ascii
                0x00019730                Ft_Gpu_Hal_Sleep
                0x0001973c                ft_millis_init
                0x00019798                gui_restore
                0x000197e4                ft_millis
                0x000197ec                ft_millis_exit
                0x00019804                Ft_Fifo_Init
                0x0001982c                Ft_Fifo_Update(_transport*, Ft_Fifo_t*)
                0x00019858                Ft_Fifo_GetFreeSpace
                0x000198d0                Ft_Fifo_Write
                0x000199c8                dfu_show_progress
                0x00019a60                camled_control
                0x00019a94                enable_speaker
                0x00019aac                disable_speaker
                0x00019b1c                gui_preserve
                0x00019b80                nero_comm()
                0x00019fa8                getCleOInstance()
 .text._ZN11FileManager8cmd_FEOFEs
                0x00019fb0       0x70 build/ft900/main.o
                0x00019fb0                FileManager::cmd_FEOF(short)
 .text._ZN11FileManager9cmd_FGetSEsPhi
                0x0001a020       0x88 build/ft900/main.o
                0x0001a020                FileManager::cmd_FGetS(short, unsigned char*, int)
 .text._ZN11FileManager9cmd_FPutSEsPKc
                0x0001a0a8       0x80 build/ft900/main.o
                0x0001a0a8                FileManager::cmd_FPutS(short, char const*)
 .text._ZN11FileManager9cmd_FStatEPKcPc
                0x0001a128       0xe8 build/ft900/main.o
                0x0001a128                FileManager::cmd_FStat(char const*, char*)
 .text._ZN11FileManager12cmd_FOpenDirEPKc
                0x0001a210      0x14c build/ft900/main.o
                0x0001a210                FileManager::cmd_FOpenDir(char const*)
 .text._ZN11FileManager12cmd_FReadDirEsPhs
                0x0001a35c      0x144 build/ft900/main.o
                0x0001a35c                FileManager::cmd_FReadDir(short, unsigned char*, short)
 .text._ZN10GuiManager5polarERsS0_ss
                0x0001a4a0       0x80 build/ft900/main.o
                0x0001a4a0                GuiManager::polar(short&, short&, short, short)
 .text._ZN10GuiManager7_needleEssssm
                0x0001a520      0x2d0 build/ft900/main.o
                0x0001a520                GuiManager::_needle(short, short, short, short, unsigned long)
 .text._ZN10GuiManager12cmd_PointExtEsssmss
                0x0001a7f0       0x9c build/ft900/main.o
                0x0001a7f0                GuiManager::cmd_PointExt(short, short, short, unsigned long, short, short)
 .text._ZN10GuiManager10bluescreenEi
                0x0001a88c      0x1c4 build/ft900/main.o
                0x0001a88c                GuiManager::bluescreen(int)
 .text._ZN10GuiManager22cmd_SetBackgroundImageEss
                0x0001aa50       0xa4 build/ft900/main.o
                0x0001aa50                GuiManager::cmd_SetBackgroundImage(short, short)
 .text._ZN10GuiManager10cmd_SketchEssss
                0x0001aaf4      0x1c0 build/ft900/main.o
                0x0001aaf4                GuiManager::cmd_Sketch(short, short, short, short)
 .text._ZN10GuiManager8showlogoEv
                0x0001acb4      0x2e4 build/ft900/main.o
                0x0001acb4                GuiManager::showlogo()
 .text._ZN10GuiManager12cmd_LoadFontEPKc
                0x0001af98      0x168 build/ft900/main.o
                0x0001af98                GuiManager::cmd_LoadFont(char const*)
 .text._ZN10GuiManager12cmd_SoundVolEs
                0x0001b100       0x40 build/ft900/main.o
                0x0001b100                GuiManager::cmd_SoundVol(short)
 .text._ZN11CleODecoder17Boot_UpdateEflashEv
                0x0001b140      0x170 build/ft900/main.o
                0x0001b140                CleODecoder::Boot_UpdateEflash()
 .text._ZN11CleODecoder5beginEv
                0x0001b2b0      0x13c build/ft900/main.o
                0x0001b2b0                CleODecoder::begin()
 .text._ZN10GuiManager18setup_progress_barEPKc
                0x0001b3ec      0x27c build/ft900/main.o
                0x0001b3ec                GuiManager::setup_progress_bar(char const*)
 .text._ZN10GuiManager24cmd_InternalEFlashUpdateEss
                0x0001b668      0x154 build/ft900/main.o
                0x0001b668                GuiManager::cmd_InternalEFlashUpdate(short, short)
 .text._ZN10GuiManager15cmd_CalibrationEv
                0x0001b7bc      0x120 build/ft900/main.o
                0x0001b7bc                GuiManager::cmd_Calibration()
 .text._ZN11MusicPlayer10end_MaudioEP10_transport
                0x0001b8dc       0x70 build/ft900/main.o
                0x0001b8dc                MusicPlayer::end_Maudio(_transport*)
 .text._ZN10GuiManager13cmd_SoundPlayEs
                0x0001b94c       0xb0 build/ft900/main.o
                0x0001b94c                GuiManager::cmd_SoundPlay(short)
 .text._ZN11CleODecoder6decodeEPhS0_j
                0x0001b9fc     0x4498 build/ft900/main.o
                0x0001b9fc                CleODecoder::decode(unsigned char*, unsigned char*, unsigned int)
 .text.startup  0x0001fe94      0x318 build/ft900/main.o
                0x0001fe94                main
 .text          0x000201ac     0x1b1c build/ft900/ftfs.o
                0x00020ac4                remove_ending_separator(char*)
                0x00020b6c                trim_leaf_hierarchy(char*)
                0x00020ba4                ftfs_init()
                0x00020cb8                ftfs_open(Hfile*, char const*, int)
                0x00020ee8                ftfs_close(Hfile*)
                0x00020f80                ftfs_eof(Hfile*)
                0x00020fc4                ftfs_tell(Hfile*)
                0x00020ff8                ftfs_size(Hfile*)
                0x00021028                ftfs_getc(Hfile*)
                0x000210b4                ftfs_putc(Hfile*, char)
                0x00021150                ftfs_seek(Hfile*, unsigned long)
                0x00021218                ftfs_read(Hfile*, unsigned char*, short, short&)
                0x00021358                ftfs_write(Hfile*, unsigned char const*, short, short&)
                0x0002149c                ftfs_puts(Hfile*, unsigned char*, short)
                0x00021508                ftfs_gets(Hfile*, unsigned char*, short)
                0x00021604                ftfs_mkdir(char*)
                0x000217c0                ftfs_unlink(char*)
                0x0002190c                ftfs_rename(char*, char*)
                0x00021ac8                ftfs_fstat(char*, char*)
                0x00021b50                ftfs_opendir(Hfile*, char const*)
                0x00021bd4                ftfs_closedir(Hfile*)
                0x00021c00                ftfs_readdir(Hfile*, item_info_t*)
 .text          0x00021cc8      0x588 build/ft900/eflash.o
                0x00021e98                EF_ERASE(unsigned long)
                0x00021ed4                EF_WIPE(unsigned long)
                0x00021f10                EF_WRITE(unsigned char const*, unsigned long)
                0x00021f64                EF_READ(unsigned char*, unsigned long)
                0x00021fa8                EF_READ_BLOCK(unsigned char*, unsigned short)
                0x00021fe4                EF_WRITE_BLOCK(unsigned char*, unsigned short)
                0x00022020                EF_INIT()
 .text          0x00022250      0xa30 build/ft900/FT_ILI9488.o
                0x00022250                ILI9488_SPI_WriteCmd
                0x00022398                ILI9488_SPI_WriteCmdN
                0x000224f0                ILI9488_SPI_Read
                0x00022638                ILI9488_SPI_ReadN
                0x000227b0                ILI9488_SPI_ReadRDDID
                0x000228e8                ILI9488_SPI_ReadRDDST
                0x00022a38                ILI9488_Bootup
 .text          0x00022c80      0x364 build/ft900/pngout.o
                0x00022de0                pngout_start
                0x00022eb4                pngout_rgb
 .text          0x00022fe4      0x940 build/ft900/apiname.o
                0x00022fe4                apiname
 .text          0x00023924       0xb8 build/ft900/sincos.o
                0x00023924                isin(short)
                0x000239c0                icos(short)
 .text          0x000239dc     0x105c build/ft900/FT_CoPro_Cmds.o
                0x000239dc                Ft_Gpu_Copro_SendCmd
                0x000239f0                Ft_Gpu_CoCmd_SetBitmap
                0x00023a40                Ft_Gpu_CoCmd_SetScratch
                0x00023a68                Ft_Gpu_CoCmd_Number
                0x00023ac8                Ft_Gpu_CoCmd_LoadIdentity
                0x00023ad8                Ft_Gpu_CoCmd_Gauge
                0x00023b58                Ft_Gpu_CoCmd_RegRead
                0x00023b8c                Ft_Gpu_CoCmd_VideoStart
                0x00023b9c                Ft_Gpu_CoCmd_GetProps
                0x00023be4                Ft_Gpu_CoCmd_Memcpy
                0x00023c2c                Ft_Gpu_CoCmd_Spinner
                0x00023c78                Ft_Gpu_CoCmd_BgColor
                0x00023ca0                Ft_Gpu_CoCmd_Swap
                0x00023cb0                Ft_Gpu_CoCmd_Inflate
                0x00023cd8                Ft_Gpu_CoCmd_Translate
                0x00023d10                Ft_Gpu_CoCmd_Stop
                0x00023d20                Ft_Gpu_CoCmd_SetBase
                0x00023d48                Ft_Gpu_CoCmd_Slider
                0x00023dc0                Ft_Gpu_CoCmd_VideoFrame
                0x00023df8                Ft_Gpu_CoCmd_TouchTransform
                0x00023ec4                Ft_Gpu_CoCmd_Interrupt
                0x00023eec                Ft_Gpu_CoCmd_FgColor
                0x00023f14                Ft_Gpu_CoCmd_Rotate
                0x00023f3c                Ft_Gpu_CoCmd_MemWrite
                0x00023f74                Ft_Gpu_CoCmd_Scrollbar
                0x00023ff4                Ft_Gpu_CoCmd_GetMatrix
                0x00024068                Ft_Gpu_CoCmd_Sketch
                0x000240d4                Ft_Gpu_CoCmd_RomFont
                0x0002410c                Ft_Gpu_CoCmd_PlayVideo
                0x00024134                Ft_Gpu_CoCmd_MemSet
                0x0002417c                Ft_Gpu_CoCmd_GradColor
                0x000241a4                Ft_Gpu_CoCmd_Sync
                0x000241b4                Ft_Gpu_CoCmd_BitmapTransform
                0x00024280                Ft_Gpu_CoCmd_Calibrate
                0x000242ac                Ft_Gpu_CoCmd_SetFont
                0x000242e4                Ft_Gpu_CoCmd_Logo
                0x000242f4                Ft_Gpu_CoCmd_Append
                0x0002432c                Ft_Gpu_CoCmd_MemZero
                0x00024364                Ft_Gpu_CoCmd_Scale
                0x0002439c                Ft_Gpu_CoCmd_Clock
                0x0002441c                Ft_Gpu_CoCmd_Gradient
                0x00024488                Ft_Gpu_CoCmd_SetMatrix
                0x00024498                Ft_Gpu_CoCmd_Track
                0x000244f8                Ft_Gpu_CoCmd_Int_RAMShared
                0x00024520                Ft_Gpu_CoCmd_Int_SWLoadImage
                0x00024558                Ft_Gpu_CoCmd_GetPtr
                0x00024580                Ft_Gpu_CoCmd_Progress
                0x000245f8                Ft_Gpu_CoCmd_ColdStart
                0x00024608                Ft_Gpu_CoCmd_MediaFifo
                0x00024640                Ft_Gpu_CoCmd_Dial
                0x000246a0                Ft_Gpu_CoCmd_Snapshot2
                0x00024714                Ft_Gpu_CoCmd_LoadImage
                0x0002474c                Ft_Gpu_CoCmd_SetFont2
                0x00024794                Ft_Gpu_CoCmd_SetRotate
                0x000247bc                Ft_Gpu_CoCmd_Dlstart
                0x000247cc                Ft_Gpu_CoCmd_Snapshot
                0x000247f4                Ft_Gpu_CoCmd_ScreenSaver
                0x00024804                Ft_Gpu_CoCmd_MemCrc
                0x0002484c                Ft_Gpu_CoCmd_SendStr
                0x0002486c                Ft_Gpu_CoCmd_Text
                0x000248cc                Ft_Gpu_CoCmd_Toggle
                0x00024940                Ft_Gpu_CoCmd_Button
                0x000249b8                Ft_Gpu_CoCmd_Keys
                0x00024a30                Ft_Gpu_CoCmd_StartFunc
                0x00024a34                Ft_Gpu_CoCmd_EndFunc
 .text          0x00024a38     0x3bfc build/ft900/ff.o
                0x00025480                clust2sect
                0x000254b0                get_fat
                0x00025710                put_fat
                0x00026944                f_mount
                0x000269dc                f_open
                0x00026c38                f_read
                0x00026eb8                f_write
                0x0002723c                f_sync
                0x0002734c                f_close
                0x00027378                f_lseek
                0x000275c4                f_opendir
                0x00027694                f_closedir
                0x000276b0                f_readdir
                0x00027750                f_stat
                0x000277d8                f_getfree
                0x00027960                f_truncate
                0x00027a90                f_unlink
                0x00027b98                f_mkdir
                0x00027e1c                f_chmod
                0x00027eac                f_rename
                0x00028080                f_utime
                0x00028110                f_gets
                0x000281a0                f_putc
                0x00028208                f_puts
                0x00028288                f_printf
 .text          0x00028634       0xac build/ft900/unicode.o
                0x00028634                ff_convert
                0x000286a0                ff_wtoupper
 .text          0x000286e0      0x39c build/ft900/diskio.o
                0x000286e0                disk_initialize
                0x00028704                disk_status
                0x0002872c                disk_read
                0x000287c4                disk_write
                0x00028850                disk_ioctl
                0x00028a74                get_fattime
 .text          0x00028a7c      0x584 build/ft900/dfu.o
                0x00028a7c                resume_cb
                0x00028a80                ISR_timer
                0x00028a9c                standard_req_get_descriptor
                0x00028be4                vendor_req_cb
                0x00028c90                reset_cb
                0x00028ca4                ISR_reboot_timer
                0x00028cc0                suspend_cb
                0x00028cc4                ep_cb
                0x00028cc8                runtime
                0x00028cdc                dfu_start_detach_timer
                0x00028d38                dfu_stop_detach_timer
                0x00028d48                class_req_cb
                0x00028edc                dfu_init
                0x00028f40                cleo_reboot
                0x00028f9c                dfu_process
 .text          0x00029000      0x3c4 build/ft900/heap_4.o
                0x00029078                pvPortMalloc
                0x00029208                vPortFree
                0x0002929c                xPortGetFreeHeapSize
                0x000292a4                xPortGetMinimumEverFreeHeapSize
                0x000292ac                vPortInitialiseBlocks
                0x000292b0                vPortCalloc
                0x000292dc                _malloc_r
                0x000292ec                _free_r
                0x000292fc                _realloc_r
                0x000293b0                _calloc_r
 .text          0x000293c4      0x32c build/ft900/bridges/bridge.o
                0x000293c4                bridge_init()
                0x000293e4                cmd_DeviceOpen(unsigned char, unsigned char, unsigned short, unsigned char*)
                0x00029464                cmd_DeviceWrite(short, unsigned short, unsigned char*, short&)
                0x00029528                cmd_DeviceRead(short, unsigned short, unsigned short, unsigned char*, unsigned char*)
                0x00029650                cmd_DeviceClose(short)
 .text          0x000296f0      0x9ec build/ft900/bridges/bridge_spi.o
                0x00029a20                BR_SPIM_init
                0x00029a8c                BR_SPIM_lock
                0x00029b08                BR_SPIM_unlock
                0x00029b14                find_nxt
                0x00029b4c                BR_SPIM_open
                0x00029d58                BR_SPIM_read
                0x00029e48                BR_SPIM_write
                0x00029f30                BR_SPIM_xchange
                0x0002a024                BR_SPIM_IOCTL
                0x0002a094                BR_SPIM_close
 .text          0x0002a0dc      0x5f0 build/ft900/bridges/bridge_i2c.o
                0x0002a200                BR_I2CM_init
                0x0002a210                BR_I2CM_open
                0x0002a348                BR_I2CM_read
                0x0002a4e4                BR_I2CM_write
                0x0002a604                BR_I2CM_IOCTL
                0x0002a680                BR_I2CM_close
 .text          0x0002a6cc      0x400 build/ft900/bridges/bridge_gpio.o
                0x0002a828                BR_GPIO_init
                0x0002a844                BR_GPIO_open
                0x0002a8c4                BR_GPIO_read
                0x0002a97c                BR_GPIO_write
                0x0002aa28                BR_GPIO_IOCTL
                0x0002aa80                BR_GPIO_close
 .text          0x0002aacc      0x6c0 build/ft900/bridges/bridge_uart.o
                0x0002ad8c                BR_UART_init
                0x0002adb0                BR_UART_open
                0x0002ae90                UART_preserve
                0x0002aeac                UART_restore
                0x0002aed0                BR_UART_read
                0x0002b028                BR_UART_write
                0x0002b0a0                BR_UART_IOCTL
                0x0002b14c                BR_UART_close
 .text          0x0002b18c      0x254 build/ft900/bridges/bridge_adc.o
                0x0002b18c                GetID
                0x0002b19c                BR_ADC_init
                0x0002b1b4                BR_ADC_open
                0x0002b27c                BR_ADC_read
                0x0002b360                BR_ADC_IOCTL
                0x0002b394                BR_ADC_close
 .text          0x0002b3e0      0x4c8 build/ft900/bridges/bridge_pwm.o
                0x0002b6a4                BR_PWM_init
                0x0002b6d0                BR_PWM_open
                0x0002b7c4                BR_PWM_close
                0x0002b824                BR_PWM_IOCTL
 .text.adc_mode
                0x0002b8a8       0x54 CleOSource/FT900Libraries/initial/ft900/lib/Release\libft900.a(adc.o)
                0x0002b8a8                adc_mode
 .text.adc_stop
                0x0002b8fc       0x44 CleOSource/FT900Libraries/initial/ft900/lib/Release\libft900.a(adc.o)
                0x0002b8fc                adc_stop
 .text.adc_read
                0x0002b940       0x1c CleOSource/FT900Libraries/initial/ft900/lib/Release\libft900.a(adc.o)
                0x0002b940                adc_read
 .text.cam_init
                0x0002b95c      0x120 CleOSource/FT900Libraries/initial/ft900/lib/Release\libft900.a(cam.o)
                0x0002b95c                cam_init
 .text.cam_start
                0x0002ba7c       0x40 CleOSource/FT900Libraries/initial/ft900/lib/Release\libft900.a(cam.o)
                0x0002ba7c                cam_start
 .text.cam_stop
                0x0002babc       0x20 CleOSource/FT900Libraries/initial/ft900/lib/Release\libft900.a(cam.o)
                0x0002babc                cam_stop
 .text.cam_set_threshold
                0x0002badc       0x4c CleOSource/FT900Libraries/initial/ft900/lib/Release\libft900.a(cam.o)
                0x0002badc                cam_set_threshold
 .text.cam_available
                0x0002bb28       0x18 CleOSource/FT900Libraries/initial/ft900/lib/Release\libft900.a(cam.o)
                0x0002bb28                cam_available
 .text.cam_enable_interrupt
                0x0002bb40       0x1c CleOSource/FT900Libraries/initial/ft900/lib/Release\libft900.a(cam.o)
                0x0002bb40                cam_enable_interrupt
 .text.cam_disable_interrupt
                0x0002bb5c       0x1c CleOSource/FT900Libraries/initial/ft900/lib/Release\libft900.a(cam.o)
                0x0002bb5c                cam_disable_interrupt
 .text.delayus  0x0002bb78       0x3c CleOSource/FT900Libraries/initial/ft900/lib/Release\libft900.a(delay.o)
                0x0002bb78                delayus
 .text.delayms  0x0002bbb4       0x50 CleOSource/FT900Libraries/initial/ft900/lib/Release\libft900.a(delay.o)
                0x0002bbb4                delayms
 .text.gpio_dir
                0x0002bc04       0xc0 CleOSource/FT900Libraries/initial/ft900/lib/Release\libft900.a(gpio.o)
                0x0002bc04                gpio_dir
 .text.gpio_pull
                0x0002bcc4       0xd8 CleOSource/FT900Libraries/initial/ft900/lib/Release\libft900.a(gpio.o)
                0x0002bcc4                gpio_pull
 .text.gpio_idrive
                0x0002bd9c       0xd8 CleOSource/FT900Libraries/initial/ft900/lib/Release\libft900.a(gpio.o)
                0x0002bd9c                gpio_idrive
 .text.gpio_function
                0x0002be74       0xd8 CleOSource/FT900Libraries/initial/ft900/lib/Release\libft900.a(gpio.o)
                0x0002be74                gpio_function
 .text.gpio_write
                0x0002bf4c       0xbc CleOSource/FT900Libraries/initial/ft900/lib/Release\libft900.a(gpio.o)
                0x0002bf4c                gpio_write
 .text.gpio_read
                0x0002c008       0xb0 CleOSource/FT900Libraries/initial/ft900/lib/Release\libft900.a(gpio.o)
                0x0002c008                gpio_read
 .text.gpio_interrupt_enable
                0x0002c0b8      0x154 CleOSource/FT900Libraries/initial/ft900/lib/Release\libft900.a(gpio.o)
                0x0002c0b8                gpio_interrupt_enable
 .text.gpio_interrupt_disable
                0x0002c20c      0x130 CleOSource/FT900Libraries/initial/ft900/lib/Release\libft900.a(gpio.o)
                0x0002c20c                gpio_interrupt_disable
 .text.gpio_is_interrupted
                0x0002c33c       0x88 CleOSource/FT900Libraries/initial/ft900/lib/Release\libft900.a(gpio.o)
                0x0002c33c                gpio_is_interrupted
 .text.i2cm_init
                0x0002c3c4       0xe4 CleOSource/FT900Libraries/initial/ft900/lib/Release\libft900.a(i2cm.o)
                0x0002c3c4                i2cm_init
 .text.interrupt_attach
                0x0002c4a8      0x518 CleOSource/FT900Libraries/initial/ft900/lib/Release\libft900.a(interrupt.o)
                0x0002c4a8                interrupt_attach
 .text.interrupt_detach
                0x0002c9c0      0x2fc CleOSource/FT900Libraries/initial/ft900/lib/Release\libft900.a(interrupt.o)
                0x0002c9c0                interrupt_detach
 .text.get_debugger
                0x0002ccbc       0x38 CleOSource/FT900Libraries/initial/ft900/lib/Release\libft900.a(memctl.o)
 .text.release_debugger
                0x0002ccf4       0x14 CleOSource/FT900Libraries/initial/ft900/lib/Release\libft900.a(memctl.o)
 .text.dbg_memory_copy
                0x0002cd08      0x274 CleOSource/FT900Libraries/initial/ft900/lib/Release\libft900.a(memctl.o)
                0x0002cd08                dbg_memory_copy
 .text.memcpy_flash2dat
                0x0002cf7c       0x20 CleOSource/FT900Libraries/initial/ft900/lib/Release\libft900.a(memctl.o)
                0x0002cf7c                memcpy_flash2dat
 .text.memcpy_dat2flash
                0x0002cf9c       0x20 CleOSource/FT900Libraries/initial/ft900/lib/Release\libft900.a(memctl.o)
                0x0002cf9c                memcpy_dat2flash
 .text.flash_sector_erase
                0x0002cfbc       0x30 CleOSource/FT900Libraries/initial/ft900/lib/Release\libft900.a(memctl.o)
                0x0002cfbc                flash_sector_erase
 .text.chip_reboot
                0x0002cfec       0x20 CleOSource/FT900Libraries/initial/ft900/lib/Release\libft900.a(memctl.o)
                0x0002cfec                chip_reboot
 .text.flash_revert
                0x0002d00c       0x8c CleOSource/FT900Libraries/initial/ft900/lib/Release\libft900.a(memctl.o)
                0x0002d00c                flash_revert
 .text.pwm_init
                0x0002d098       0x28 CleOSource/FT900Libraries/initial/ft900/lib/Release\libft900.a(pwm.o)
                0x0002d098                pwm_init
 .text.pwm_enable
                0x0002d0c0       0x20 CleOSource/FT900Libraries/initial/ft900/lib/Release\libft900.a(pwm.o)
                0x0002d0c0                pwm_enable
 .text.pwm_disable
                0x0002d0e0       0x1c CleOSource/FT900Libraries/initial/ft900/lib/Release\libft900.a(pwm.o)
                0x0002d0e0                pwm_disable
 .text.pwm_levels
                0x0002d0fc       0xb0 CleOSource/FT900Libraries/initial/ft900/lib/Release\libft900.a(pwm.o)
                0x0002d0fc                pwm_levels
 .text.pwm_compare
                0x0002d1ac      0x108 CleOSource/FT900Libraries/initial/ft900/lib/Release\libft900.a(pwm.o)
                0x0002d1ac                pwm_compare
 .text.pwm_add_toggle
                0x0002d2b4      0x160 CleOSource/FT900Libraries/initial/ft900/lib/Release\libft900.a(pwm.o)
                0x0002d2b4                pwm_add_toggle
 .text.sdhost_error_recovery
                0x0002d414      0x17c CleOSource/FT900Libraries/initial/ft900/lib/Release\libft900.a(sdhost.o)
 .text.sdhost_send_command.constprop.1
                0x0002d590      0x350 CleOSource/FT900Libraries/initial/ft900/lib/Release\libft900.a(sdhost.o)
 .text.sdhost_get_context
                0x0002d8e0       0x28 CleOSource/FT900Libraries/initial/ft900/lib/Release\libft900.a(sdhost.o)
                0x0002d8e0                sdhost_get_context
 .text.sdhost_init
                0x0002d908      0x320 CleOSource/FT900Libraries/initial/ft900/lib/Release\libft900.a(sdhost.o)
                0x0002d908                sdhost_init
 .text.sdhost_card_detect
                0x0002dc28       0x58 CleOSource/FT900Libraries/initial/ft900/lib/Release\libft900.a(sdhost.o)
                0x0002dc28                sdhost_card_detect
 .text.sdhost_transfer_data
                0x0002dc80      0x6f4 CleOSource/FT900Libraries/initial/ft900/lib/Release\libft900.a(sdhost.o)
                0x0002dc80                sdhost_transfer_data
 .text.sdhost_card_init
                0x0002e374      0x5c0 CleOSource/FT900Libraries/initial/ft900/lib/Release\libft900.a(sdhost.o)
                0x0002e374                sdhost_card_init
 .text.sdhost_get_card_status_reg
                0x0002e934      0x160 CleOSource/FT900Libraries/initial/ft900/lib/Release\libft900.a(sdhost.o)
                0x0002e934                sdhost_get_card_status_reg
 .text.spi_init
                0x0002ea94      0x270 CleOSource/FT900Libraries/initial/ft900/lib/Release\libft900.a(spi.o)
                0x0002ea94                spi_init
 .text.spi_open
                0x0002ed04       0x7c CleOSource/FT900Libraries/initial/ft900/lib/Release\libft900.a(spi.o)
                0x0002ed04                spi_open
 .text.spi_close
                0x0002ed80       0x6c CleOSource/FT900Libraries/initial/ft900/lib/Release\libft900.a(spi.o)
                0x0002ed80                spi_close
 .text.spi_writen
                0x0002edec       0xf4 CleOSource/FT900Libraries/initial/ft900/lib/Release\libft900.a(spi.o)
                0x0002edec                spi_writen
 .text.spi_readn
                0x0002eee0      0x100 CleOSource/FT900Libraries/initial/ft900/lib/Release\libft900.a(spi.o)
                0x0002eee0                spi_readn
 .text.spi_option
                0x0002efe0      0x3a0 CleOSource/FT900Libraries/initial/ft900/lib/Release\libft900.a(spi.o)
                0x0002efe0                spi_option
 .text.sys_enable
                0x0002f380      0x2f4 CleOSource/FT900Libraries/initial/ft900/lib/Release\libft900.a(sys.o)
                0x0002f380                sys_enable
 .text.sys_disable
                0x0002f674      0x2c0 CleOSource/FT900Libraries/initial/ft900/lib/Release\libft900.a(sys.o)
                0x0002f674                sys_disable
 .text.sys_get_cpu_clock
                0x0002f934       0x34 CleOSource/FT900Libraries/initial/ft900/lib/Release\libft900.a(sys.o)
                0x0002f934                sys_get_cpu_clock
 .text.sys_i2c_swop
                0x0002f968       0x38 CleOSource/FT900Libraries/initial/ft900/lib/Release\libft900.a(sys.o)
                0x0002f968                sys_i2c_swop
 .text.timer_init
                0x0002f9a0      0x2c4 CleOSource/FT900Libraries/initial/ft900/lib/Release\libft900.a(timers.o)
                0x0002f9a0                timer_init
 .text.timer_prescaler
                0x0002fc64       0x30 CleOSource/FT900Libraries/initial/ft900/lib/Release\libft900.a(timers.o)
                0x0002fc64                timer_prescaler
 .text.timer_start
                0x0002fc94       0xb0 CleOSource/FT900Libraries/initial/ft900/lib/Release\libft900.a(timers.o)
                0x0002fc94                timer_start
 .text.timer_stop
                0x0002fd44       0xac CleOSource/FT900Libraries/initial/ft900/lib/Release\libft900.a(timers.o)
                0x0002fd44                timer_stop
 .text.timer_enable_interrupt
                0x0002fdf0       0xac CleOSource/FT900Libraries/initial/ft900/lib/Release\libft900.a(timers.o)
                0x0002fdf0                timer_enable_interrupt
 .text.timer_disable_interrupt
                0x0002fe9c       0xa0 CleOSource/FT900Libraries/initial/ft900/lib/Release\libft900.a(timers.o)
                0x0002fe9c                timer_disable_interrupt
 .text.timer_is_interrupted
                0x0002ff3c       0xd8 CleOSource/FT900Libraries/initial/ft900/lib/Release\libft900.a(timers.o)
                0x0002ff3c                timer_is_interrupted
 .text.ISR_usbd
                0x00030014      0x204 CleOSource/FT900Libraries/initial/ft900/lib/Release\libft900.a(usbd.o)
                0x00030014                ISR_usbd
 .text.usbd_hw_disable
                0x00030218       0x88 CleOSource/FT900Libraries/initial/ft900/lib/Release\libft900.a(usbd.o)
 .text.usbd_hw_enable
                0x000302a0       0xf4 CleOSource/FT900Libraries/initial/ft900/lib/Release\libft900.a(usbd.o)
 .text.USBD_transfer_ep0.part.4
                0x00030394      0x1f0 CleOSource/FT900Libraries/initial/ft900/lib/Release\libft900.a(usbd.o)
 .text.USBD_req_set_configuration
                0x00030584       0xa0 CleOSource/FT900Libraries/initial/ft900/lib/Release\libft900.a(usbd.o)
                0x00030584                USBD_req_set_configuration
 .text.USBD_req_get_configuration
                0x00030624       0x5c CleOSource/FT900Libraries/initial/ft900/lib/Release\libft900.a(usbd.o)
                0x00030624                USBD_req_get_configuration
 .text.USBD_create_endpoint
                0x00030680      0x1f8 CleOSource/FT900Libraries/initial/ft900/lib/Release\libft900.a(usbd.o)
                0x00030680                USBD_create_endpoint
 .text.usbd_restore_endpoints
                0x00030878       0x6c CleOSource/FT900Libraries/initial/ft900/lib/Release\libft900.a(usbd.o)
 .text.USBD_detach
                0x000308e4       0x1c CleOSource/FT900Libraries/initial/ft900/lib/Release\libft900.a(usbd.o)
                0x000308e4                USBD_detach
 .text.USBD_attach
                0x00030900       0x14 CleOSource/FT900Libraries/initial/ft900/lib/Release\libft900.a(usbd.o)
                0x00030900                USBD_attach
 .text.USBD_finalise
                0x00030914       0x30 CleOSource/FT900Libraries/initial/ft900/lib/Release\libft900.a(usbd.o)
                0x00030914                USBD_finalise
 .text.USBD_initialise
                0x00030944      0x138 CleOSource/FT900Libraries/initial/ft900/lib/Release\libft900.a(usbd.o)
                0x00030944                USBD_initialise
 .text.USBD_connect
                0x00030a7c       0xfc CleOSource/FT900Libraries/initial/ft900/lib/Release\libft900.a(usbd.o)
                0x00030a7c                USBD_connect
 .text.USBD_set_state
                0x00030b78       0x10 CleOSource/FT900Libraries/initial/ft900/lib/Release\libft900.a(usbd.o)
                0x00030b78                USBD_set_state
 .text.USBD_set_test_mode
                0x00030b88      0x124 CleOSource/FT900Libraries/initial/ft900/lib/Release\libft900.a(usbd.o)
                0x00030b88                USBD_set_test_mode
 .text.USBD_clear_endpoint
                0x00030cac       0x80 CleOSource/FT900Libraries/initial/ft900/lib/Release\libft900.a(usbd.o)
                0x00030cac                USBD_clear_endpoint
 .text.USBD_stall_endpoint
                0x00030d2c      0x13c CleOSource/FT900Libraries/initial/ft900/lib/Release\libft900.a(usbd.o)
                0x00030d2c                USBD_stall_endpoint
 .text.USBD_req_set_address
                0x00030e68       0xf0 CleOSource/FT900Libraries/initial/ft900/lib/Release\libft900.a(usbd.o)
                0x00030e68                USBD_req_set_address
 .text.USBD_process
                0x00030f58      0x914 CleOSource/FT900Libraries/initial/ft900/lib/Release\libft900.a(usbd.o)
                0x00030f58                USBD_process
 .text.USBD_transfer_ep0
                0x0003186c       0x28 CleOSource/FT900Libraries/initial/ft900/lib/Release\libft900.a(usbd.o)
                0x0003186c                USBD_transfer_ep0
 .text.USBD_DFU_is_runtime
                0x00031894       0x20 CleOSource/FT900Libraries/initial/ft900/lib/Release\libft900.a(usbd_dfu.o)
                0x00031894                USBD_DFU_is_runtime
 .text.USBD_DFU_class_req_detach
                0x000318b4       0x74 CleOSource/FT900Libraries/initial/ft900/lib/Release\libft900.a(usbd_dfu.o)
                0x000318b4                USBD_DFU_class_req_detach
 .text.USBD_DFU_class_req_download
                0x00031928      0x2ac CleOSource/FT900Libraries/initial/ft900/lib/Release\libft900.a(usbd_dfu.o)
                0x00031928                USBD_DFU_class_req_download
 .text.USBD_DFU_class_req_upload
                0x00031bd4      0x1cc CleOSource/FT900Libraries/initial/ft900/lib/Release\libft900.a(usbd_dfu.o)
                0x00031bd4                USBD_DFU_class_req_upload
 .text.USBD_DFU_class_req_clrstatus
                0x00031da0       0x60 CleOSource/FT900Libraries/initial/ft900/lib/Release\libft900.a(usbd_dfu.o)
                0x00031da0                USBD_DFU_class_req_clrstatus
 .text.USBD_DFU_class_req_abort
                0x00031e00       0x34 CleOSource/FT900Libraries/initial/ft900/lib/Release\libft900.a(usbd_dfu.o)
                0x00031e00                USBD_DFU_class_req_abort
 .text.USBD_DFU_class_req_getstate
                0x00031e34       0x3c CleOSource/FT900Libraries/initial/ft900/lib/Release\libft900.a(usbd_dfu.o)
                0x00031e34                USBD_DFU_class_req_getstate
 .text.USBD_DFU_reset
                0x00031e70       0x84 CleOSource/FT900Libraries/initial/ft900/lib/Release\libft900.a(usbd_dfu.o)
                0x00031e70                USBD_DFU_reset
 .text.USBD_DFU_class_req_getstatus
                0x00031ef4       0xe0 CleOSource/FT900Libraries/initial/ft900/lib/Release\libft900.a(usbd_dfu.o)
                0x00031ef4                USBD_DFU_class_req_getstatus
 .text.USBD_DFU_timer
                0x00031fd4       0x38 CleOSource/FT900Libraries/initial/ft900/lib/Release\libft900.a(usbd_dfu.o)
                0x00031fd4                USBD_DFU_timer
 .text.uart_open
                0x0003200c      0x204 CleOSource/FT900Libraries/initial/ft900/lib/Release\libft900.a(uart_simple.o)
                0x0003200c                uart_open
 .text.uart_calculate_baud
                0x00032210      0x138 CleOSource/FT900Libraries/initial/ft900/lib/Release\libft900.a(uart_simple.o)
                0x00032210                uart_calculate_baud
 .text.uart_enable_interrupt
                0x00032348       0x80 CleOSource/FT900Libraries/initial/ft900/lib/Release\libft900.a(uart_simple.o)
                0x00032348                uart_enable_interrupt
 .text.uart_disable_interrupt
                0x000323c8       0x74 CleOSource/FT900Libraries/initial/ft900/lib/Release\libft900.a(uart_simple.o)
                0x000323c8                uart_disable_interrupt
 .text.uart_enable_interrupts_globally
                0x0003243c       0x60 CleOSource/FT900Libraries/initial/ft900/lib/Release\libft900.a(uart_simple.o)
                0x0003243c                uart_enable_interrupts_globally
 .text.uart_disable_interrupts_globally
                0x0003249c       0x60 CleOSource/FT900Libraries/initial/ft900/lib/Release\libft900.a(uart_simple.o)
                0x0003249c                uart_disable_interrupts_globally
 .text          0x000324fc      0x1d4 c:/program files (x86)/ftdi/ft90x toolchain/toolchain/tools/bin/../lib/gcc/ft32-elf/6.0.0/../../../../ft32-elf/lib\libm.a(lib_a-s_floor.o)
                0x000324fc                floor
 .text          0x000326d0       0x90 c:/program files (x86)/ftdi/ft90x toolchain/toolchain/tools/bin/../lib/gcc/ft32-elf/6.0.0/../../../../ft32-elf/lib\libm.a(lib_a-sf_round.o)
                0x000326d0                roundf
 .text          0x00032760       0x30 c:/program files (x86)/ftdi/ft90x toolchain/toolchain/tools/bin/../lib/gcc/ft32-elf/6.0.0/../../../../ft32-elf/lib\libc.a(lib_a-atoi.o)
                0x00032760                atoi
                0x00032778                _atoi_r
 .text          0x00032790       0x6c c:/program files (x86)/ftdi/ft90x toolchain/toolchain/tools/bin/../lib/gcc/ft32-elf/6.0.0/../../../../ft32-elf/lib\libc.a(lib_a-iprintf.o)
                0x00032790                iprintf
                0x000327cc                _iprintf_r
 .text          0x000327fc       0x38 c:/program files (x86)/ftdi/ft90x toolchain/toolchain/tools/bin/../lib/gcc/ft32-elf/6.0.0/../../../../ft32-elf/lib\libc.a(lib_a-isprint.o)
                0x000327fc                isgraph
                0x00032818                isprint
 .text          0x00032834       0x7c c:/program files (x86)/ftdi/ft90x toolchain/toolchain/tools/bin/../lib/gcc/ft32-elf/6.0.0/../../../../ft32-elf/lib\libc.a(lib_a-itoa.o)
                0x00032834                __itoa
                0x000328a0                itoa
 .text          0x000328b0       0x30 c:/program files (x86)/ftdi/ft90x toolchain/toolchain/tools/bin/../lib/gcc/ft32-elf/6.0.0/../../../../ft32-elf/lib\libc.a(lib_a-malloc.o)
                0x000328b0                malloc
                0x000328c8                free
 .text          0x000328e0       0x40 c:/program files (x86)/ftdi/ft90x toolchain/toolchain/tools/bin/../lib/gcc/ft32-elf/6.0.0/../../../../ft32-elf/lib\libc.a(lib_a-memcmp.o)
                0x000328e0                memcmp
 .text          0x00032920       0x28 c:/program files (x86)/ftdi/ft90x toolchain/toolchain/tools/bin/../lib/gcc/ft32-elf/6.0.0/../../../../ft32-elf/lib\libc.a(lib_a-memcpy.o)
                0x00032920                memcpy
 .text          0x00032948       0x74 c:/program files (x86)/ftdi/ft90x toolchain/toolchain/tools/bin/../lib/gcc/ft32-elf/6.0.0/../../../../ft32-elf/lib\libc.a(lib_a-memmove.o)
                0x00032948                memmove
 .text          0x000329bc       0x24 c:/program files (x86)/ftdi/ft90x toolchain/toolchain/tools/bin/../lib/gcc/ft32-elf/6.0.0/../../../../ft32-elf/lib\libc.a(lib_a-memset.o)
                0x000329bc                memset
 .text          0x000329e0       0xc4 c:/program files (x86)/ftdi/ft90x toolchain/toolchain/tools/bin/../lib/gcc/ft32-elf/6.0.0/../../../../ft32-elf/lib\libc.a(lib_a-puts.o)
                0x000329e0                _puts_r
                0x00032a8c                puts
 .text          0x00032aa4       0xc4 c:/program files (x86)/ftdi/ft90x toolchain/toolchain/tools/bin/../lib/gcc/ft32-elf/6.0.0/../../../../ft32-elf/lib\libc.a(lib_a-siprintf.o)
                0x00032aa4                _siprintf_r
                0x00032b00                siprintf
 .text          0x00032b68      0x140 c:/program files (x86)/ftdi/ft90x toolchain/toolchain/tools/bin/../lib/gcc/ft32-elf/6.0.0/../../../../ft32-elf/lib\libc.a(lib_a-sniprintf.o)
                0x00032b68                _sniprintf_r
                0x00032c08                sniprintf
 .text          0x00032ca8       0x68 c:/program files (x86)/ftdi/ft90x toolchain/toolchain/tools/bin/../lib/gcc/ft32-elf/6.0.0/../../../../ft32-elf/lib\libc.a(lib_a-strcasecmp.o)
                0x00032ca8                strcasecmp
 .text          0x00032d10       0x40 c:/program files (x86)/ftdi/ft90x toolchain/toolchain/tools/bin/../lib/gcc/ft32-elf/6.0.0/../../../../ft32-elf/lib\libc.a(lib_a-strcat.o)
                0x00032d10                strcat
 .text          0x00032d50        0xc c:/program files (x86)/ftdi/ft90x toolchain/toolchain/tools/bin/../lib/gcc/ft32-elf/6.0.0/../../../../ft32-elf/lib\libc.a(lib_a-strcpy.o)
                0x00032d50                strcpy
 .text          0x00032d5c        0x8 c:/program files (x86)/ftdi/ft90x toolchain/toolchain/tools/bin/../lib/gcc/ft32-elf/6.0.0/../../../../ft32-elf/lib\libc.a(lib_a-strlen.o)
                0x00032d5c                strlen
 .text          0x00032d64       0x54 c:/program files (x86)/ftdi/ft90x toolchain/toolchain/tools/bin/../lib/gcc/ft32-elf/6.0.0/../../../../ft32-elf/lib\libc.a(lib_a-strncpy.o)
                0x00032d64                strncpy
 .text          0x00032db8       0x50 c:/program files (x86)/ftdi/ft90x toolchain/toolchain/tools/bin/../lib/gcc/ft32-elf/6.0.0/../../../../ft32-elf/lib\libc.a(lib_a-strrchr.o)
                0x00032db8                strrchr
 .text          0x00032e08       0x78 c:/program files (x86)/ftdi/ft90x toolchain/toolchain/tools/bin/../lib/gcc/ft32-elf/6.0.0/../../../../ft32-elf/lib\libc.a(lib_a-strstr.o)
                0x00032e08                strstr
 .text          0x00032e80      0x1e0 c:/program files (x86)/ftdi/ft90x toolchain/toolchain/tools/bin/../lib/gcc/ft32-elf/6.0.0/../../../../ft32-elf/lib\libc.a(lib_a-strtol.o)
                0x00032e80                _strtol_r
                0x00033040                strtol
 .text          0x00033060      0xd68 c:/program files (x86)/ftdi/ft90x toolchain/toolchain/tools/bin/../lib/gcc/ft32-elf/6.0.0/../../../../ft32-elf/lib\libc.a(lib_a-svfiprintf.o)
                0x00033060                __ssprint_r
                0x00033204                _svfiprintf_r
 .text          0x00033dc8       0xc0 c:/program files (x86)/ftdi/ft90x toolchain/toolchain/tools/bin/../lib/gcc/ft32-elf/6.0.0/../../../../ft32-elf/lib\libc.a(lib_a-utoa.o)
                0x00033dc8                __utoa
                0x00033e78                utoa
 .text          0x00033e88      0xdc8 c:/program files (x86)/ftdi/ft90x toolchain/toolchain/tools/bin/../lib/gcc/ft32-elf/6.0.0/../../../../ft32-elf/lib\libc.a(lib_a-vfiprintf.o)
                0x00033e88                __sprint_r
                0x00033f40                _vfiprintf_r
                0x00034b6c                vfiprintf
 .text          0x00034c50      0x154 c:/program files (x86)/ftdi/ft90x toolchain/toolchain/tools/bin/../lib/gcc/ft32-elf/6.0.0/../../../../ft32-elf/lib\libc.a(lib_a-wsetup.o)
                0x00034c50                __swsetup_r
 .text          0x00034da4      0x2ac c:/program files (x86)/ftdi/ft90x toolchain/toolchain/tools/bin/../lib/gcc/ft32-elf/6.0.0/../../../../ft32-elf/lib\libc.a(lib_a-fflush.o)
                0x00034da4                __sflush_r
                0x00034fd0                _fflush_r
                0x00035020                fflush
 .text          0x00035050      0x2e8 c:/program files (x86)/ftdi/ft90x toolchain/toolchain/tools/bin/../lib/gcc/ft32-elf/6.0.0/../../../../ft32-elf/lib\libc.a(lib_a-findfp.o)
                0x00035060                _cleanup_r
                0x000350f4                __sfmoreglue
                0x00035144                _cleanup
                0x00035158                __sinit
                0x000351e4                __sfp
                0x000352d8                __sfp_lock_acquire
                0x000352e4                __sfp_lock_release
                0x000352f0                __sinit_lock_acquire
                0x000352fc                __sinit_lock_release
                0x00035308                __fp_lock_all
                0x00035320                __fp_unlock_all
 .text          0x00035338      0x198 c:/program files (x86)/ftdi/ft90x toolchain/toolchain/tools/bin/../lib/gcc/ft32-elf/6.0.0/../../../../ft32-elf/lib\libc.a(lib_a-fputwc.o)
                0x00035338                __fputwc
                0x00035454                _fputwc_r
                0x00035488                fputwc
 .text          0x000354d0      0x494 c:/program files (x86)/ftdi/ft90x toolchain/toolchain/tools/bin/../lib/gcc/ft32-elf/6.0.0/../../../../ft32-elf/lib\libc.a(lib_a-fvwrite.o)
                0x000354d0                __sfvwrite_r
 .text          0x00035964      0x100 c:/program files (x86)/ftdi/ft90x toolchain/toolchain/tools/bin/../lib/gcc/ft32-elf/6.0.0/../../../../ft32-elf/lib\libc.a(lib_a-fwalk.o)
                0x00035964                _fwalk
                0x000359e0                _fwalk_reent
 .text          0x00035a64       0xe0 c:/program files (x86)/ftdi/ft90x toolchain/toolchain/tools/bin/../lib/gcc/ft32-elf/6.0.0/../../../../ft32-elf/lib\libc.a(lib_a-locale.o)
                0x00035a64                _setlocale_r
                0x00035ac8                __locale_charset
                0x00035ad8                __locale_mb_cur_max
                0x00035ae8                __locale_msgcharset
                0x00035af8                __locale_cjk_lang
                0x00035b08                _localeconv_r
                0x00035b18                setlocale
                0x00035b34                localeconv
 .text          0x00035b44      0x160 c:/program files (x86)/ftdi/ft90x toolchain/toolchain/tools/bin/../lib/gcc/ft32-elf/6.0.0/../../../../ft32-elf/lib\libc.a(lib_a-makebuf.o)
                0x00035b44                __smakebuf_r
 .text          0x00035ca4       0x30 c:/program files (x86)/ftdi/ft90x toolchain/toolchain/tools/bin/../lib/gcc/ft32-elf/6.0.0/../../../../ft32-elf/lib\libc.a(lib_a-memchr.o)
                0x00035ca4                memchr
 .text          0x00035cd4      0x11c c:/program files (x86)/ftdi/ft90x toolchain/toolchain/tools/bin/../lib/gcc/ft32-elf/6.0.0/../../../../ft32-elf/lib\libc.a(lib_a-stdio.o)
                0x00035cd4                __sread
                0x00035d18                __seofread
                0x00035d28                __swrite
                0x00035d90                __sseek
                0x00035dd8                __sclose
 .text          0x00035df0       0x3c c:/program files (x86)/ftdi/ft90x toolchain/toolchain/tools/bin/../lib/gcc/ft32-elf/6.0.0/../../../../ft32-elf/lib\libc.a(lib_a-strchr.o)
                0x00035df0                strchr
 .text          0x00035e2c        0x8 c:/program files (x86)/ftdi/ft90x toolchain/toolchain/tools/bin/../lib/gcc/ft32-elf/6.0.0/../../../../ft32-elf/lib\libc.a(lib_a-strcmp.o)
                0x00035e2c                strcmp
 .text          0x00035e34      0x140 c:/program files (x86)/ftdi/ft90x toolchain/toolchain/tools/bin/../lib/gcc/ft32-elf/6.0.0/../../../../ft32-elf/lib\libc.a(lib_a-wbuf.o)
                0x00035e34                __swbuf_r
                0x00035f58                __swbuf
 .text          0x00035f74       0x98 c:/program files (x86)/ftdi/ft90x toolchain/toolchain/tools/bin/../lib/gcc/ft32-elf/6.0.0/../../../../ft32-elf/lib\libc.a(lib_a-wcrtomb.o)
                0x00035f74                _wcrtomb_r
                0x00035fec                wcrtomb
 .text          0x0003600c       0x7c c:/program files (x86)/ftdi/ft90x toolchain/toolchain/tools/bin/../lib/gcc/ft32-elf/6.0.0/../../../../ft32-elf/lib\libc.a(lib_a-wctomb_r.o)
                0x0003600c                __ascii_wctomb
                0x00036048                _wctomb_r
 .text          0x00036088       0x44 c:/program files (x86)/ftdi/ft90x toolchain/toolchain/tools/bin/../lib/gcc/ft32-elf/6.0.0/../../../../ft32-elf/lib\libc.a(lib_a-writer.o)
                0x00036088                _write_r
 .text          0x000360cc       0x3c c:/program files (x86)/ftdi/ft90x toolchain/toolchain/tools/bin/../lib/gcc/ft32-elf/6.0.0/../../../../ft32-elf/lib\libc.a(lib_a-closer.o)
                0x000360cc                _close_r
 .text          0x00036108      0x114 c:/program files (x86)/ftdi/ft90x toolchain/toolchain/tools/bin/../lib/gcc/ft32-elf/6.0.0/../../../../ft32-elf/lib\libc.a(lib_a-fclose.o)
                0x00036108                _fclose_r
                0x00036204                fclose
 .text          0x0003621c       0x40 c:/program files (x86)/ftdi/ft90x toolchain/toolchain/tools/bin/../lib/gcc/ft32-elf/6.0.0/../../../../ft32-elf/lib\libc.a(lib_a-fstatr.o)
                0x0003621c                _fstat_r
 .text          0x0003625c       0x3c c:/program files (x86)/ftdi/ft90x toolchain/toolchain/tools/bin/../lib/gcc/ft32-elf/6.0.0/../../../../ft32-elf/lib\libc.a(lib_a-isattyr.o)
                0x0003625c                _isatty_r
 .text          0x00036298       0x44 c:/program files (x86)/ftdi/ft90x toolchain/toolchain/tools/bin/../lib/gcc/ft32-elf/6.0.0/../../../../ft32-elf/lib\libc.a(lib_a-lseekr.o)
                0x00036298                _lseek_r
 .text          0x000362dc       0x44 c:/program files (x86)/ftdi/ft90x toolchain/toolchain/tools/bin/../lib/gcc/ft32-elf/6.0.0/../../../../ft32-elf/lib\libc.a(lib_a-readr.o)
                0x000362dc                _read_r
 .text.uart_raw_tx
                0x00036320       0x1c CleOSource/FT900Libraries/initial/ft900/apps/CleO/\libstub.a(stdio.o)
                0x00036320                uart_raw_tx
 .text.uart_tx  0x0003633c       0x24 CleOSource/FT900Libraries/initial/ft900/apps/CleO/\libstub.a(stdio.o)
                0x0003633c                uart_tx
 .text.uart_rx  0x00036360       0x18 CleOSource/FT900Libraries/initial/ft900/apps/CleO/\libstub.a(stdio.o)
                0x00036360                uart_rx
 .text._write   0x00036378       0x34 CleOSource/FT900Libraries/initial/ft900/apps/CleO/\libstub.a(stdio.o)
                0x00036378                _write
 .text._read    0x000363ac       0x18 CleOSource/FT900Libraries/initial/ft900/apps/CleO/\libstub.a(stdio.o)
                0x000363ac                _read
 .text._close   0x000363c4        0x8 CleOSource/FT900Libraries/initial/ft900/apps/CleO/\libstub.a(unimpl.o)
                0x000363c4                _close
 .text._fstat   0x000363cc        0x8 CleOSource/FT900Libraries/initial/ft900/apps/CleO/\libstub.a(unimpl.o)
                0x000363cc                _fstat
 .text._isatty  0x000363d4        0x8 CleOSource/FT900Libraries/initial/ft900/apps/CleO/\libstub.a(unimpl.o)
                0x000363d4                _isatty
 .text._lseek   0x000363dc        0x8 CleOSource/FT900Libraries/initial/ft900/apps/CleO/\libstub.a(unimpl.o)
                0x000363dc                _lseek
 .text          0x000363e4       0x70 c:/program files (x86)/ftdi/ft90x toolchain/toolchain/tools/bin/../lib/gcc/ft32-elf/6.0.0\libgcc.a(_lshrdi3.o)
                0x000363e4                __lshrdi3
 .text          0x00036454       0x58 c:/program files (x86)/ftdi/ft90x toolchain/toolchain/tools/bin/../lib/gcc/ft32-elf/6.0.0\libgcc.a(_fixunssfsi.o)
                0x00036454                __fixunssfsi
 .text          0x000364ac       0x80 c:/program files (x86)/ftdi/ft90x toolchain/toolchain/tools/bin/../lib/gcc/ft32-elf/6.0.0\libgcc.a(_fixunsdfsi.o)
                0x000364ac                __fixunsdfsi
 .text          0x0003652c       0xcc c:/program files (x86)/ftdi/ft90x toolchain/toolchain/tools/bin/../lib/gcc/ft32-elf/6.0.0\libgcc.a(epilog.o)
                0x0003652c                __epilog_$r28
                0x00036530                __epilog_$r27
                0x00036534                __epilog_$r26
                0x00036538                __epilog_$r25
                0x0003653c                __epilog_$r24
                0x00036540                __epilog_$r23
                0x00036544                __epilog_$r22
                0x00036548                __epilog_$r21
                0x0003654c                __epilog_$r20
                0x00036550                __epilog_$r19
                0x00036554                __epilog_$r18
                0x00036558                __epilog_$r17
                0x0003655c                __epilog_$r16
                0x00036560                __epilog_$r15
                0x00036564                __epilog_$r14
                0x00036568                __epilog_$r13
                0x00036570                __epilog24
                0x00036578                __epilog24_$r13
                0x00036580                __epilog24_$r14
                0x00036588                __epilog24_$r15
                0x00036590                __epilog24_$r16
                0x00036598                __epilog24_$r17
                0x000365a0                __epilog24_$r18
                0x000365a8                __epilog24_$r19
                0x000365b0                __epilog24_$r20
                0x000365b8                __epilog24_$r21
                0x000365c0                __epilog24_$r22
                0x000365c8                __epilog24_$r23
                0x000365d0                __epilog24_$r24
                0x000365d8                __epilog24_$r25
                0x000365e0                __epilog24_$r26
                0x000365e8                __epilog24_$r27
                0x000365f0                __epilog24_$r28
 .text          0x000365f8      0x260 c:/program files (x86)/ftdi/ft90x toolchain/toolchain/tools/bin/../lib/gcc/ft32-elf/6.0.0\libgcc.a(prolog.o)
                0x000365f8                __prolog_$r13
                0x00036600                __prolog_$r14
                0x0003660c                __prolog_$r15
                0x0003661c                __prolog_$r16
                0x00036630                __prolog_$r17
                0x00036648                __prolog_$r18
                0x00036664                __prolog_$r19
                0x00036684                __prolog_$r20
                0x000366a8                __prolog_$r21
                0x000366d0                __prolog_$r22
                0x000366fc                __prolog_$r23
                0x0003672c                __prolog_$r24
                0x00036760                __prolog_$r25
                0x00036798                __prolog_$r26
                0x000367d4                __prolog_$r27
                0x00036814                __prolog_$r28
 .text          0x00036858      0x6e4 c:/program files (x86)/ftdi/ft90x toolchain/toolchain/tools/bin/../lib/gcc/ft32-elf/6.0.0\libgcc.a(addsf3.o)
                0x00036858                __addsf3
 .text          0x00036f3c      0x688 c:/program files (x86)/ftdi/ft90x toolchain/toolchain/tools/bin/../lib/gcc/ft32-elf/6.0.0\libgcc.a(divsf3.o)
                0x00036f3c                __divsf3
 .text          0x000375c4       0xa0 c:/program files (x86)/ftdi/ft90x toolchain/toolchain/tools/bin/../lib/gcc/ft32-elf/6.0.0\libgcc.a(eqsf2.o)
                0x000375c4                __eqsf2
                0x000375c4                __nesf2
 .text          0x00037664      0x114 c:/program files (x86)/ftdi/ft90x toolchain/toolchain/tools/bin/../lib/gcc/ft32-elf/6.0.0\libgcc.a(gesf2.o)
                0x00037664                __gesf2
                0x00037664                __gtsf2
 .text          0x00037778      0x100 c:/program files (x86)/ftdi/ft90x toolchain/toolchain/tools/bin/../lib/gcc/ft32-elf/6.0.0\libgcc.a(lesf2.o)
                0x00037778                __ltsf2
                0x00037778                __lesf2
 .text          0x00037878      0x560 c:/program files (x86)/ftdi/ft90x toolchain/toolchain/tools/bin/../lib/gcc/ft32-elf/6.0.0\libgcc.a(mulsf3.o)
                0x00037878                __mulsf3
 .text          0x00037dd8      0x6fc c:/program files (x86)/ftdi/ft90x toolchain/toolchain/tools/bin/../lib/gcc/ft32-elf/6.0.0\libgcc.a(subsf3.o)
                0x00037dd8                __subsf3
 .text          0x000384d4       0x74 c:/program files (x86)/ftdi/ft90x toolchain/toolchain/tools/bin/../lib/gcc/ft32-elf/6.0.0\libgcc.a(fixsfsi.o)
                0x000384d4                __fixsfsi
 .text          0x00038548      0x1a4 c:/program files (x86)/ftdi/ft90x toolchain/toolchain/tools/bin/../lib/gcc/ft32-elf/6.0.0\libgcc.a(floatsisf.o)
                0x00038548                __floatsisf
 .text          0x000386ec      0x12c c:/program files (x86)/ftdi/ft90x toolchain/toolchain/tools/bin/../lib/gcc/ft32-elf/6.0.0\libgcc.a(floatunsisf.o)
                0x000386ec                __floatunsisf
 .text          0x00038818      0xd88 c:/program files (x86)/ftdi/ft90x toolchain/toolchain/tools/bin/../lib/gcc/ft32-elf/6.0.0\libgcc.a(adddf3.o)
                0x00038818                __adddf3
 .text          0x000395a0      0xc40 c:/program files (x86)/ftdi/ft90x toolchain/toolchain/tools/bin/../lib/gcc/ft32-elf/6.0.0\libgcc.a(divdf3.o)
                0x000395a0                __divdf3
 .text          0x0003a1e0      0x16c c:/program files (x86)/ftdi/ft90x toolchain/toolchain/tools/bin/../lib/gcc/ft32-elf/6.0.0\libgcc.a(gedf2.o)
                0x0003a1e0                __gedf2
                0x0003a1e0                __gtdf2
 .text          0x0003a34c      0x908 c:/program files (x86)/ftdi/ft90x toolchain/toolchain/tools/bin/../lib/gcc/ft32-elf/6.0.0\libgcc.a(muldf3.o)
                0x0003a34c                __muldf3
 .text          0x0003ac54      0xd38 c:/program files (x86)/ftdi/ft90x toolchain/toolchain/tools/bin/../lib/gcc/ft32-elf/6.0.0\libgcc.a(subdf3.o)
                0x0003ac54                __subdf3
 .text          0x0003b98c       0x90 c:/program files (x86)/ftdi/ft90x toolchain/toolchain/tools/bin/../lib/gcc/ft32-elf/6.0.0\libgcc.a(fixdfsi.o)
                0x0003b98c                __fixdfsi
 .text          0x0003ba1c      0x16c c:/program files (x86)/ftdi/ft90x toolchain/toolchain/tools/bin/../lib/gcc/ft32-elf/6.0.0\libgcc.a(floatsidf.o)
                0x0003ba1c                __floatsidf
 .text          0x0003bb88       0xbc c:/program files (x86)/ftdi/ft90x toolchain/toolchain/tools/bin/../lib/gcc/ft32-elf/6.0.0\libgcc.a(floatunsidf.o)
                0x0003bb88                __floatunsidf
 .text          0x0003bc44      0x218 c:/program files (x86)/ftdi/ft90x toolchain/toolchain/tools/bin/../lib/gcc/ft32-elf/6.0.0\libgcc.a(extendsfdf2.o)
                0x0003bc44                __extendsfdf2
 .text          0x0003be5c      0x220 c:/program files (x86)/ftdi/ft90x toolchain/toolchain/tools/bin/../lib/gcc/ft32-elf/6.0.0\libgcc.a(truncdfsf2.o)
                0x0003be5c                __truncdfsf2
 .text          0x0003c07c       0xb8 c:/program files (x86)/ftdi/ft90x toolchain/toolchain/tools/bin/../lib/gcc/ft32-elf/6.0.0\libgcc.a(_clzsi2.o)
                0x0003c07c                __clzsi2
 *(.strings)
 *(._pm*)
 ._pm           0x0003c134        0x0 build/ft900/crt0.o
 ._pm           0x0003c134      0x11c build/ft900/CameraStreaming.o
                0x0003c134                ARUI_BitmapIcons
 ._pm           0x0003c250      0x729 build/ft900/apiname.o
 *(.init)
 *(.fini)
                0x0003c979                _etext = .
                0x0003c97c                . = ALIGN (0x4)
 *fill*         0x0003c979        0x3 

.tors           0x00800000        0x0
                0x00800000                ___ctors = .
 *(.ctors)
                0x00800000                ___ctors_end = .
                0x00800000                ___dtors = .
 *(.dtors)
                0x00800000                ___dtors_end = .
                0x00800000                . = ALIGN (0x4)

.data           0x00800000     0x2678 load address 0x0003c97c
                0x00800000                _sdata = .
 *(.data)
 .data          0x00800000       0x84 build/ft900/crt0.o
                0x00800000                vector_table
 .data          0x00800084       0x10 build/ft900/MediaExplorer.o
                0x00800084                FONT_LIST
                0x00800090                MB_DB_FILENAME
 .data          0x00800094        0x4 build/ft900/CameraStreaming.o
                0x00800094                FT_DispHeight
                0x00800096                FT_DispWidth
 .data          0x00800098      0x3bc build/ft900/guimgr.o
                0x0080009b                widths
                0x0080040c                _direct
 .data          0x00800454       0x14 build/ft900/main.o
                0x00800454                spk_shutdown_pin
                0x00800455                g_eve_pdn
                0x00800458                gp_SPISx
                0x0080045c                g_spis_miso
                0x0080045d                g_spis_mosi
                0x0080045e                g_spis_ss
                0x0080045f                g_spis_clk
                0x00800460                g_ipc_int
                0x00800464                cmdb_space
 .data          0x00800468       0x10 build/ft900/pngout.o
 .data          0x00800478       0x3c CleOSource/FT900Libraries/initial/ft900/lib/Release\libft900.a(sdhost.o)
 .data          0x008004b4        0x8 CleOSource/FT900Libraries/initial/ft900/lib/Release\libft900.a(usbd.o)
 .data          0x008004bc        0x5 CleOSource/FT900Libraries/initial/ft900/lib/Release\libft900.a(usbd_dfu.o)
 *fill*         0x008004c1        0x3 
 .data          0x008004c4        0x4 c:/program files (x86)/ftdi/ft90x toolchain/toolchain/tools/bin/../lib/gcc/ft32-elf/6.0.0/../../../../ft32-elf/lib\libc.a(lib_a-ctype_.o)
                0x008004c4                __ctype_ptr__
 .data          0x008004c8      0x428 c:/program files (x86)/ftdi/ft90x toolchain/toolchain/tools/bin/../lib/gcc/ft32-elf/6.0.0/../../../../ft32-elf/lib\libc.a(lib_a-impure.o)
                0x008004c8                _impure_ptr
 .data          0x008008f0       0x7c c:/program files (x86)/ftdi/ft90x toolchain/toolchain/tools/bin/../lib/gcc/ft32-elf/6.0.0/../../../../ft32-elf/lib\libc.a(lib_a-locale.o)
                0x00800968                __mb_cur_max
 .data          0x0080096c        0x4 c:/program files (x86)/ftdi/ft90x toolchain/toolchain/tools/bin/../lib/gcc/ft32-elf/6.0.0/../../../../ft32-elf/lib\libc.a(lib_a-wctomb_r.o)
                0x0080096c                __wctomb
 *(.rodata)
 .rodata        0x00800970       0x2b build/ft900/MediaExplorer.o
 *fill*         0x0080099b        0x1 
 .rodata        0x0080099c       0x9e build/ft900/CameraStreaming.o
 *fill*         0x00800a3a        0x2 
 .rodata        0x00800a3c      0x57c build/ft900/guimgr.o
                0x00800d54                daysInMonth
 .rodata        0x00800fb8       0x73 build/ft900/main.o
 *fill*         0x0080102b        0x1 
 .rodata        0x0080102c       0x20 build/ft900/ftfs.o
 .rodata        0x0080104c       0x40 build/ft900/pngout.o
 .rodata        0x0080108c       0x90 build/ft900/ff.o
 .rodata        0x0080111c      0x4c0 build/ft900/unicode.o
 .rodata        0x008015dc      0x1c0 build/ft900/dfu.o
                0x008015dc                wcid_feature_dfumode
                0x00801604                config_descriptor_dfumode
                0x0080161f                device_descriptor_dfumode
                0x00801631                wcid_feature_runtime
                0x00801659                config_descriptor_dfurun
                0x00801674                device_descriptor_dfurun
                0x00801688                wcid_string_descriptor
                0x0080169c                string_descriptor
 .rodata        0x0080179c       0x15 build/ft900/bridges/bridge_gpio.o
                0x0080179c                CleOGPIOMap
 *fill*         0x008017b1        0x3 
 .rodata        0x008017b4        0x8 build/ft900/bridges/bridge_uart.o
 .rodata        0x008017bc        0x8 CleOSource/FT900Libraries/initial/ft900/lib/Release\libft900.a(delay.o)
 .rodata        0x008017c4       0x54 CleOSource/FT900Libraries/initial/ft900/lib/Release\libft900.a(gpio.o)
 .rodata        0x00801818       0x1c CleOSource/FT900Libraries/initial/ft900/lib/Release\libft900.a(sys.o)
 .rodata        0x00801834       0x35 CleOSource/FT900Libraries/initial/ft900/lib/Release\libft900.a(usbd.o)
 *fill*         0x00801869        0x3 
 .rodata        0x0080186c       0x20 c:/program files (x86)/ftdi/ft90x toolchain/toolchain/tools/bin/../lib/gcc/ft32-elf/6.0.0/../../../../ft32-elf/lib\libc.a(lib_a-svfiprintf.o)
 .rodata        0x0080188c       0x20 c:/program files (x86)/ftdi/ft90x toolchain/toolchain/tools/bin/../lib/gcc/ft32-elf/6.0.0/../../../../ft32-elf/lib\libc.a(lib_a-vfiprintf.o)
 .rodata        0x008018ac      0x284 c:/program files (x86)/ftdi/ft90x toolchain/toolchain/tools/bin/../lib/gcc/ft32-elf/6.0.0/../../../../ft32-elf/lib\libc.a(lib_a-ctype_.o)
                0x008018ac                _ctype_
 .rodata        0x00801b30        0x4 c:/program files (x86)/ftdi/ft90x toolchain/toolchain/tools/bin/../lib/gcc/ft32-elf/6.0.0/../../../../ft32-elf/lib\libc.a(lib_a-impure.o)
                0x00801b30                _global_impure_ptr
 .rodata        0x00801b34      0x100 c:/program files (x86)/ftdi/ft90x toolchain/toolchain/tools/bin/../lib/gcc/ft32-elf/6.0.0\libgcc.a(_clz.o)
                0x00801b34                __clz_tab
 *(.rodata*)
 .rodata._ZN11FileManager9cmd_FOpenEPKci.str1.4
                0x00801c34       0x16 build/ft900/MediaExplorer.o
 *fill*         0x00801c4a        0x2 
 .rodata.str1.4
                0x00801c4c      0x119 build/ft900/MediaExplorer.o
                                0x121 (size before relaxing)
 *fill*         0x00801d65        0x3 
 .rodata.cst4   0x00801d68        0xc build/ft900/MediaExplorer.o
                                 0x10 (size before relaxing)
 .rodata.cst4   0x00801d74        0x8 build/ft900/FT_App_PlayVideo.o
                                  0xc (size before relaxing)
 .rodata.str1.4
                0x00801d7c       0x11 build/ft900/FT_App_PlayVideo.o
 .rodata.str1.4
                0x00801d7c       0x72 build/ft900/CameraStreaming.o
                                 0x8a (size before relaxing)
 *fill*         0x00801dee        0x2 
 .rodata.str1.4
                0x00801df0       0x5f build/ft900/CameraStreamingov5640.o
 .rodata._ZN9FreeChain3putEii.str1.4
                0x00801e4f        0x1 build/ft900/guimgr.o
 *fill*         0x00801e4f        0x1 
 .rodata._ZN10GuiManager16widget_title_C50EPKc.str1.4
                0x00801e50        0xb build/ft900/guimgr.o
 *fill*         0x00801e5b        0x1 
 .rodata.str1.4
                0x00801e5c      0x1d1 build/ft900/guimgr.o
                                0x215 (size before relaxing)
 *fill*         0x0080202d        0x3 
 .rodata._ZZN10GuiManager5adpcmEvE13stepsizeTable
                0x00802030      0x164 build/ft900/guimgr.o
                0x00802030                GuiManager::adpcm()::stepsizeTable
 .rodata._ZZN10GuiManager5adpcmEvE10indexTable
                0x00802194       0x40 build/ft900/guimgr.o
                0x00802194                GuiManager::adpcm()::indexTable
 .rodata._ZZN9EpochDate15cmd_DateToEpochERmssssssE5mdays
                0x008021d4       0x30 build/ft900/guimgr.o
                0x008021d4                EpochDate::cmd_DateToEpoch(unsigned long&, short, short, short, short, short, short)::mdays
 .rodata.str1.4
                0x00802204      0x12d build/ft900/main.o
 *fill*         0x00802331        0x3 
 .rodata._ZN11FileManager12cmd_FOpenDirEPKc.str1.4
                0x00802334       0x1b build/ft900/main.o
 *fill*         0x0080234f        0x1 
 .rodata._ZN10GuiManager10bluescreenEi.str1.4
                0x00802350       0x38 build/ft900/main.o
                                 0x3c (size before relaxing)
 .rodata._ZN10GuiManager8showlogoEv.str1.4
                0x00802388       0x3e build/ft900/main.o
 *fill*         0x008023c6        0x2 
 .rodata._ZN11CleODecoder17Boot_UpdateEflashEv.str1.4
                0x008023c8       0x6b build/ft900/main.o
 *fill*         0x00802433        0x1 
 .rodata._ZN11CleODecoder5beginEv.str1.4
                0x00802434       0x20 build/ft900/main.o
 .rodata._ZN10GuiManager24cmd_InternalEFlashUpdateEss.str1.4
                0x00802454        0xf build/ft900/main.o
 *fill*         0x00802463        0x1 
 .rodata._ZN10GuiManager15cmd_CalibrationEv.str1.4
                0x00802464       0x16 build/ft900/main.o
 *fill*         0x0080247a        0x2 