Archive member included because of file (symbol)

c:/program files (x86)/microchip/xc32/v1.34/bin/bin/../../lib/gcc/pic32mx/4.5.2/../../../../pic32mx/lib\libpic32.a(memcmp.o)
                              build/pic32mx_usb_sk2_meb1/production/_ext/161854096/tasks.o (memcmp)
c:/program files (x86)/microchip/xc32/v1.34/bin/bin/../../lib/gcc/pic32mx/4.5.2/../../../../pic32mx/lib\libpic32.a(memcpy.o)
                              build/pic32mx_usb_sk2_meb1/production/_ext/161854096/queue.o (memcpy)
c:/program files (x86)/microchip/xc32/v1.34/bin/bin/../../lib/gcc/pic32mx/4.5.2/../../../../pic32mx/lib\libpic32.a(memset.o)
                              build/pic32mx_usb_sk2_meb1/production/_ext/161854096/tasks.o (memset)
c:/program files (x86)/microchip/xc32/v1.34/bin/bin/../../lib/gcc/pic32mx/4.5.2/../../../../pic32mx/lib\libpic32.a(default-bootstrap-exception-handler.o)
                              c:/program files (x86)/microchip/xc32/v1.34/bin/bin/../../lib/gcc/pic32mx/4.5.2/../../../../pic32mx/lib/./proc/32MX795F512L/crt0_mips32r2.o (_bootstrap_exception_handler)
c:/program files (x86)/microchip/xc32/v1.34/bin/bin/../../lib/gcc/pic32mx/4.5.2/../../../../pic32mx/lib\libpic32.a(default-on-reset.o)
                              c:/program files (x86)/microchip/xc32/v1.34/bin/bin/../../lib/gcc/pic32mx/4.5.2/../../../../pic32mx/lib/./proc/32MX795F512L/crt0_mips32r2.o (_on_reset)
c:/program files (x86)/microchip/xc32/v1.34/bin/bin/../../lib/gcc/pic32mx/4.5.2/../../../../pic32mx/lib\libpic32.a(default-on-bootstrap.o)
                              c:/program files (x86)/microchip/xc32/v1.34/bin/bin/../../lib/gcc/pic32mx/4.5.2/../../../../pic32mx/lib/./proc/32MX795F512L/crt0_mips32r2.o (_on_bootstrap)
c:/program files (x86)/microchip/xc32/v1.34/bin/bin/../../lib/gcc/pic32mx/4.5.2/../../../../pic32mx/lib\libpic32.a(default-nmi-handler.o)
                              c:/program files (x86)/microchip/xc32/v1.34/bin/bin/../../lib/gcc/pic32mx/4.5.2/../../../../pic32mx/lib/./proc/32MX795F512L/crt0_mips32r2.o (_nmi_handler)
c:/program files (x86)/microchip/xc32/v1.34/bin/bin/../../lib/gcc/pic32mx/4.5.2/../../../../pic32mx/lib\libpic32.a(general-exception.o)
                              c:/program files (x86)/microchip/xc32/v1.34/bin/bin/../../lib/gcc/pic32mx/4.5.2/../../../../pic32mx/lib/./proc/32MX795F512L/crt0_mips32r2.o (_general_exception_context)
c:/program files (x86)/microchip/xc32/v1.34/bin/bin/../../lib/gcc/pic32mx/4.5.2/../../../../pic32mx/lib\libpic32.a(vector0.o)
                              c:/program files (x86)/microchip/xc32/v1.34/bin/bin/../../lib/gcc/pic32mx/4.5.2/../../../../pic32mx/lib/./proc/32MX795F512L\default_isr_vectors.o (__vector_dispatch_0)
c:/program files (x86)/microchip/xc32/v1.34/bin/bin/../../lib/gcc/pic32mx/4.5.2/../../../../pic32mx/lib\libpic32.a(vector2.o)
                              c:/program files (x86)/microchip/xc32/v1.34/bin/bin/../../lib/gcc/pic32mx/4.5.2/../../../../pic32mx/lib/./proc/32MX795F512L\default_isr_vectors.o (__vector_dispatch_2)
c:/program files (x86)/microchip/xc32/v1.34/bin/bin/../../lib/gcc/pic32mx/4.5.2/../../../../pic32mx/lib\libpic32.a(vector3.o)
                              c:/program files (x86)/microchip/xc32/v1.34/bin/bin/../../lib/gcc/pic32mx/4.5.2/../../../../pic32mx/lib/./proc/32MX795F512L\default_isr_vectors.o (__vector_dispatch_3)
c:/program files (x86)/microchip/xc32/v1.34/bin/bin/../../lib/gcc/pic32mx/4.5.2/../../../../pic32mx/lib\libpic32.a(vector5.o)
                              c:/program files (x86)/microchip/xc32/v1.34/bin/bin/../../lib/gcc/pic32mx/4.5.2/../../../../pic32mx/lib/./proc/32MX795F512L\default_isr_vectors.o (__vector_dispatch_5)
c:/program files (x86)/microchip/xc32/v1.34/bin/bin/../../lib/gcc/pic32mx/4.5.2/../../../../pic32mx/lib\libpic32.a(vector6.o)
                              c:/program files (x86)/microchip/xc32/v1.34/bin/bin/../../lib/gcc/pic32mx/4.5.2/../../../../pic32mx/lib/./proc/32MX795F512L\default_isr_vectors.o (__vector_dispatch_6)
c:/program files (x86)/microchip/xc32/v1.34/bin/bin/../../lib/gcc/pic32mx/4.5.2/../../../../pic32mx/lib\libpic32.a(vector7.o)
                              c:/program files (x86)/microchip/xc32/v1.34/bin/bin/../../lib/gcc/pic32mx/4.5.2/../../../../pic32mx/lib/./proc/32MX795F512L\default_isr_vectors.o (__vector_dispatch_7)
c:/program files (x86)/microchip/xc32/v1.34/bin/bin/../../lib/gcc/pic32mx/4.5.2/../../../../pic32mx/lib\libpic32.a(vector8.o)
                              c:/program files (x86)/microchip/xc32/v1.34/bin/bin/../../lib/gcc/pic32mx/4.5.2/../../../../pic32mx/lib/./proc/32MX795F512L\default_isr_vectors.o (__vector_dispatch_8)
c:/program files (x86)/microchip/xc32/v1.34/bin/bin/../../lib/gcc/pic32mx/4.5.2/../../../../pic32mx/lib\libpic32.a(vector9.o)
                              c:/program files (x86)/microchip/xc32/v1.34/bin/bin/../../lib/gcc/pic32mx/4.5.2/../../../../pic32mx/lib/./proc/32MX795F512L\default_isr_vectors.o (__vector_dispatch_9)
[...]
Memory Configuration

Name             Origin             Length             Attributes
kseg0_program_mem 0x9d000000         0x00080000         xr
kseg0_boot_mem   0x9fc00490         0x00000970
exception_mem    0x9fc01000         0x00001000
kseg1_boot_mem   0xbfc00000         0x00000490
debug_exec_mem   0xbfc02000         0x00000ff0
config3          0xbfc02ff0         0x00000004
config2          0xbfc02ff4         0x00000004
config1          0xbfc02ff8         0x00000004
config0          0xbfc02ffc         0x00000004
kseg1_data_mem   0xa0000000         0x00020000         w !x
sfrs             0xbf800000         0x00100000
configsfrs       0xbfc02ff0         0x00000010
*default*        0x00000000         0xffffffff

Linker script and memory map

LOAD c:/program files (x86)/microchip/xc32/v1.34/bin/bin/../../lib/gcc/pic32mx/4.5.2/../../../../pic32mx/lib/./proc/32MX795F512L/crt0_mips32r2.o
LOAD c:/program files (x86)/microchip/xc32/v1.34/bin/bin/../../lib/gcc/pic32mx/4.5.2/../../../../pic32mx/lib\debug-exception-return.o
LOAD build/pic32mx_usb_sk2_meb1/production/_ext/401742040/drv_pmp_static.o
LOAD build/pic32mx_usb_sk2_meb1/production/_ext/1705683822/sys_clk_static.o
LOAD build/pic32mx_usb_sk2_meb1/production/_ext/1287030942/sys_ports_static.o
LOAD build/pic32mx_usb_sk2_meb1/production/_ext/1967581271/system_init.o
LOAD build/pic32mx_usb_sk2_meb1/production/_ext/1967581271/system_interrupt.o
LOAD build/pic32mx_usb_sk2_meb1/production/_ext/1967581271/system_exceptions.o
LOAD build/pic32mx_usb_sk2_meb1/production/_ext/1967581271/system_tasks.o
LOAD build/pic32mx_usb_sk2_meb1/production/_ext/1967581271/system_interrupt_a.o
LOAD build/pic32mx_usb_sk2_meb1/production/_ext/1967581271/rtos_hooks.o
LOAD build/pic32mx_usb_sk2_meb1/production/_ext/1360937237/app.o
LOAD build/pic32mx_usb_sk2_meb1/production/_ext/1360937237/app1.o
LOAD build/pic32mx_usb_sk2_meb1/production/_ext/1360937237/main.o
LOAD build/pic32mx_usb_sk2_meb1/production/_ext/1036648003/bsp_sys_init.o
LOAD build/pic32mx_usb_sk2_meb1/production/_ext/2133122808/drv_xc2c64a.o
LOAD build/pic32mx_usb_sk2_meb1/production/_ext/1957075778/drv_gfx_ssd1926.o
LOAD build/pic32mx_usb_sk2_meb1/production/_ext/1290158464/drv_ssd1289.o
LOAD build/pic32mx_usb_sk2_meb1/production/_ext/730596771/gfx.o
LOAD build/pic32mx_usb_sk2_meb1/production/_ext/730596771/gfx_primitive.o
LOAD build/pic32mx_usb_sk2_meb1/production/_ext/2067596619/osal_freertos.o
LOAD build/pic32mx_usb_sk2_meb1/production/_ext/912498863/sys_devcon.o
LOAD build/pic32mx_usb_sk2_meb1/production/_ext/912498863/sys_devcon_pic32mx.o
LOAD build/pic32mx_usb_sk2_meb1/production/_ext/711155467/sys_int_pic32.o
LOAD build/pic32mx_usb_sk2_meb1/production/_ext/1653354328/sys_ports.o
LOAD build/pic32mx_usb_sk2_meb1/production/_ext/427228813/heap_1.o
LOAD build/pic32mx_usb_sk2_meb1/production/_ext/789006650/port.o
LOAD build/pic32mx_usb_sk2_meb1/production/_ext/789006650/port_asm.o
LOAD build/pic32mx_usb_sk2_meb1/production/_ext/161854096/croutine.o
LOAD build/pic32mx_usb_sk2_meb1/production/_ext/161854096/list.o
LOAD build/pic32mx_usb_sk2_meb1/production/_ext/161854096/queue.o
LOAD build/pic32mx_usb_sk2_meb1/production/_ext/161854096/tasks.o
LOAD build/pic32mx_usb_sk2_meb1/production/_ext/161854096/timers.o
LOAD build/pic32mx_usb_sk2_meb1/production/_ext/161854096/event_groups.o
LOAD ..\..\..\..\..\..\bin\framework\peripheral\PIC32MX795F512L_peripherals.a
                0x00000001                __MPLAB_BUILD = 0x1
                0x00001000                _min_heap_size = 0x1000
LOAD c:/program files (x86)/microchip/xc32/v1.34/bin/bin/../../lib/gcc/pic32mx/4.5.2/../../../../pic32mx/lib/./proc/32MX795F512L\default_isr_vectors.o
LOAD c:/program files (x86)/microchip/xc32/v1.34/bin/bin/../../lib/gcc/pic32mx/4.5.2/../../../../pic32mx/lib\pic32_software_reset.o
                0x00000400                PROVIDE (_min_stack_size, 0x400)
LOAD c:/program files (x86)/microchip/xc32/v1.34/bin/bin/../../lib/gcc/pic32mx/4.5.2/../../../../pic32mx/lib/./proc/32MX795F512L\processor.o
START GROUP
LOAD c:/program files (x86)/microchip/xc32/v1.34/bin/bin/../../lib/gcc/pic32mx/4.5.2/../../../../pic32mx/lib\libmchp_peripheral.a
END GROUP
START GROUP
LOAD c:/program files (x86)/microchip/xc32/v1.34/bin/bin/../../lib/gcc/pic32mx/4.5.2/../../../../pic32mx/lib\libmchp_peripheral_32MX795F512L.a
END GROUP
                0x00000001                PROVIDE (_vector_spacing, 0x1)
                0x9fc01000                _ebase_address = 0x9fc01000
                0xbfc00000                _RESET_ADDR = 0xbfc00000
                0xbfc00380                _BEV_EXCPT_ADDR = 0xbfc00380
                0xbfc00480                _DBG_EXCPT_ADDR = 0xbfc00480
                0xbfc02000                _DBG_CODE_ADDR = 0xbfc02000
                0x00000ff0                _DBG_CODE_SIZE = 0xff0
                0x9fc01180                _GEN_EXCPT_ADDR = (_ebase_address + 0x180)

.config_BFC02FF0
                0xbfc02ff0        0x4
 *(.config_BFC02FF0)
 .config_BFC02FF0
                0xbfc02ff0        0x4 build/pic32mx_usb_sk2_meb1/production/_ext/1967581271/system_init.o

.config_BFC02FF4
                0xbfc02ff4        0x4
 *(.config_BFC02FF4)
 .config_BFC02FF4
                0xbfc02ff4        0x4 build/pic32mx_usb_sk2_meb1/production/_ext/1967581271/system_init.o

.config_BFC02FF8
                0xbfc02ff8        0x4
 *(.config_BFC02FF8)
 .config_BFC02FF8
                0xbfc02ff8        0x4 build/pic32mx_usb_sk2_meb1/production/_ext/1967581271/system_init.o

.config_BFC02FFC
                0xbfc02ffc        0x4
 *(.config_BFC02FFC)
 .config_BFC02FFC
                0xbfc02ffc        0x4 build/pic32mx_usb_sk2_meb1/production/_ext/1967581271/system_init.o
                0xbfc02000                PROVIDE (_DBG_CODE_ADDR, 0xbfc02000)
                0x00000ff0                PROVIDE (_DBG_CODE_SIZE, 0xff0)

.reset          0xbfc00000      0x1f0
 *(.reset)
 .reset         0xbfc00000        0x8 c:/program files (x86)/microchip/xc32/v1.34/bin/bin/../../lib/gcc/pic32mx/4.5.2/../../../../pic32mx/lib/./proc/32MX795F512L/crt0_mips32r2.o
                0xbfc00000                _reset
 *(.reset.startup)
 .reset.startup
                0xbfc00008      0x1e8 c:/program files (x86)/microchip/xc32/v1.34/bin/bin/../../lib/gcc/pic32mx/4.5.2/../../../../pic32mx/lib/./proc/32MX795F512L/crt0_mips32r2.o

.bev_excpt      0xbfc00380       0x10
 *(.bev_handler)
 .bev_handler   0xbfc00380       0x10 c:/program files (x86)/microchip/xc32/v1.34/bin/bin/../../lib/gcc/pic32mx/4.5.2/../../../../pic32mx/lib/./proc/32MX795F512L/crt0_mips32r2.o

.dbg_excpt      0xbfc00480        0x0
                0xbfc00480                . = (. + DEFINED (_DEBUGGER)?0x8:0x0)

.dbg_code       0xbfc02000        0x0
                0xbfc02000                . = (. + DEFINED (_DEBUGGER)?_DBG_CODE_SIZE:0x0)

.app_excpt      0x9fc01180       0x10
 *(.gen_handler)
 .gen_handler   0x9fc01180       0x10 c:/program files (x86)/microchip/xc32/v1.34/bin/bin/../../lib/gcc/pic32mx/4.5.2/../../../../pic32mx/lib/./proc/32MX795F512L/crt0_mips32r2.o

.vector_0       0x9fc01200        0x8
 *(.vector_0)
 .vector_0      0x9fc01200        0x8 c:/program files (x86)/microchip/xc32/v1.34/bin/bin/../../lib/gcc/pic32mx/4.5.2/../../../../pic32mx/lib\libpic32.a(vector0.o)
                0x9fc01200                __vector_dispatch_0
                0x00000001                ASSERT (((_vector_spacing == 0x0) || (SIZEOF (.vector_0) <= (_vector_spacing << 0x5))), function at exception vector 0 too large)

.vector_1       0x9fc01220        0x8
 *(.vector_1)
 .vector_1      0x9fc01220        0x8 build/pic32mx_usb_sk2_meb1/production/_ext/789006650/port.o
                0x9fc01220                __vector_dispatch_1
                0x00000001                ASSERT (((_vector_spacing == 0x0) || (SIZEOF (.vector_1) <= (_vector_spacing << 0x5))), function at exception vector 1 too large)

.vector_2       0x9fc01240        0x8
 *(.vector_2)
 .vector_2      0x9fc01240        0x8 c:/program files (x86)/microchip/xc32/v1.34/bin/bin/../../lib/gcc/pic32mx/4.5.2/../../../../pic32mx/lib\libpic32.a(vector2.o)
                0x9fc01240                __vector_dispatch_2
                0x00000001                ASSERT (((_vector_spacing == 0x0) || (SIZEOF (.vector_2) <= (_vector_spacing << 0x5))), function at exception vector 2 too large)

.vector_3       0x9fc01260        0x8
 *(.vector_3)
 .vector_3      0x9fc01260        0x8 c:/program files (x86)/microchip/xc32/v1.34/bin/bin/../../lib/gcc/pic32mx/4.5.2/../../../../pic32mx/lib\libpic32.a(vector3.o)
                0x9fc01260                __vector_dispatch_3
                0x00000001                ASSERT (((_vector_spacing == 0x0) || (SIZEOF (.vector_3) <= (_vector_spacing << 0x5))), function at exception vector 3 too large)

.vector_4       0x9fc01280        0x8
 *(.vector_4)
 .vector_4      0x9fc01280        0x8 build/pic32mx_usb_sk2_meb1/production/_ext/789006650/port.o
                0x9fc01280                __vector_dispatch_4
                0x00000001                ASSERT (((_vector_spacing == 0x0) || (SIZEOF (.vector_4) <= (_vector_spacing << 0x5))), function at exception vector 4 too large)

.vector_5       0x9fc012a0        0x8
 *(.vector_5)
 .vector_5      0x9fc012a0        0x8 c:/program files (x86)/microchip/xc32/v1.34/bin/bin/../../lib/gcc/pic32mx/4.5.2/../../../../pic32mx/lib\libpic32.a(vector5.o)
                0x9fc012a0                __vector_dispatch_5
                0x00000001                ASSERT (((_vector_spacing == 0x0) || (SIZEOF (.vector_5) <= (_vector_spacing << 0x5))), function at exception vector 5 too large)

.vector_6       0x9fc012c0        0x8
 *(.vector_6)
 .vector_6      0x9fc012c0        0x8 c:/program files (x86)/microchip/xc32/v1.34/bin/bin/../../lib/gcc/pic32mx/4.5.2/../../../../pic32mx/lib\libpic32.a(vector6.o)
                0x9fc012c0                __vector_dispatch_6
                0x00000001                ASSERT (((_vector_spacing == 0x0) || (SIZEOF (.vector_6) <= (_vector_spacing << 0x5))), function at exception vector 6 too large)

.vector_7       0x9fc012e0        0x8
 *(.vector_7)
 .vector_7      0x9fc012e0        0x8 c:/program files (x86)/microchip/xc32/v1.34/bin/bin/../../lib/gcc/pic32mx/4.5.2/../../../../pic32mx/lib\libpic32.a(vector7.o)
                0x9fc012e0                __vector_dispatch_7
                0x00000001                ASSERT (((_vector_spacing == 0x0) || (SIZEOF (.vector_7) <= (_vector_spacing << 0x5))), function at exception vector 7 too large)

.vector_8       0x9fc01300        0x8
 *(.vector_8)
 .vector_8      0x9fc01300        0x8 c:/program files (x86)/microchip/xc32/v1.34/bin/bin/../../lib/gcc/pic32mx/4.5.2/../../../../pic32mx/lib\libpic32.a(vector8.o)
                0x9fc01300                __vector_dispatch_8
                0x00000001                ASSERT (((_vector_spacing == 0x0) || (SIZEOF (.vector_8) <= (_vector_spacing << 0x5))), function at exception vector 8 too large)

.vector_9       0x9fc01320        0x8
 *(.vector_9)
 .vector_9      0x9fc01320        0x8 c:/program files (x86)/microchip/xc32/v1.34/bin/bin/../../lib/gcc/pic32mx/4.5.2/../../../../pic32mx/lib\libpic32.a(vector9.o)
                0x9fc01320                __vector_dispatch_9
                0x00000001                ASSERT (((_vector_spacing == 0x0) || (SIZEOF (.vector_9) <= (_vector_spacing << 0x5))), function at exception vector 9 too large)

.vector_10      0x9fc01340        0x8
 *(.vector_10)
 .vector_10     0x9fc01340        0x8 c:/program files (x86)/microchip/xc32/v1.34/bin/bin/../../lib/gcc/pic32mx/4.5.2/../../../../pic32mx/lib\libpic32.a(vector10.o)
                0x9fc01340                __vector_dispatch_10
                0x00000001                ASSERT (((_vector_spacing == 0x0) || (SIZEOF (.vector_10) <= (_vector_spacing << 0x5))), function at exception vector 10 too large)

.vector_11      0x9fc01360        0x8
 *(.vector_11)
 .vector_11     0x9fc01360        0x8 c:/program files (x86)/microchip/xc32/v1.34/bin/bin/../../lib/gcc/pic32mx/4.5.2/../../../../pic32mx/lib\libpic32.a(vector11.o)
                0x9fc01360                __vector_dispatch_11
                0x00000001                ASSERT (((_vector_spacing == 0x0) || (SIZEOF (.vector_11) <= (_vector_spacing << 0x5))), function at exception vector 11 too large)

.vector_12      0x9fc01380        0x8
 *(.vector_12)
 .vector_12     0x9fc01380        0x8 c:/program files (x86)/microchip/xc32/v1.34/bin/bin/../../lib/gcc/pic32mx/4.5.2/../../../../pic32mx/lib\libpic32.a(vector12.o)
                0x9fc01380                __vector_dispatch_12
                0x00000001                ASSERT (((_vector_spacing == 0x0) || (SIZEOF (.vector_12) <= (_vector_spacing << 0x5))), function at exception vector 12 too large)

.vector_13      0x9fc013a0        0x8
 *(.vector_13)
 .vector_13     0x9fc013a0        0x8 c:/program files (x86)/microchip/xc32/v1.34/bin/bin/../../lib/gcc/pic32mx/4.5.2/../../../../pic32mx/lib\libpic32.a(vector13.o)
                0x9fc013a0                __vector_dispatch_13
                0x00000001                ASSERT (((_vector_spacing == 0x0) || (SIZEOF (.vector_13) <= (_vector_spacing << 0x5))), function at exception vector 13 too large)

.vector_14      0x9fc013c0        0x8
 *(.vector_14)
 .vector_14     0x9fc013c0        0x8 c:/program files (x86)/microchip/xc32/v1.34/bin/bin/../../lib/gcc/pic32mx/4.5.2/../../../../pic32mx/lib\libpic32.a(vector14.o)
                0x9fc013c0                __vector_dispatch_14
                0x00000001                ASSERT (((_vector_spacing == 0x0) || (SIZEOF (.vector_14) <= (_vector_spacing << 0x5))), function at exception vector 14 too large)

.vector_15      0x9fc013e0        0x8
 *(.vector_15)
 .vector_15     0x9fc013e0        0x8 c:/program files (x86)/microchip/xc32/v1.34/bin/bin/../../lib/gcc/pic32mx/4.5.2/../../../../pic32mx/lib\libpic32.a(vector15.o)
                0x9fc013e0                __vector_dispatch_15
                0x00000001                ASSERT (((_vector_spacing == 0x0) || (SIZEOF (.vector_15) <= (_vector_spacing << 0x5))), function at exception vector 15 too large)

.vector_16      0x9fc01400        0x8
 *(.vector_16)
 .vector_16     0x9fc01400        0x8 c:/program files (x86)/microchip/xc32/v1.34/bin/bin/../../lib/gcc/pic32mx/4.5.2/../../../../pic32mx/lib\libpic32.a(vector16.o)
                0x9fc01400                __vector_dispatch_16
                0x00000001                ASSERT (((_vector_spacing == 0x0) || (SIZEOF (.vector_16) <= (_vector_spacing << 0x5))), function at exception vector 16 too large)

.vector_17      0x9fc01420        0x8
 *(.vector_17)
 .vector_17     0x9fc01420        0x8 c:/program files (x86)/microchip/xc32/v1.34/bin/bin/../../lib/gcc/pic32mx/4.5.2/../../../../pic32mx/lib\libpic32.a(vector17.o)
                0x9fc01420                __vector_dispatch_17
                0x00000001                ASSERT (((_vector_spacing == 0x0) || (SIZEOF (.vector_17) <= (_vector_spacing << 0x5))), function at exception vector 17 too large)

.vector_18      0x9fc01440        0x8
 *(.vector_18)
 .vector_18     0x9fc01440        0x8 c:/program files (x86)/microchip/xc32/v1.34/bin/bin/../../lib/gcc/pic32mx/4.5.2/../../../../pic32mx/lib\libpic32.a(vector18.o)
                0x9fc01440                __vector_dispatch_18
                0x00000001                ASSERT (((_vector_spacing == 0x0) || (SIZEOF (.vector_18) <= (_vector_spacing << 0x5))), function at exception vector 18 too large)

.vector_19      0x9fc01460        0x8
 *(.vector_19)
 .vector_19     0x9fc01460        0x8 c:/program files (x86)/microchip/xc32/v1.34/bin/bin/../../lib/gcc/pic32mx/4.5.2/../../../../pic32mx/lib\libpic32.a(vector19.o)
                0x9fc01460                __vector_dispatch_19
                0x00000001                ASSERT (((_vector_spacing == 0x0) || (SIZEOF (.vector_19) <= (_vector_spacing << 0x5))), function at exception vector 19 too large)

.vector_20      0x9fc01480        0x8
 *(.vector_20)
 .vector_20     0x9fc01480        0x8 c:/program files (x86)/microchip/xc32/v1.34/bin/bin/../../lib/gcc/pic32mx/4.5.2/../../../../pic32mx/lib\libpic32.a(vector20.o)
                0x9fc01480                __vector_dispatch_20
                0x00000001                ASSERT (((_vector_spacing == 0x0) || (SIZEOF (.vector_20) <= (_vector_spacing << 0x5))), function at exception vector 20 too large)

.vector_21      0x9fc014a0        0x8
 *(.vector_21)
 .vector_21     0x9fc014a0        0x8 c:/program files (x86)/microchip/xc32/v1.34/bin/bin/../../lib/gcc/pic32mx/4.5.2/../../../../pic32mx/lib\libpic32.a(vector21.o)
                0x9fc014a0                __vector_dispatch_21
                0x00000001                ASSERT (((_vector_spacing == 0x0) || (SIZEOF (.vector_21) <= (_vector_spacing << 0x5))), function at exception vector 21 too large)

.vector_22      0x9fc014c0        0x8
 *(.vector_22)
 .vector_22     0x9fc014c0        0x8 c:/program files (x86)/microchip/xc32/v1.34/bin/bin/../../lib/gcc/pic32mx/4.5.2/../../../../pic32mx/lib\libpic32.a(vector22.o)
                0x9fc014c0                __vector_dispatch_22
                0x00000001                ASSERT (((_vector_spacing == 0x0) || (SIZEOF (.vector_22) <= (_vector_spacing << 0x5))), function at exception vector 22 too large)

.vector_23      0x9fc014e0        0x8
 *(.vector_23)
 .vector_23     0x9fc014e0        0x8 c:/program files (x86)/microchip/xc32/v1.34/bin/bin/../../lib/gcc/pic32mx/4.5.2/../../../../pic32mx/lib\libpic32.a(vector23.o)
                0x9fc014e0                __vector_dispatch_23
                0x00000001                ASSERT (((_vector_spacing == 0x0) || (SIZEOF (.vector_23) <= (_vector_spacing << 0x5))), function at exception vector 23 too large)

.vector_24      0x9fc01500        0x8
 *(.vector_24)
 .vector_24     0x9fc01500        0x8 c:/program files (x86)/microchip/xc32/v1.34/bin/bin/../../lib/gcc/pic32mx/4.5.2/../../../../pic32mx/lib\libpic32.a(vector24.o)
                0x9fc01500                __vector_dispatch_24
                0x00000001                ASSERT (((_vector_spacing == 0x0) || (SIZEOF (.vector_24) <= (_vector_spacing << 0x5))), function at exception vector 24 too large)

.vector_25      0x9fc01520        0x8
 *(.vector_25)
 .vector_25     0x9fc01520        0x8 c:/program files (x86)/microchip/xc32/v1.34/bin/bin/../../lib/gcc/pic32mx/4.5.2/../../../../pic32mx/lib\libpic32.a(vector25.o)
                0x9fc01520                __vector_dispatch_25
                0x00000001                ASSERT (((_vector_spacing == 0x0) || (SIZEOF (.vector_25) <= (_vector_spacing << 0x5))), function at exception vector 25 too large)

.vector_26      0x9fc01540        0x8
 *(.vector_26)
 .vector_26     0x9fc01540        0x8 c:/program files (x86)/microchip/xc32/v1.34/bin/bin/../../lib/gcc/pic32mx/4.5.2/../../../../pic32mx/lib\libpic32.a(vector26.o)
                0x9fc01540                __vector_dispatch_26
                0x00000001                ASSERT (((_vector_spacing == 0x0) || (SIZEOF (.vector_26) <= (_vector_spacing << 0x5))), function at exception vector 26 too large)

.vector_27      0x9fc01560        0x8
 *(.vector_27)
 .vector_27     0x9fc01560        0x8 c:/program files (x86)/microchip/xc32/v1.34/bin/bin/../../lib/gcc/pic32mx/4.5.2/../../../../pic32mx/lib\libpic32.a(vector27.o)
                0x9fc01560                __vector_dispatch_27
                0x00000001                ASSERT (((_vector_spacing == 0x0) || (SIZEOF (.vector_27) <= (_vector_spacing << 0x5))), function at exception vector 27 too large)

.vector_28      0x9fc01580        0x8
 *(.vector_28)
 .vector_28     0x9fc01580        0x8 c:/program files (x86)/microchip/xc32/v1.34/bin/bin/../../lib/gcc/pic32mx/4.5.2/../../../../pic32mx/lib\libpic32.a(vector28.o)
                0x9fc01580                __vector_dispatch_28
                0x00000001                ASSERT (((_vector_spacing == 0x0) || (SIZEOF (.vector_28) <= (_vector_spacing << 0x5))), function at exception vector 28 too large)

.vector_29      0x9fc015a0        0x8
 *(.vector_29)
 .vector_29     0x9fc015a0        0x8 c:/program files (x86)/microchip/xc32/v1.34/bin/bin/../../lib/gcc/pic32mx/4.5.2/../../../../pic32mx/lib\libpic32.a(vector29.o)
                0x9fc015a0                __vector_dispatch_29
                0x00000001                ASSERT (((_vector_spacing == 0x0) || (SIZEOF (.vector_29) <= (_vector_spacing << 0x5))), function at exception vector 29 too large)

.vector_30      0x9fc015c0        0x8
 *(.vector_30)
 .vector_30     0x9fc015c0        0x8 c:/program files (x86)/microchip/xc32/v1.34/bin/bin/../../lib/gcc/pic32mx/4.5.2/../../../../pic32mx/lib\libpic32.a(vector30.o)
                0x9fc015c0                __vector_dispatch_30
                0x00000001                ASSERT (((_vector_spacing == 0x0) || (SIZEOF (.vector_30) <= (_vector_spacing << 0x5))), function at exception vector 30 too large)

.vector_31      0x9fc015e0        0x8
 *(.vector_31)
 .vector_31     0x9fc015e0        0x8 c:/program files (x86)/microchip/xc32/v1.34/bin/bin/../../lib/gcc/pic32mx/4.5.2/../../../../pic32mx/lib\libpic32.a(vector31.o)
                0x9fc015e0                __vector_dispatch_31
                0x00000001                ASSERT (((_vector_spacing == 0x0) || (SIZEOF (.vector_31) <= (_vector_spacing << 0x5))), function at exception vector 31 too large)

.vector_32      0x9fc01600        0x8
 *(.vector_32)
 .vector_32     0x9fc01600        0x8 c:/program files (x86)/microchip/xc32/v1.34/bin/bin/../../lib/gcc/pic32mx/4.5.2/../../../../pic32mx/lib\libpic32.a(vector32.o)
                0x9fc01600                __vector_dispatch_32
                0x00000001                ASSERT (((_vector_spacing == 0x0) || (SIZEOF (.vector_32) <= (_vector_spacing << 0x5))), function at exception vector 32 too large)

.vector_33      0x9fc01620        0x8
 *(.vector_33)
 .vector_33     0x9fc01620        0x8 c:/program files (x86)/microchip/xc32/v1.34/bin/bin/../../lib/gcc/pic32mx/4.5.2/../../../../pic32mx/lib\libpic32.a(vector33.o)
                0x9fc01620                __vector_dispatch_33
                0x00000001                ASSERT (((_vector_spacing == 0x0) || (SIZEOF (.vector_33) <= (_vector_spacing << 0x5))), function at exception vector 33 too large)

.vector_34      0x9fc01640        0x8
 *(.vector_34)
 .vector_34     0x9fc01640        0x8 c:/program files (x86)/microchip/xc32/v1.34/bin/bin/../../lib/gcc/pic32mx/4.5.2/../../../../pic32mx/lib\libpic32.a(vector34.o)
                0x9fc01640                __vector_dispatch_34
                0x00000001                ASSERT (((_vector_spacing == 0x0) || (SIZEOF (.vector_34) <= (_vector_spacing << 0x5))), function at exception vector 34 too large)

.vector_35      0x9fc01660        0x8
 *(.vector_35)
 .vector_35     0x9fc01660        0x8 c:/program files (x86)/microchip/xc32/v1.34/bin/bin/../../lib/gcc/pic32mx/4.5.2/../../../../pic32mx/lib\libpic32.a(vector35.o)
                0x9fc01660                __vector_dispatch_35
                0x00000001                ASSERT (((_vector_spacing == 0x0) || (SIZEOF (.vector_35) <= (_vector_spacing << 0x5))), function at exception vector 35 too large)

.vector_36      0x9fc01680        0x8
 *(.vector_36)
 .vector_36     0x9fc01680        0x8 c:/program files (x86)/microchip/xc32/v1.34/bin/bin/../../lib/gcc/pic32mx/4.5.2/../../../../pic32mx/lib\libpic32.a(vector36.o)
                0x9fc01680                __vector_dispatch_36
                0x00000001                ASSERT (((_vector_spacing == 0x0) || (SIZEOF (.vector_36) <= (_vector_spacing << 0x5))), function at exception vector 36 too large)

.vector_37      0x9fc016a0        0x8
 *(.vector_37)
 .vector_37     0x9fc016a0        0x8 c:/program files (x86)/microchip/xc32/v1.34/bin/bin/../../lib/gcc/pic32mx/4.5.2/../../../../pic32mx/lib\libpic32.a(vector37.o)
                0x9fc016a0                __vector_dispatch_37
                0x00000001                ASSERT (((_vector_spacing == 0x0) || (SIZEOF (.vector_37) <= (_vector_spacing << 0x5))), function at exception vector 37 too large)

.vector_38      0x9fc016c0        0x8
 *(.vector_38)
 .vector_38     0x9fc016c0        0x8 c:/program files (x86)/microchip/xc32/v1.34/bin/bin/../../lib/gcc/pic32mx/4.5.2/../../../../pic32mx/lib\libpic32.a(vector38.o)
                0x9fc016c0                __vector_dispatch_38
                0x00000001                ASSERT (((_vector_spacing == 0x0) || (SIZEOF (.vector_38) <= (_vector_spacing << 0x5))), function at exception vector 38 too large)

.vector_39      0x9fc016e0        0x8
 *(.vector_39)
 .vector_39     0x9fc016e0        0x8 c:/program files (x86)/microchip/xc32/v1.34/bin/bin/../../lib/gcc/pic32mx/4.5.2/../../../../pic32mx/lib\libpic32.a(vector39.o)
                0x9fc016e0                __vector_dispatch_39
                0x00000001                ASSERT (((_vector_spacing == 0x0) || (SIZEOF (.vector_39) <= (_vector_spacing << 0x5))), function at exception vector 39 too large)

.vector_40      0x9fc01700        0x8
 *(.vector_40)
 .vector_40     0x9fc01700        0x8 c:/program files (x86)/microchip/xc32/v1.34/bin/bin/../../lib/gcc/pic32mx/4.5.2/../../../../pic32mx/lib\libpic32.a(vector40.o)
                0x9fc01700                __vector_dispatch_40
                0x00000001                ASSERT (((_vector_spacing == 0x0) || (SIZEOF (.vector_40) <= (_vector_spacing << 0x5))), function at exception vector 40 too large)

.vector_41      0x9fc01720        0x8
 *(.vector_41)
 .vector_41     0x9fc01720        0x8 c:/program files (x86)/microchip/xc32/v1.34/bin/bin/../../lib/gcc/pic32mx/4.5.2/../../../../pic32mx/lib\libpic32.a(vector41.o)
                0x9fc01720                __vector_dispatch_41
                0x00000001                ASSERT (((_vector_spacing == 0x0) || (SIZEOF (.vector_41) <= (_vector_spacing << 0x5))), function at exception vector 41 too large)

.vector_42      0x9fc01740        0x8
 *(.vector_42)
 .vector_42     0x9fc01740        0x8 c:/program files (x86)/microchip/xc32/v1.34/bin/bin/../../lib/gcc/pic32mx/4.5.2/../../../../pic32mx/lib\libpic32.a(vector42.o)
                0x9fc01740                __vector_dispatch_42
                0x00000001                ASSERT (((_vector_spacing == 0x0) || (SIZEOF (.vector_42) <= (_vector_spacing << 0x5))), function at exception vector 42 too large)

.vector_43      0x9fc01760        0x8
 *(.vector_43)
 .vector_43     0x9fc01760        0x8 c:/program files (x86)/microchip/xc32/v1.34/bin/bin/../../lib/gcc/pic32mx/4.5.2/../../../../pic32mx/lib\libpic32.a(vector43.o)
                0x9fc01760                __vector_dispatch_43
                0x00000001                ASSERT (((_vector_spacing == 0x0) || (SIZEOF (.vector_43) <= (_vector_spacing << 0x5))), function at exception vector 43 too large)

.vector_44      0x9fc01780        0x8
 *(.vector_44)
 .vector_44     0x9fc01780        0x8 c:/program files (x86)/microchip/xc32/v1.34/bin/bin/../../lib/gcc/pic32mx/4.5.2/../../../../pic32mx/lib\libpic32.a(vector44.o)
                0x9fc01780                __vector_dispatch_44
                0x00000001                ASSERT (((_vector_spacing == 0x0) || (SIZEOF (.vector_44) <= (_vector_spacing << 0x5))), function at exception vector 44 too large)

.vector_45      0x9fc017a0        0x8
 *(.vector_45)
 .vector_45     0x9fc017a0        0x8 c:/program files (x86)/microchip/xc32/v1.34/bin/bin/../../lib/gcc/pic32mx/4.5.2/../../../../pic32mx/lib\libpic32.a(vector45.o)
                0x9fc017a0                __vector_dispatch_45
                0x00000001                ASSERT (((_vector_spacing == 0x0) || (SIZEOF (.vector_45) <= (_vector_spacing << 0x5))), function at exception vector 45 too large)

.vector_46      0x9fc017c0        0x8
 *(.vector_46)
 .vector_46     0x9fc017c0        0x8 c:/program files (x86)/microchip/xc32/v1.34/bin/bin/../../lib/gcc/pic32mx/4.5.2/../../../../pic32mx/lib\libpic32.a(vector46.o)
                0x9fc017c0                __vector_dispatch_46
                0x00000001                ASSERT (((_vector_spacing == 0x0) || (SIZEOF (.vector_46) <= (_vector_spacing << 0x5))), function at exception vector 46 too large)

.vector_47      0x9fc017e0        0x8
 *(.vector_47)
 .vector_47     0x9fc017e0        0x8 c:/program files (x86)/microchip/xc32/v1.34/bin/bin/../../lib/gcc/pic32mx/4.5.2/../../../../pic32mx/lib\libpic32.a(vector47.o)
                0x9fc017e0                __vector_dispatch_47
                0x00000001                ASSERT (((_vector_spacing == 0x0) || (SIZEOF (.vector_47) <= (_vector_spacing << 0x5))), function at exception vector 47 too large)

.vector_48      0x9fc01800        0x8
 *(.vector_48)
 .vector_48     0x9fc01800        0x8 c:/program files (x86)/microchip/xc32/v1.34/bin/bin/../../lib/gcc/pic32mx/4.5.2/../../../../pic32mx/lib\libpic32.a(vector48.o)
                0x9fc01800                __vector_dispatch_48
                0x00000001                ASSERT (((_vector_spacing == 0x0) || (SIZEOF (.vector_48) <= (_vector_spacing << 0x5))), function at exception vector 48 too large)

.vector_49      0x9fc01820        0x8
 *(.vector_49)
 .vector_49     0x9fc01820        0x8 c:/program files (x86)/microchip/xc32/v1.34/bin/bin/../../lib/gcc/pic32mx/4.5.2/../../../../pic32mx/lib\libpic32.a(vector49.o)
                0x9fc01820                __vector_dispatch_49
                0x00000001                ASSERT (((_vector_spacing == 0x0) || (SIZEOF (.vector_49) <= (_vector_spacing << 0x5))), function at exception vector 49 too large)

.vector_50      0x9fc01840        0x8
 *(.vector_50)
 .vector_50     0x9fc01840        0x8 c:/program files (x86)/microchip/xc32/v1.34/bin/bin/../../lib/gcc/pic32mx/4.5.2/../../../../pic32mx/lib\libpic32.a(vector50.o)
                0x9fc01840                __vector_dispatch_50
                0x00000001                ASSERT (((_vector_spacing == 0x0) || (SIZEOF (.vector_50) <= (_vector_spacing << 0x5))), function at exception vector 50 too large)

.vector_51      0x9fc01860        0x8
 *(.vector_51)
 .vector_51     0x9fc01860        0x8 c:/program files (x86)/microchip/xc32/v1.34/bin/bin/../../lib/gcc/pic32mx/4.5.2/../../../../pic32mx/lib\libpic32.a(vector51.o)
                0x9fc01860                __vector_dispatch_51
                0x00000001                ASSERT (((_vector_spacing == 0x0) || (SIZEOF (.vector_51) <= (_vector_spacing << 0x5))), function at exception vector 51 too large)

.vector_52      0x9fc01880        0x0
 *(.vector_52)
                0x00000001                ASSERT (((_vector_spacing == 0x0) || (SIZEOF (.vector_52) <= (_vector_spacing << 0x5))), function at exception vector 52 too large)

.vector_53      0x9fc018a0        0x0
 *(.vector_53)
                0x00000001                ASSERT (((_vector_spacing == 0x0) || (SIZEOF (.vector_53) <= (_vector_spacing << 0x5))), function at exception vector 53 too large)

.vector_54      0x9fc018c0        0x0
 *(.vector_54)
                0x00000001                ASSERT (((_vector_spacing == 0x0) || (SIZEOF (.vector_54) <= (_vector_spacing << 0x5))), function at exception vector 54 too large)

.vector_55      0x9fc018e0        0x0
 *(.vector_55)
                0x00000001                ASSERT (((_vector_spacing == 0x0) || (SIZEOF (.vector_55) <= (_vector_spacing << 0x5))), function at exception vector 55 too large)

.vector_56      0x9fc01900        0x0
 *(.vector_56)
                0x00000001                ASSERT (((_vector_spacing == 0x0) || (SIZEOF (.vector_56) <= (_vector_spacing << 0x5))), function at exception vector 56 too large)

.vector_57      0x9fc01920        0x0
 *(.vector_57)
                0x00000001                ASSERT (((_vector_spacing == 0x0) || (SIZEOF (.vector_57) <= (_vector_spacing << 0x5))), function at exception vector 57 too large)

.vector_58      0x9fc01940        0x0
 *(.vector_58)
                0x00000001                ASSERT (((_vector_spacing == 0x0) || (SIZEOF (.vector_58) <= (_vector_spacing << 0x5))), function at exception vector 58 too large)

.vector_59      0x9fc01960        0x0
 *(.vector_59)
                0x00000001                ASSERT (((_vector_spacing == 0x0) || (SIZEOF (.vector_59) <= (_vector_spacing << 0x5))), function at exception vector 59 too large)

.vector_60      0x9fc01980        0x0
 *(.vector_60)
                0x00000001                ASSERT (((_vector_spacing == 0x0) || (SIZEOF (.vector_60) <= (_vector_spacing << 0x5))), function at exception vector 60 too large)

.vector_61      0x9fc019a0        0x0
 *(.vector_61)
                0x00000001                ASSERT (((_vector_spacing == 0x0) || (SIZEOF (.vector_61) <= (_vector_spacing << 0x5))), function at exception vector 61 too large)

.vector_62      0x9fc019c0        0x0
 *(.vector_62)
                0x00000001                ASSERT (((_vector_spacing == 0x0) || (SIZEOF (.vector_62) <= (_vector_spacing << 0x5))), function at exception vector 62 too large)

.vector_63      0x9fc019e0        0x0
 *(.vector_63)
                0x00000001                ASSERT (((_vector_spacing == 0x0) || (SIZEOF (.vector_63) <= (_vector_spacing << 0x5))), function at exception vector 63 too large)

.startup
 *(.startup)

.text           0x9d000000        0x0
 *(.stub .gnu.linkonce.t.*)
 *(.text.*personality*)
 *(.mips16.fn.*)
 *(.mips16.call.*)
 *(.gnu.warning)
                0x9d000000                . = ALIGN (0x4)

.init           0x9d000000        0x0
 *crti.o(.init)
 *crtbegin.o(.init)
 *(EXCLUDE_FILE(*crtn.o *crtend?.o *crtend.o) .init)
 *crtend.o(.init)
 *crtn.o(.init)
                0x9d000000                . = ALIGN (0x4)

.fini           0x9d000000        0x0
 *(.fini)
                0x9d000000                . = ALIGN (0x4)

.preinit_array  0x9d000000        0x0
                0x9d000000                PROVIDE (__preinit_array_start, .)
 *(.preinit_array)
                0x9d000000                PROVIDE (__preinit_array_end, .)
                0x9d000000                . = ALIGN (0x4)

.init_array     0x9d000000        0x0
                0x9d000000                PROVIDE (__init_array_start, .)
 *(SORT(.init_array.*))
 *(.init_array)
                0x9d000000                PROVIDE (__init_array_end, .)
                0x9d000000                . = ALIGN (0x4)

.fini_array     0x9d000000        0x0
                0x9d000000                PROVIDE (__fini_array_start, .)
 *(SORT(.fini_array.*))
 *(.fini_array)
                0x9d000000                PROVIDE (__fini_array_end, .)
                0x9d000000                . = ALIGN (0x4)

.ctors          0x9d000000        0x0
 *crtbegin.o(.ctors)
 *crtbegin?.o(.ctors)
 *(EXCLUDE_FILE(*crtend?.o *crtend.o) .ctors)
 *(SORT(.ctors.*))
 *(.ctors)
                0x9d000000                . = ALIGN (0x4)

.dtors          0x9d000000        0x0
 *crtbegin.o(.dtors)
 *crtbegin?.o(.dtors)
 *(EXCLUDE_FILE(*crtend?.o *crtend.o) .dtors)
 *(SORT(.dtors.*))
 *(.dtors)
                0x9d000000                . = ALIGN (0x4)

.rodata         0x9d000000        0x0
 *(.gnu.linkonce.r.*)
 *(.rodata1)
                0x9d000000                . = ALIGN (0x4)

.sdata2         0x9fc00490        0x0
 *(.sdata2 .sdata2.* .gnu.linkonce.s2.*)
                0x9fc00490                . = ALIGN (0x4)

.sbss2          0x9fc00490        0x0
 *(.sbss2 .sbss2.* .gnu.linkonce.sb2.*)
                0x9fc00490                . = ALIGN (0x4)

.eh_frame_hdr
 *(.eh_frame_hdr)
                0x9fc00490                . = ALIGN (0x4)

.eh_frame
 *(.eh_frame)
                0x9fc00490                . = ALIGN (0x4)

.gcc_except_table
 *(.gcc_except_table .gcc_except_table.*)
                0x9fc00490                . = ALIGN (0x4)

.dbg_data       0xa0000000        0x0
                0xa0000000                . = (. + DEFINED (_DEBUGGER)?0x200:0x0)

.jcr            0xa0000000        0x0
 *(.jcr)
                0xa0000000                . = ALIGN (0x4)

.eh_frame
 *(.eh_frame)
                0xa0000000                . = ALIGN (0x4)

.gcc_except_table
 *(.gcc_except_table .gcc_except_table.*)
                0xa0000000                . = ALIGN (0x4)

.persist        0xa0000000        0x0
                0xa0000000                _persist_begin = .
 *(.persist .persist.*)
 *(.pbss .pbss.*)
                0xa0000000                . = ALIGN (0x4)
                0xa0000000                _persist_end = .

.data           0xa0000000        0x0
 *(.gnu.linkonce.d.*)
 *(.data1)
                0xa0000000                . = ALIGN (0x4)
                0xa0000000                . = .
                0xa0007ff0                _gp = (ALIGN (0x10) + 0x7ff0)

.got            0xa0000000        0x0
 *(.got.plt)
 *(.got)
                0xa0000000                . = ALIGN (0x4)

.sdata          0xa0000000       0x20
                0xa0000000                _sdata_begin = .
 *(.sdata .sdata.* .gnu.linkonce.s.*)
 .sdata         0xa0000000        0x4 build/pic32mx_usb_sk2_meb1/production/_ext/1360937237/app1.o
 .sdata         0xa0000004        0x4 build/pic32mx_usb_sk2_meb1/production/_ext/1957075778/drv_gfx_ssd1926.o
 .sdata         0xa0000008        0x1 build/pic32mx_usb_sk2_meb1/production/_ext/1290158464/drv_ssd1289.o
 *fill*         0xa0000009        0x3 
 .sdata         0xa000000c        0xc build/pic32mx_usb_sk2_meb1/production/_ext/730596771/gfx_primitive.o
 .sdata         0xa0000018        0x4 build/pic32mx_usb_sk2_meb1/production/_ext/789006650/port.o
                0xa0000018                uxInterruptNesting
 .sdata         0xa000001c        0x4 build/pic32mx_usb_sk2_meb1/production/_ext/161854096/tasks.o
                0xa0000020                . = ALIGN (0x4)
                0xa0000020                _sdata_end = .

.lit8
 *(.lit8)

.lit4
 *(.lit4)
                0xa0000020                . = ALIGN (0x4)
                0xa0000020                _data_end = .
                0xa0000020                _bss_begin = .

.sbss           0xa0000020      0x1d8
                0xa0000020                _sbss_begin = .
 *(.dynsbss)
 *(.sbss .sbss.* .gnu.linkonce.sb.*)
 .sbss          0xa0000020        0xc build/pic32mx_usb_sk2_meb1/production/_ext/1967581271/system_exceptions.o
 .sbss          0xa000002c        0x2 build/pic32mx_usb_sk2_meb1/production/_ext/1360937237/app1.o
                0xa000002c                ScreenColor_Index
 *fill*         0xa000002e        0x2 
 .sbss          0xa0000030       0x2c build/pic32mx_usb_sk2_meb1/production/_ext/1957075778/drv_gfx_ssd1926.o
 .sbss          0xa000005c       0xf4 build/pic32mx_usb_sk2_meb1/production/_ext/730596771/gfx_primitive.o
 .sbss          0xa0000150        0x8 build/pic32mx_usb_sk2_meb1/production/_ext/427228813/heap_1.o
 .sbss          0xa0000158        0x4 build/pic32mx_usb_sk2_meb1/production/_ext/789006650/port.o
                0xa0000158                uxSavedTaskStackPointer
 .sbss          0xa000015c       0x1c build/pic32mx_usb_sk2_meb1/production/_ext/161854096/croutine.o
                0xa000015c                pxCurrentCoRoutine
 .sbss          0xa0000178       0x34 build/pic32mx_usb_sk2_meb1/production/_ext/161854096/tasks.o
                0xa0000178                pxCurrentTCB
 *(.scommon)
 .scommon       0xa00001ac        0x8 build/pic32mx_usb_sk2_meb1/production/_ext/1967581271/system_init.o
                0xa00001ac                sysObj
 .scommon       0xa00001b4        0x4 build/pic32mx_usb_sk2_meb1/production/_ext/1360937237/app.o
                0xa00001b4                appData
 .scommon       0xa00001b8        0x4 build/pic32mx_usb_sk2_meb1/production/_ext/1360937237/app1.o
                0xa00001b8                app1Data
 .scommon       0xa00001bc        0x1 build/pic32mx_usb_sk2_meb1/production/_ext/1957075778/drv_gfx_ssd1926.o
                0xa00001bc                dataWidth
 *fill*         0xa00001bd        0x3 
 .scommon       0xa00001c0       0x30 build/pic32mx_usb_sk2_meb1/production/_ext/730596771/gfx_primitive.o
                0xa00001c0                _visualPage
                0xa00001c2                Width
                0xa00001c4                Starty
                0xa00001c6                Startx
                0xa00001c8                gfxDrv
                0xa00001cc                y
                0xa00001ce                x
                0xa00001d0                _type
                0xa00001d2                _top
                0xa00001d4                _left
                0xa00001d6                _instance
                0xa00001d8                _height
                0xa00001dc                _srcpageaddr
                0xa00001e0                _width
                0xa00001e2                _param2
                0xa00001e4                _param1
                0xa00001e8                _destpageaddr
                0xa00001ec                Height
                0xa00001ee                _delay_ms
 .scommon       0xa00001f0        0x8 build/pic32mx_usb_sk2_meb1/production/_ext/912498863/sys_devcon.o
                0xa00001f0                sysDevconObj
                0xa00001f8                _sbss_end = .
                0xa00001f8                . = ALIGN (0x4)

.bss            0xa00001f8       0x4c
 *(.dynbss)
 *(COMMON)
 COMMON         0xa00001f8        0xe build/pic32mx_usb_sk2_meb1/production/_ext/1360937237/app1.o
                0xa00001f8                ScreenColor
 *fill*         0xa0000206        0x2 
 COMMON         0xa0000208       0x3c build/pic32mx_usb_sk2_meb1/production/_ext/1957075778/drv_gfx_ssd1926.o
                0xa0000208                ssdInterface
                0xa0000238                commandBuffer
                0xa0000244                . = ALIGN ((. != 0x0)?0x4:0x1)
                0xa0000244                . = ALIGN (0x4)
                0xa0000244                _end = .
                0xa0000244                _bss_end = .
                0x00020000                _bmxdudba_address = 0x20000
                0x00020000                _bmxdupba_address = 0x20000

/DISCARD/
 *(.pdr)
 *(.rel.dyn)
 *(.note.GNU-stack)
 *(.note.GNU-stack)
 *(.gnu_debuglink)
 *(.gnu.lto_*)
 *(.discard)

.gptab.sdata
 *(.gptab.data)
 *(.gptab.sdata)

.gptab.sbss
 *(.gptab.bss)
 *(.gptab.sbss)

.mdebug.abi32   0xa0000244        0x0
 *(.mdebug.abi32)
 .mdebug.abi32  0xa0000244        0x0 build/pic32mx_usb_sk2_meb1/production/_ext/401742040/drv_pmp_static.o
 .mdebug.abi32  0xa0000244        0x0 build/pic32mx_usb_sk2_meb1/production/_ext/1705683822/sys_clk_static.o
 .mdebug.abi32  0xa0000244        0x0 build/pic32mx_usb_sk2_meb1/production/_ext/1287030942/sys_ports_static.o
 .mdebug.abi32  0xa0000244        0x0 build/pic32mx_usb_sk2_meb1/production/_ext/1967581271/system_init.o
 .mdebug.abi32  0xa0000244        0x0 build/pic32mx_usb_sk2_meb1/production/_ext/1967581271/system_interrupt.o
 .mdebug.abi32  0xa0000244        0x0 build/pic32mx_usb_sk2_meb1/production/_ext/1967581271/system_exceptions.o
 .mdebug.abi32  0xa0000244        0x0 build/pic32mx_usb_sk2_meb1/production/_ext/1967581271/system_tasks.o
 .mdebug.abi32  0xa0000244        0x0 build/pic32mx_usb_sk2_meb1/production/_ext/1967581271/rtos_hooks.o
 .mdebug.abi32  0xa0000244        0x0 build/pic32mx_usb_sk2_meb1/production/_ext/1360937237/app.o
 .mdebug.abi32  0xa0000244        0x0 build/pic32mx_usb_sk2_meb1/production/_ext/1360937237/app1.o
 .mdebug.abi32  0xa0000244        0x0 build/pic32mx_usb_sk2_meb1/production/_ext/1360937237/main.o
 .mdebug.abi32  0xa0000244        0x0 build/pic32mx_usb_sk2_meb1/production/_ext/1036648003/bsp_sys_init.o
 .mdebug.abi32  0xa0000244        0x0 build/pic32mx_usb_sk2_meb1/production/_ext/2133122808/drv_xc2c64a.o
 .mdebug.abi32  0xa0000244        0x0 build/pic32mx_usb_sk2_meb1/production/_ext/1957075778/drv_gfx_ssd1926.o
 .mdebug.abi32  0xa0000244        0x0 build/pic32mx_usb_sk2_meb1/production/_ext/1290158464/drv_ssd1289.o
 .mdebug.abi32  0xa0000244        0x0 build/pic32mx_usb_sk2_meb1/production/_ext/730596771/gfx.o
 .mdebug.abi32  0xa0000244        0x0 build/pic32mx_usb_sk2_meb1/production/_ext/730596771/gfx_primitive.o
 .mdebug.abi32  0xa0000244        0x0 build/pic32mx_usb_sk2_meb1/production/_ext/2067596619/osal_freertos.o
 .mdebug.abi32  0xa0000244        0x0 build/pic32mx_usb_sk2_meb1/production/_ext/912498863/sys_devcon.o
 .mdebug.abi32  0xa0000244        0x0 build/pic32mx_usb_sk2_meb1/production/_ext/912498863/sys_devcon_pic32mx.o
 .mdebug.abi32  0xa0000244        0x0 build/pic32mx_usb_sk2_meb1/production/_ext/711155467/sys_int_pic32.o
 .mdebug.abi32  0xa0000244        0x0 build/pic32mx_usb_sk2_meb1/production/_ext/1653354328/sys_ports.o
 .mdebug.abi32  0xa0000244        0x0 build/pic32mx_usb_sk2_meb1/production/_ext/427228813/heap_1.o
 .mdebug.abi32  0xa0000244        0x0 build/pic32mx_usb_sk2_meb1/production/_ext/789006650/port.o
 .mdebug.abi32  0xa0000244        0x0 build/pic32mx_usb_sk2_meb1/production/_ext/161854096/croutine.o
 .mdebug.abi32  0xa0000244        0x0 build/pic32mx_usb_sk2_meb1/production/_ext/161854096/list.o
 .mdebug.abi32  0xa0000244        0x0 build/pic32mx_usb_sk2_meb1/production/_ext/161854096/queue.o
 .mdebug.abi32  0xa0000244        0x0 build/pic32mx_usb_sk2_meb1/production/_ext/161854096/tasks.o
 .mdebug.abi32  0xa0000244        0x0 build/pic32mx_usb_sk2_meb1/production/_ext/161854096/timers.o
 .mdebug.abi32  0xa0000244        0x0 build/pic32mx_usb_sk2_meb1/production/_ext/161854096/event_groups.o
 .mdebug.abi32  0xa0000244        0x0 c:/program files (x86)/microchip/xc32/v1.34/bin/bin/../../lib/gcc/pic32mx/4.5.2/../../../../pic32mx/lib\libpic32.a(default-bootstrap-exception-handler.o)
 .mdebug.abi32  0xa0000244        0x0 c:/program files (x86)/microchip/xc32/v1.34/bin/bin/../../lib/gcc/pic32mx/4.5.2/../../../../pic32mx/lib\libpic32.a(default-on-reset.o)
 .mdebug.abi32  0xa0000244        0x0 c:/program files (x86)/microchip/xc32/v1.34/bin/bin/../../lib/gcc/pic32mx/4.5.2/../../../../pic32mx/lib\libpic32.a(default-on-bootstrap.o)
 .mdebug.abi32  0xa0000244        0x0 c:/program files (x86)/microchip/xc32/v1.34/bin/bin/../../lib/gcc/pic32mx/4.5.2/../../../../pic32mx/lib\libpic32.a(defaultinterrupt.o)

.mdebug.abiN32
 *(.mdebug.abiN32)

.mdebug.abi64
 *(.mdebug.abi64)

.mdebug.abiO64
 *(.mdebug.abiO64)

.mdebug.eabi32
 *(.mdebug.eabi32)

.mdebug.eabi64
 *(.mdebug.eabi64)

.gcc_compiled_long32
 *(.gcc_compiled_long32)

.gcc_compiled_long64
 *(.gcc_compiled_long64)

.stab
 *(.stab)

.stabstr
 *(.stabstr)

.stab.excl
 *(.stab.excl)

.stab.exclstr
 *(.stab.exclstr)

.stab.index
 *(.stab.index)

.stab.indexstr
 *(.stab.indexstr)

.comment        0x00000000       0x6c
 *(.comment)
 .comment       0x00000000       0x3c build/pic32mx_usb_sk2_meb1/production/_ext/401742040/drv_pmp_static.o
                                 0x3d (size before relaxing)
 .comment       0x00000000       0x3d build/pic32mx_usb_sk2_meb1/production/_ext/1705683822/sys_clk_static.o
 .comment       0x00000000       0x3d build/pic32mx_usb_sk2_meb1/production/_ext/1287030942/sys_ports_static.o
 .comment       0x00000000       0x3d build/pic32mx_usb_sk2_meb1/production/_ext/1967581271/system_init.o
 .comment       0x00000000       0x3d build/pic32mx_usb_sk2_meb1/production/_ext/1967581271/system_interrupt.o
 .comment       0x00000000       0x3d build/pic32mx_usb_sk2_meb1/production/_ext/1967581271/system_exceptions.o
 .comment       0x00000000       0x3d build/pic32mx_usb_sk2_meb1/production/_ext/1967581271/system_tasks.o
 .comment       0x00000000       0x3d build/pic32mx_usb_sk2_meb1/production/_ext/1967581271/rtos_hooks.o
 .comment       0x00000000       0x3d build/pic32mx_usb_sk2_meb1/production/_ext/1360937237/app.o
 .comment       0x00000000       0x3d build/pic32mx_usb_sk2_meb1/production/_ext/1360937237/app1.o
 .comment       0x00000000       0x3d build/pic32mx_usb_sk2_meb1/production/_ext/1360937237/main.o
 .comment       0x00000000       0x3d build/pic32mx_usb_sk2_meb1/production/_ext/1036648003/bsp_sys_init.o
 .comment       0x00000000       0x3d build/pic32mx_usb_sk2_meb1/production/_ext/2133122808/drv_xc2c64a.o
 .comment       0x00000000       0x3d build/pic32mx_usb_sk2_meb1/production/_ext/1957075778/drv_gfx_ssd1926.o
 .comment       0x00000000       0x3d build/pic32mx_usb_sk2_meb1/production/_ext/1290158464/drv_ssd1289.o
 .comment       0x00000000       0x3d build/pic32mx_usb_sk2_meb1/production/_ext/730596771/gfx.o
 .comment       0x00000000       0x3d build/pic32mx_usb_sk2_meb1/production/_ext/730596771/gfx_primitive.o
 .comment       0x00000000       0x3d build/pic32mx_usb_sk2_meb1/production/_ext/2067596619/osal_freertos.o
 .comment       0x00000000       0x3d build/pic32mx_usb_sk2_meb1/production/_ext/912498863/sys_devcon.o
 .comment       0x00000000       0x3d build/pic32mx_usb_sk2_meb1/production/_ext/912498863/sys_devcon_pic32mx.o
 .comment       0x00000000       0x3d build/pic32mx_usb_sk2_meb1/production/_ext/711155467/sys_int_pic32.o
 .comment       0x00000000       0x3d build/pic32mx_usb_sk2_meb1/production/_ext/1653354328/sys_ports.o
 .comment       0x00000000       0x3d build/pic32mx_usb_sk2_meb1/production/_ext/427228813/heap_1.o
 .comment       0x00000000       0x3d build/pic32mx_usb_sk2_meb1/production/_ext/789006650/port.o
 .comment       0x00000000       0x3d build/pic32mx_usb_sk2_meb1/production/_ext/161854096/croutine.o
 .comment       0x00000000       0x3d build/pic32mx_usb_sk2_meb1/production/_ext/161854096/list.o
 .comment       0x00000000       0x3d build/pic32mx_usb_sk2_meb1/production/_ext/161854096/queue.o
 .comment       0x00000000       0x3d build/pic32mx_usb_sk2_meb1/production/_ext/161854096/tasks.o
 .comment       0x00000000       0x3d build/pic32mx_usb_sk2_meb1/production/_ext/161854096/timers.o
 .comment       0x00000000       0x3d build/pic32mx_usb_sk2_meb1/production/_ext/161854096/event_groups.o
 .comment       0x0000003c       0x18 c:/program files (x86)/microchip/xc32/v1.34/bin/bin/../../lib/gcc/pic32mx/4.5.2/../../../../pic32mx/lib\libpic32.a(memcmp.o)
                                 0x19 (size before relaxing)
 .comment       0x00000054       0x18 c:/program files (x86)/microchip/xc32/v1.34/bin/bin/../../lib/gcc/pic32mx/4.5.2/../../../../pic32mx/lib\libpic32.a(memset.o)
                                 0x19 (size before relaxing)
 .comment       0x00000000       0x3d c:/program files (x86)/microchip/xc32/v1.34/bin/bin/../../lib/gcc/pic32mx/4.5.2/../../../../pic32mx/lib\libpic32.a(default-bootstrap-exception-handler.o)
 .comment       0x00000000       0x3d c:/program files (x86)/microchip/xc32/v1.34/bin/bin/../../lib/gcc/pic32mx/4.5.2/../../../../pic32mx/lib\libpic32.a(default-on-reset.o)
 .comment       0x00000000       0x3d c:/program files (x86)/microchip/xc32/v1.34/bin/bin/../../lib/gcc/pic32mx/4.5.2/../../../../pic32mx/lib\libpic32.a(default-on-bootstrap.o)
 .comment       0x00000000       0x3d c:/program files (x86)/microchip/xc32/v1.34/bin/bin/../../lib/gcc/pic32mx/4.5.2/../../../../pic32mx/lib\libpic32.a(defaultinterrupt.o)

.debug
 *(.debug)

.line
 *(.line)

.debug_srcinfo
 *(.debug_srcinfo)

.debug_sfnames
 *(.debug_sfnames)

.debug_aranges  0x00000000      0xd90
 *(.debug_aranges)
 .debug_aranges
                0x00000000       0x40 build/pic32mx_usb_sk2_meb1/production/_ext/401742040/drv_pmp_static.o
 .debug_aranges
                0x00000040       0x38 build/pic32mx_usb_sk2_meb1/production/_ext/1705683822/sys_clk_static.o
 .debug_aranges
                0x00000078       0x20 build/pic32mx_usb_sk2_meb1/production/_ext/1287030942/sys_ports_static.o
 .debug_aranges
                0x00000098       0x20 build/pic32mx_usb_sk2_meb1/production/_ext/1967581271/system_init.o
 .debug_aranges
                0x000000b8       0x20 build/pic32mx_usb_sk2_meb1/production/_ext/1967581271/system_exceptions.o
 .debug_aranges
                0x000000d8       0x38 build/pic32mx_usb_sk2_meb1/production/_ext/1967581271/system_tasks.o
 .debug_aranges
                0x00000110       0x28 build/pic32mx_usb_sk2_meb1/production/_ext/1967581271/rtos_hooks.o
 .debug_aranges
                0x00000138       0x28 build/pic32mx_usb_sk2_meb1/production/_ext/1360937237/app.o
 .debug_aranges
                0x00000160       0x28 build/pic32mx_usb_sk2_meb1/production/_ext/1360937237/app1.o
 .debug_aranges
                0x00000188       0x20 build/pic32mx_usb_sk2_meb1/production/_ext/1360937237/main.o
 .debug_aranges
                0x000001a8       0x60 build/pic32mx_usb_sk2_meb1/production/_ext/1036648003/bsp_sys_init.o
 .debug_aranges
                0x00000208       0x68 build/pic32mx_usb_sk2_meb1/production/_ext/2133122808/drv_xc2c64a.o
 .debug_aranges
                0x00000270       0xb0 build/pic32mx_usb_sk2_meb1/production/_ext/1957075778/drv_gfx_ssd1926.o
 .debug_aranges
                0x00000320       0x40 build/pic32mx_usb_sk2_meb1/production/_ext/1290158464/drv_ssd1289.o
 .debug_aranges
                0x00000360       0x48 build/pic32mx_usb_sk2_meb1/production/_ext/730596771/gfx.o
 .debug_aranges
                0x000003a8      0x360 build/pic32mx_usb_sk2_meb1/production/_ext/730596771/gfx_primitive.o
 .debug_aranges
                0x00000708       0x88 build/pic32mx_usb_sk2_meb1/production/_ext/2067596619/osal_freertos.o
 .debug_aranges
                0x00000790       0x78 build/pic32mx_usb_sk2_meb1/production/_ext/912498863/sys_devcon.o
 .debug_aranges
                0x00000808       0x20 build/pic32mx_usb_sk2_meb1/production/_ext/912498863/sys_devcon_pic32mx.o
 .debug_aranges
                0x00000828       0x48 build/pic32mx_usb_sk2_meb1/production/_ext/711155467/sys_int_pic32.o
 .debug_aranges
                0x00000870       0xf8 build/pic32mx_usb_sk2_meb1/production/_ext/1653354328/sys_ports.o
 .debug_aranges
                0x00000968       0x38 build/pic32mx_usb_sk2_meb1/production/_ext/427228813/heap_1.o
 .debug_aranges
                0x000009a0       0x58 build/pic32mx_usb_sk2_meb1/production/_ext/789006650/port.o
 .debug_aranges
                0x000009f8       0x20 build/pic32mx_usb_sk2_meb1/production/_ext/789006650/port_asm.o
 .debug_aranges
                0x00000a18       0x38 build/pic32mx_usb_sk2_meb1/production/_ext/161854096/croutine.o
 .debug_aranges
                0x00000a50       0x40 build/pic32mx_usb_sk2_meb1/production/_ext/161854096/list.o
 .debug_aranges
                0x00000a90       0xb0 build/pic32mx_usb_sk2_meb1/production/_ext/161854096/queue.o
 .debug_aranges
                0x00000b40      0x168 build/pic32mx_usb_sk2_meb1/production/_ext/161854096/tasks.o
 .debug_aranges
                0x00000ca8       0x68 build/pic32mx_usb_sk2_meb1/production/_ext/161854096/event_groups.o
 .debug_aranges
                0x00000d10       0x20 c:/program files (x86)/microchip/xc32/v1.34/bin/bin/../../lib/gcc/pic32mx/4.5.2/../../../../pic32mx/lib\libpic32.a(default-bootstrap-exception-handler.o)
 .debug_aranges
                0x00000d30       0x20 c:/program files (x86)/microchip/xc32/v1.34/bin/bin/../../lib/gcc/pic32mx/4.5.2/../../../../pic32mx/lib\libpic32.a(default-on-reset.o)
 .debug_aranges
                0x00000d50       0x20 c:/program files (x86)/microchip/xc32/v1.34/bin/bin/../../lib/gcc/pic32mx/4.5.2/../../../../pic32mx/lib\libpic32.a(default-on-bootstrap.o)
 .debug_aranges
                0x00000d70       0x20 c:/program files (x86)/microchip/xc32/v1.34/bin/bin/../../lib/gcc/pic32mx/4.5.2/../../../../pic32mx/lib\libpic32.a(defaultinterrupt.o)

.debug_pubnames
                0x00000000     0x23cc
 *(.debug_pubnames)
 .debug_pubnames
                0x00000000       0x7e build/pic32mx_usb_sk2_meb1/production/_ext/401742040/drv_pmp_static.o
 .debug_pubnames
                0x0000007e       0x92 build/pic32mx_usb_sk2_meb1/production/_ext/1705683822/sys_clk_static.o
 .debug_pubnames
                0x00000110       0x2b build/pic32mx_usb_sk2_meb1/production/_ext/1287030942/sys_ports_static.o
 .debug_pubnames
                0x0000013b       0x5e build/pic32mx_usb_sk2_meb1/production/_ext/1967581271/system_init.o
 .debug_pubnames
                0x00000199       0x31 build/pic32mx_usb_sk2_meb1/production/_ext/1967581271/system_exceptions.o
 .debug_pubnames
                0x000001ca       0x20 build/pic32mx_usb_sk2_meb1/production/_ext/1967581271/system_tasks.o
 .debug_pubnames
                0x000001ea       0x55 build/pic32mx_usb_sk2_meb1/production/_ext/1967581271/rtos_hooks.o
 .debug_pubnames
                0x0000023f       0x3f build/pic32mx_usb_sk2_meb1/production/_ext/1360937237/app.o
 .debug_pubnames
                0x0000027e       0x68 build/pic32mx_usb_sk2_meb1/production/_ext/1360937237/app1.o
 .debug_pubnames
                0x000002e6       0x1b build/pic32mx_usb_sk2_meb1/production/_ext/1360937237/main.o
 .debug_pubnames
                0x00000301       0xd5 build/pic32mx_usb_sk2_meb1/production/_ext/1036648003/bsp_sys_init.o
 .debug_pubnames
                0x000003d6      0x123 build/pic32mx_usb_sk2_meb1/production/_ext/2133122808/drv_xc2c64a.o
 .debug_pubnames
                0x000004f9      0x262 build/pic32mx_usb_sk2_meb1/production/_ext/1957075778/drv_gfx_ssd1926.o
 .debug_pubnames
                0x0000075b       0x81 build/pic32mx_usb_sk2_meb1/production/_ext/1290158464/drv_ssd1289.o
 .debug_pubnames
                0x000007dc       0x72 build/pic32mx_usb_sk2_meb1/production/_ext/730596771/gfx.o
 .debug_pubnames
                0x0000084e      0xb02 build/pic32mx_usb_sk2_meb1/production/_ext/730596771/gfx_primitive.o
 .debug_pubnames
                0x00001350      0x129 build/pic32mx_usb_sk2_meb1/production/_ext/2067596619/osal_freertos.o
 .debug_pubnames
                0x00001479      0x160 build/pic32mx_usb_sk2_meb1/production/_ext/912498863/sys_devcon.o
 .debug_pubnames
                0x000015d9       0x33 build/pic32mx_usb_sk2_meb1/production/_ext/912498863/sys_devcon_pic32mx.o
 .debug_pubnames
                0x0000160c       0xb9 build/pic32mx_usb_sk2_meb1/production/_ext/711155467/sys_int_pic32.o
 .debug_pubnames
                0x000016c5      0x376 build/pic32mx_usb_sk2_meb1/production/_ext/1653354328/sys_ports.o
 .debug_pubnames
                0x00001a3b       0x64 build/pic32mx_usb_sk2_meb1/production/_ext/427228813/heap_1.o
 .debug_pubnames
                0x00001a9f      0x130 build/pic32mx_usb_sk2_meb1/production/_ext/789006650/port.o
 .debug_pubnames
                0x00001bcf       0x96 build/pic32mx_usb_sk2_meb1/production/_ext/161854096/croutine.o
 .debug_pubnames
                0x00001c65       0x72 build/pic32mx_usb_sk2_meb1/production/_ext/161854096/list.o
 .debug_pubnames
                0x00001cd7      0x1ae build/pic32mx_usb_sk2_meb1/production/_ext/161854096/queue.o
 .debug_pubnames
                0x00001e85      0x3b0 build/pic32mx_usb_sk2_meb1/production/_ext/161854096/tasks.o
 .debug_pubnames
                0x00002235       0xf8 build/pic32mx_usb_sk2_meb1/production/_ext/161854096/event_groups.o
 .debug_pubnames
                0x0000232d       0x33 c:/program files (x86)/microchip/xc32/v1.34/bin/bin/../../lib/gcc/pic32mx/4.5.2/../../../../pic32mx/lib\libpic32.a(default-bootstrap-exception-handler.o)
 .debug_pubnames
                0x00002360       0x20 c:/program files (x86)/microchip/xc32/v1.34/bin/bin/../../lib/gcc/pic32mx/4.5.2/../../../../pic32mx/lib\libpic32.a(default-on-reset.o)
 .debug_pubnames
                0x00002380       0x24 c:/program files (x86)/microchip/xc32/v1.34/bin/bin/../../lib/gcc/pic32mx/4.5.2/../../../../pic32mx/lib\libpic32.a(default-on-bootstrap.o)
 .debug_pubnames
                0x000023a4       0x28 c:/program files (x86)/microchip/xc32/v1.34/bin/bin/../../lib/gcc/pic32mx/4.5.2/../../../../pic32mx/lib\libpic32.a(defaultinterrupt.o)

.debug_info     0x00000000    0x258fe
 *(.debug_info .gnu.linkonce.wi.*)
 .debug_info    0x00000000     0x18cd build/pic32mx_usb_sk2_meb1/production/_ext/401742040/drv_pmp_static.o
 .debug_info    0x000018cd     0x113b build/pic32mx_usb_sk2_meb1/production/_ext/1705683822/sys_clk_static.o
 .debug_info    0x00002a08     0x1332 build/pic32mx_usb_sk2_meb1/production/_ext/1287030942/sys_ports_static.o
 .debug_info    0x00003d3a     0x15c9 build/pic32mx_usb_sk2_meb1/production/_ext/1967581271/system_init.o
 .debug_info    0x00005303      0x7f2 build/pic32mx_usb_sk2_meb1/production/_ext/1967581271/system_interrupt.o
 .debug_info    0x00005af5      0xab7 build/pic32mx_usb_sk2_meb1/production/_ext/1967581271/system_exceptions.o
 .debug_info    0x000065ac      0x936 build/pic32mx_usb_sk2_meb1/production/_ext/1967581271/system_tasks.o
 .debug_info    0x00006ee2      0x263 build/pic32mx_usb_sk2_meb1/production/_ext/1967581271/rtos_hooks.o
 .debug_info    0x00007145      0xb03 build/pic32mx_usb_sk2_meb1/production/_ext/1360937237/app.o
 .debug_info    0x00007c48      0xd15 build/pic32mx_usb_sk2_meb1/production/_ext/1360937237/app1.o
 .debug_info    0x0000895d      0x15d build/pic32mx_usb_sk2_meb1/production/_ext/1360937237/main.o
 .debug_info    0x00008aba     0x14d6 build/pic32mx_usb_sk2_meb1/production/_ext/1036648003/bsp_sys_init.o
 .debug_info    0x00009f90      0xffc build/pic32mx_usb_sk2_meb1/production/_ext/2133122808/drv_xc2c64a.o
 .debug_info    0x0000af8c     0x257e build/pic32mx_usb_sk2_meb1/production/_ext/1957075778/drv_gfx_ssd1926.o
 .debug_info    0x0000d50a      0xb74 build/pic32mx_usb_sk2_meb1/production/_ext/1290158464/drv_ssd1289.o
 .debug_info    0x0000e07e     0x19bb build/pic32mx_usb_sk2_meb1/production/_ext/730596771/gfx.o
 .debug_info    0x0000fa39     0x8124 build/pic32mx_usb_sk2_meb1/production/_ext/730596771/gfx_primitive.o
 .debug_info    0x00017b5d      0x731 build/pic32mx_usb_sk2_meb1/production/_ext/2067596619/osal_freertos.o
 .debug_info    0x0001828e     0x1665 build/pic32mx_usb_sk2_meb1/production/_ext/912498863/sys_devcon.o
 .debug_info    0x000198f3     0x1318 build/pic32mx_usb_sk2_meb1/production/_ext/912498863/sys_devcon_pic32mx.o
 .debug_info    0x0001ac0b     0x1a32 build/pic32mx_usb_sk2_meb1/production/_ext/711155467/sys_int_pic32.o
 .debug_info    0x0001c63d     0x3461 build/pic32mx_usb_sk2_meb1/production/_ext/1653354328/sys_ports.o
 .debug_info    0x0001fa9e      0x315 build/pic32mx_usb_sk2_meb1/production/_ext/427228813/heap_1.o
 .debug_info    0x0001fdb3     0x11dc build/pic32mx_usb_sk2_meb1/production/_ext/789006650/port.o
 .debug_info    0x00020f8f       0xcb build/pic32mx_usb_sk2_meb1/production/_ext/789006650/port_asm.o
 .debug_info    0x0002105a      0x930 build/pic32mx_usb_sk2_meb1/production/_ext/161854096/croutine.o
 .debug_info    0x0002198a      0x471 build/pic32mx_usb_sk2_meb1/production/_ext/161854096/list.o
 .debug_info    0x00021dfb      0xf34 build/pic32mx_usb_sk2_meb1/production/_ext/161854096/queue.o
 .debug_info    0x00022d2f     0x1daa build/pic32mx_usb_sk2_meb1/production/_ext/161854096/tasks.o
 .debug_info    0x00024ad9      0x177 build/pic32mx_usb_sk2_meb1/production/_ext/161854096/timers.o
 .debug_info    0x00024c50      0x976 build/pic32mx_usb_sk2_meb1/production/_ext/161854096/event_groups.o
 .debug_info    0x000255c6       0xe2 c:/program files (x86)/microchip/xc32/v1.34/bin/bin/../../lib/gcc/pic32mx/4.5.2/../../../../pic32mx/lib\libpic32.a(default-bootstrap-exception-handler.o)
 .debug_info    0x000256a8       0xbc c:/program files (x86)/microchip/xc32/v1.34/bin/bin/../../lib/gcc/pic32mx/4.5.2/../../../../pic32mx/lib\libpic32.a(default-on-reset.o)
 .debug_info    0x00025764       0xc4 c:/program files (x86)/microchip/xc32/v1.34/bin/bin/../../lib/gcc/pic32mx/4.5.2/../../../../pic32mx/lib\libpic32.a(default-on-bootstrap.o)
 .debug_info    0x00025828       0xd6 c:/program files (x86)/microchip/xc32/v1.34/bin/bin/../../lib/gcc/pic32mx/4.5.2/../../../../pic32mx/lib\libpic32.a(defaultinterrupt.o)

.debug_abbrev   0x00000000     0x2f5c
 *(.debug_abbrev)
 .debug_abbrev  0x00000000      0x181 build/pic32mx_usb_sk2_meb1/production/_ext/401742040/drv_pmp_static.o
 .debug_abbrev  0x00000181      0x1f2 build/pic32mx_usb_sk2_meb1/production/_ext/1705683822/sys_clk_static.o
 .debug_abbrev  0x00000373      0x12c build/pic32mx_usb_sk2_meb1/production/_ext/1287030942/sys_ports_static.o
 .debug_abbrev  0x0000049f      0x1c6 build/pic32mx_usb_sk2_meb1/production/_ext/1967581271/system_init.o
 .debug_abbrev  0x00000665       0x37 build/pic32mx_usb_sk2_meb1/production/_ext/1967581271/system_interrupt.o
 .debug_abbrev  0x0000069c       0x95 build/pic32mx_usb_sk2_meb1/production/_ext/1967581271/system_exceptions.o
 .debug_abbrev  0x00000731       0xbb build/pic32mx_usb_sk2_meb1/production/_ext/1967581271/system_tasks.o
 .debug_abbrev  0x000007ec       0x91 build/pic32mx_usb_sk2_meb1/production/_ext/1967581271/rtos_hooks.o
 .debug_abbrev  0x0000087d       0x9e build/pic32mx_usb_sk2_meb1/production/_ext/1360937237/app.o
 .debug_abbrev  0x0000091b      0x12b build/pic32mx_usb_sk2_meb1/production/_ext/1360937237/app1.o
 .debug_abbrev  0x00000a46       0x38 build/pic32mx_usb_sk2_meb1/production/_ext/1360937237/main.o
 .debug_abbrev  0x00000a7e      0x1f1 build/pic32mx_usb_sk2_meb1/production/_ext/1036648003/bsp_sys_init.o
 .debug_abbrev  0x00000c6f      0x1a3 build/pic32mx_usb_sk2_meb1/production/_ext/2133122808/drv_xc2c64a.o
 .debug_abbrev  0x00000e12      0x33f build/pic32mx_usb_sk2_meb1/production/_ext/1957075778/drv_gfx_ssd1926.o
 .debug_abbrev  0x00001151       0xdf build/pic32mx_usb_sk2_meb1/production/_ext/1290158464/drv_ssd1289.o
 .debug_abbrev  0x00001230      0x273 build/pic32mx_usb_sk2_meb1/production/_ext/730596771/gfx.o
 .debug_abbrev  0x000014a3      0x446 build/pic32mx_usb_sk2_meb1/production/_ext/730596771/gfx_primitive.o
 .debug_abbrev  0x000018e9      0x14f build/pic32mx_usb_sk2_meb1/production/_ext/2067596619/osal_freertos.o
 .debug_abbrev  0x00001a38      0x26a build/pic32mx_usb_sk2_meb1/production/_ext/912498863/sys_devcon.o
 .debug_abbrev  0x00001ca2      0x17b build/pic32mx_usb_sk2_meb1/production/_ext/912498863/sys_devcon_pic32mx.o
 .debug_abbrev  0x00001e1d      0x1d3 build/pic32mx_usb_sk2_meb1/production/_ext/711155467/sys_int_pic32.o
 .debug_abbrev  0x00001ff0      0x20d build/pic32mx_usb_sk2_meb1/production/_ext/1653354328/sys_ports.o
 .debug_abbrev  0x000021fd      0x102 build/pic32mx_usb_sk2_meb1/production/_ext/427228813/heap_1.o
 .debug_abbrev  0x000022ff      0x27b build/pic32mx_usb_sk2_meb1/production/_ext/789006650/port.o
 .debug_abbrev  0x0000257a       0x14 build/pic32mx_usb_sk2_meb1/production/_ext/789006650/port_asm.o
 .debug_abbrev  0x0000258e      0x21a build/pic32mx_usb_sk2_meb1/production/_ext/161854096/croutine.o
 .debug_abbrev  0x000027a8       0xeb build/pic32mx_usb_sk2_meb1/production/_ext/161854096/list.o
 .debug_abbrev  0x00002893      0x1d8 build/pic32mx_usb_sk2_meb1/production/_ext/161854096/queue.o
 .debug_abbrev  0x00002a6b      0x2bc build/pic32mx_usb_sk2_meb1/production/_ext/161854096/tasks.o
 .debug_abbrev  0x00002d27       0x1f build/pic32mx_usb_sk2_meb1/production/_ext/161854096/timers.o
 .debug_abbrev  0x00002d46      0x182 build/pic32mx_usb_sk2_meb1/production/_ext/161854096/event_groups.o
 .debug_abbrev  0x00002ec8       0x25 c:/program files (x86)/microchip/xc32/v1.34/bin/bin/../../lib/gcc/pic32mx/4.5.2/../../../../pic32mx/lib\libpic32.a(default-bootstrap-exception-handler.o)
 .debug_abbrev  0x00002eed       0x25 c:/program files (x86)/microchip/xc32/v1.34/bin/bin/../../lib/gcc/pic32mx/4.5.2/../../../../pic32mx/lib\libpic32.a(default-on-reset.o)
 .debug_abbrev  0x00002f12       0x25 c:/program files (x86)/microchip/xc32/v1.34/bin/bin/../../lib/gcc/pic32mx/4.5.2/../../../../pic32mx/lib\libpic32.a(default-on-bootstrap.o)
 .debug_abbrev  0x00002f37       0x25 c:/program files (x86)/microchip/xc32/v1.34/bin/bin/../../lib/gcc/pic32mx/4.5.2/../../../../pic32mx/lib\libpic32.a(defaultinterrupt.o)

.debug_line     0x00000000     0x7582
 *(.debug_line)
 .debug_line    0x00000000      0x48b build/pic32mx_usb_sk2_meb1/production/_ext/401742040/drv_pmp_static.o
 .debug_line    0x0000048b      0x358 build/pic32mx_usb_sk2_meb1/production/_ext/1705683822/sys_clk_static.o
 .debug_line    0x000007e3      0x3ac build/pic32mx_usb_sk2_meb1/production/_ext/1287030942/sys_ports_static.o
 .debug_line    0x00000b8f      0x32e build/pic32mx_usb_sk2_meb1/production/_ext/1967581271/system_init.o
 .debug_line    0x00000ebd       0x71 build/pic32mx_usb_sk2_meb1/production/_ext/1967581271/system_interrupt.o
 .debug_line    0x00000f2e      0x1f6 build/pic32mx_usb_sk2_meb1/production/_ext/1967581271/system_exceptions.o
 .debug_line    0x00001124      0x2a5 build/pic32mx_usb_sk2_meb1/production/_ext/1967581271/system_tasks.o
 .debug_line    0x000013c9      0x159 build/pic32mx_usb_sk2_meb1/production/_ext/1967581271/rtos_hooks.o
 .debug_line    0x00001522      0x224 build/pic32mx_usb_sk2_meb1/production/_ext/1360937237/app.o
 .debug_line    0x00001746      0x38f build/pic32mx_usb_sk2_meb1/production/_ext/1360937237/app1.o
 .debug_line    0x00001ad5       0x7b build/pic32mx_usb_sk2_meb1/production/_ext/1360937237/main.o
 .debug_line    0x00001b50      0x375 build/pic32mx_usb_sk2_meb1/production/_ext/1036648003/bsp_sys_init.o
 .debug_line    0x00001ec5      0x234 build/pic32mx_usb_sk2_meb1/production/_ext/2133122808/drv_xc2c64a.o
 .debug_line    0x000020f9      0x5f8 build/pic32mx_usb_sk2_meb1/production/_ext/1957075778/drv_gfx_ssd1926.o
 .debug_line    0x000026f1      0x1d4 build/pic32mx_usb_sk2_meb1/production/_ext/1290158464/drv_ssd1289.o
 .debug_line    0x000028c5      0x320 build/pic32mx_usb_sk2_meb1/production/_ext/730596771/gfx.o
 .debug_line    0x00002be5     0x1580 build/pic32mx_usb_sk2_meb1/production/_ext/730596771/gfx_primitive.o
 .debug_line    0x00004165      0x2ae build/pic32mx_usb_sk2_meb1/production/_ext/2067596619/osal_freertos.o
 .debug_line    0x00004413      0x652 build/pic32mx_usb_sk2_meb1/production/_ext/912498863/sys_devcon.o
 .debug_line    0x00004a65      0x48a build/pic32mx_usb_sk2_meb1/production/_ext/912498863/sys_devcon_pic32mx.o
 .debug_line    0x00004eef      0x3a3 build/pic32mx_usb_sk2_meb1/production/_ext/711155467/sys_int_pic32.o
 .debug_line    0x00005292      0x880 build/pic32mx_usb_sk2_meb1/production/_ext/1653354328/sys_ports.o
 .debug_line    0x00005b12      0x168 build/pic32mx_usb_sk2_meb1/production/_ext/427228813/heap_1.o
 .debug_line    0x00005c7a      0x234 build/pic32mx_usb_sk2_meb1/production/_ext/789006650/port.o
 .debug_line    0x00005eae      0x108 build/pic32mx_usb_sk2_meb1/production/_ext/789006650/port_asm.o
 .debug_line    0x00005fb6      0x249 build/pic32mx_usb_sk2_meb1/production/_ext/161854096/croutine.o
 .debug_line    0x000061ff      0x1e7 build/pic32mx_usb_sk2_meb1/production/_ext/161854096/list.o
 .debug_line    0x000063e6      0x496 build/pic32mx_usb_sk2_meb1/production/_ext/161854096/queue.o
 .debug_line    0x0000687c      0x7de build/pic32mx_usb_sk2_meb1/production/_ext/161854096/tasks.o
 .debug_line    0x0000705a       0x1d build/pic32mx_usb_sk2_meb1/production/_ext/161854096/timers.o
 .debug_line    0x00007077      0x2d2 build/pic32mx_usb_sk2_meb1/production/_ext/161854096/event_groups.o
 .debug_line    0x00007349       0x97 c:/program files (x86)/microchip/xc32/v1.34/bin/bin/../../lib/gcc/pic32mx/4.5.2/../../../../pic32mx/lib\libpic32.a(default-bootstrap-exception-handler.o)
 .debug_line    0x000073e0       0x84 c:/program files (x86)/microchip/xc32/v1.34/bin/bin/../../lib/gcc/pic32mx/4.5.2/../../../../pic32mx/lib\libpic32.a(default-on-reset.o)
 .debug_line    0x00007464       0x88 c:/program files (x86)/microchip/xc32/v1.34/bin/bin/../../lib/gcc/pic32mx/4.5.2/../../../../pic32mx/lib\libpic32.a(default-on-bootstrap.o)
 .debug_line    0x000074ec       0x96 c:/program files (x86)/microchip/xc32/v1.34/bin/bin/../../lib/gcc/pic32mx/4.5.2/../../../../pic32mx/lib\libpic32.a(defaultinterrupt.o)

.debug_frame    0x00000000     0x1de0
 *(.debug_frame)
 .debug_frame   0x00000000       0x60 build/pic32mx_usb_sk2_meb1/production/_ext/401742040/drv_pmp_static.o
 .debug_frame   0x00000060       0x58 build/pic32mx_usb_sk2_meb1/production/_ext/1705683822/sys_clk_static.o
 .debug_frame   0x000000b8       0x20 build/pic32mx_usb_sk2_meb1/production/_ext/1287030942/sys_ports_static.o
 .debug_frame   0x000000d8       0x28 build/pic32mx_usb_sk2_meb1/production/_ext/1967581271/system_init.o
 .debug_frame   0x00000100       0x20 build/pic32mx_usb_sk2_meb1/production/_ext/1967581271/system_exceptions.o
 .debug_frame   0x00000120       0x70 build/pic32mx_usb_sk2_meb1/production/_ext/1967581271/system_tasks.o
 .debug_frame   0x00000190       0x30 build/pic32mx_usb_sk2_meb1/production/_ext/1967581271/rtos_hooks.o
 .debug_frame   0x000001c0       0x38 build/pic32mx_usb_sk2_meb1/production/_ext/1360937237/app.o
 .debug_frame   0x000001f8       0x38 build/pic32mx_usb_sk2_meb1/production/_ext/1360937237/app1.o
 .debug_frame   0x00000230       0x28 build/pic32mx_usb_sk2_meb1/production/_ext/1360937237/main.o
 .debug_frame   0x00000258       0xa8 build/pic32mx_usb_sk2_meb1/production/_ext/1036648003/bsp_sys_init.o
 .debug_frame   0x00000300       0xb8 build/pic32mx_usb_sk2_meb1/production/_ext/2133122808/drv_xc2c64a.o
 .debug_frame   0x000003b8      0x1bc build/pic32mx_usb_sk2_meb1/production/_ext/1957075778/drv_gfx_ssd1926.o
 .debug_frame   0x00000574       0x88 build/pic32mx_usb_sk2_meb1/production/_ext/1290158464/drv_ssd1289.o
 .debug_frame   0x000005fc       0x90 build/pic32mx_usb_sk2_meb1/production/_ext/730596771/gfx.o
 .debug_frame   0x0000068c      0x914 build/pic32mx_usb_sk2_meb1/production/_ext/730596771/gfx_primitive.o
 .debug_frame   0x00000fa0      0x150 build/pic32mx_usb_sk2_meb1/production/_ext/2067596619/osal_freertos.o
 .debug_frame   0x000010f0       0xd8 build/pic32mx_usb_sk2_meb1/production/_ext/912498863/sys_devcon.o
 .debug_frame   0x000011c8       0x20 build/pic32mx_usb_sk2_meb1/production/_ext/912498863/sys_devcon_pic32mx.o
 .debug_frame   0x000011e8       0x70 build/pic32mx_usb_sk2_meb1/production/_ext/711155467/sys_int_pic32.o
 .debug_frame   0x00001258      0x1d0 build/pic32mx_usb_sk2_meb1/production/_ext/1653354328/sys_ports.o
 .debug_frame   0x00001428       0x5c build/pic32mx_usb_sk2_meb1/production/_ext/427228813/heap_1.o
 .debug_frame   0x00001484       0xa0 build/pic32mx_usb_sk2_meb1/production/_ext/789006650/port.o
 .debug_frame   0x00001524       0x8c build/pic32mx_usb_sk2_meb1/production/_ext/161854096/croutine.o
 .debug_frame   0x000015b0       0x60 build/pic32mx_usb_sk2_meb1/production/_ext/161854096/list.o
 .debug_frame   0x00001610      0x210 build/pic32mx_usb_sk2_meb1/production/_ext/161854096/queue.o
 .debug_frame   0x00001820      0x414 build/pic32mx_usb_sk2_meb1/production/_ext/161854096/tasks.o
 .debug_frame   0x00001c34      0x124 build/pic32mx_usb_sk2_meb1/production/_ext/161854096/event_groups.o
 .debug_frame   0x00001d58       0x28 c:/program files (x86)/microchip/xc32/v1.34/bin/bin/../../lib/gcc/pic32mx/4.5.2/../../../../pic32mx/lib\libpic32.a(default-bootstrap-exception-handler.o)
 .debug_frame   0x00001d80       0x20 c:/program files (x86)/microchip/xc32/v1.34/bin/bin/../../lib/gcc/pic32mx/4.5.2/../../../../pic32mx/lib\libpic32.a(default-on-reset.o)
 .debug_frame   0x00001da0       0x20 c:/program files (x86)/microchip/xc32/v1.34/bin/bin/../../lib/gcc/pic32mx/4.5.2/../../../../pic32mx/lib\libpic32.a(default-on-bootstrap.o)
 .debug_frame   0x00001dc0       0x20 c:/program files (x86)/microchip/xc32/v1.34/bin/bin/../../lib/gcc/pic32mx/4.5.2/../../../../pic32mx/lib\libpic32.a(defaultinterrupt.o)

.debug_str      0x00000000      0x9df
 *(.debug_str)
 .debug_str     0x00000000       0x49 build/pic32mx_usb_sk2_meb1/production/_ext/401742040/drv_pmp_static.o
 .debug_str     0x00000049       0x39 build/pic32mx_usb_sk2_meb1/production/_ext/1705683822/sys_clk_static.o
 .debug_str     0x00000082       0x20 build/pic32mx_usb_sk2_meb1/production/_ext/1287030942/sys_ports_static.o
 .debug_str     0x000000a2       0x2d build/pic32mx_usb_sk2_meb1/production/_ext/1967581271/system_init.o
 .debug_str     0x000000cf        0x0 build/pic32mx_usb_sk2_meb1/production/_ext/1967581271/system_interrupt.o
 .debug_str     0x000000cf        0x0 build/pic32mx_usb_sk2_meb1/production/_ext/1967581271/system_exceptions.o
 .debug_str     0x000000cf        0x0 build/pic32mx_usb_sk2_meb1/production/_ext/1967581271/system_tasks.o
 .debug_str     0x000000cf        0x9 build/pic32mx_usb_sk2_meb1/production/_ext/1967581271/rtos_hooks.o
 .debug_str     0x000000d8        0x0 build/pic32mx_usb_sk2_meb1/production/_ext/1360937237/app.o
 .debug_str     0x000000d8       0x1e build/pic32mx_usb_sk2_meb1/production/_ext/1360937237/app1.o
 .debug_str     0x000000f6        0x0 build/pic32mx_usb_sk2_meb1/production/_ext/1360937237/main.o
 .debug_str     0x000000f6       0x15 build/pic32mx_usb_sk2_meb1/production/_ext/1036648003/bsp_sys_init.o
 .debug_str     0x0000010b       0x3e build/pic32mx_usb_sk2_meb1/production/_ext/2133122808/drv_xc2c64a.o
 .debug_str     0x00000149       0x74 build/pic32mx_usb_sk2_meb1/production/_ext/1957075778/drv_gfx_ssd1926.o
 .debug_str     0x000001bd        0x0 build/pic32mx_usb_sk2_meb1/production/_ext/1290158464/drv_ssd1289.o
 .debug_str     0x000001bd       0x36 build/pic32mx_usb_sk2_meb1/production/_ext/730596771/gfx.o
 .debug_str     0x000001f3      0x22f build/pic32mx_usb_sk2_meb1/production/_ext/730596771/gfx_primitive.o
 .debug_str     0x00000422       0x40 build/pic32mx_usb_sk2_meb1/production/_ext/2067596619/osal_freertos.o
 .debug_str     0x00000462       0x23 build/pic32mx_usb_sk2_meb1/production/_ext/912498863/sys_devcon.o
 .debug_str     0x00000485       0x4f build/pic32mx_usb_sk2_meb1/production/_ext/912498863/sys_devcon_pic32mx.o
 .debug_str     0x000004d4       0x2d build/pic32mx_usb_sk2_meb1/production/_ext/711155467/sys_int_pic32.o
 .debug_str     0x00000501       0x98 build/pic32mx_usb_sk2_meb1/production/_ext/1653354328/sys_ports.o
 .debug_str     0x00000599        0x0 build/pic32mx_usb_sk2_meb1/production/_ext/427228813/heap_1.o
 .debug_str     0x00000599       0x6a build/pic32mx_usb_sk2_meb1/production/_ext/789006650/port.o
 .debug_str     0x00000603       0x59 build/pic32mx_usb_sk2_meb1/production/_ext/161854096/croutine.o
 .debug_str     0x0000065c       0x2b build/pic32mx_usb_sk2_meb1/production/_ext/161854096/list.o
 .debug_str     0x00000687       0xf1 build/pic32mx_usb_sk2_meb1/production/_ext/161854096/queue.o
 .debug_str     0x00000778      0x181 build/pic32mx_usb_sk2_meb1/production/_ext/161854096/tasks.o
 .debug_str     0x000008f9        0x0 build/pic32mx_usb_sk2_meb1/production/_ext/161854096/timers.o
 .debug_str     0x000008f9       0xe6 build/pic32mx_usb_sk2_meb1/production/_ext/161854096/event_groups.o
 .debug_str     0x000009df        0x0 c:/program files (x86)/microchip/xc32/v1.34/bin/bin/../../lib/gcc/pic32mx/4.5.2/../../../../pic32mx/lib\libpic32.a(default-bootstrap-exception-handler.o)
 .debug_str     0x000009df        0x0 c:/program files (x86)/microchip/xc32/v1.34/bin/bin/../../lib/gcc/pic32mx/4.5.2/../../../../pic32mx/lib\libpic32.a(default-on-reset.o)
 .debug_str     0x000009df        0x0 c:/program files (x86)/microchip/xc32/v1.34/bin/bin/../../lib/gcc/pic32mx/4.5.2/../../../../pic32mx/lib\libpic32.a(default-on-bootstrap.o)
 .debug_str     0x000009df        0x0 c:/program files (x86)/microchip/xc32/v1.34/bin/bin/../../lib/gcc/pic32mx/4.5.2/../../../../pic32mx/lib\libpic32.a(defaultinterrupt.o)

.debug_loc      0x00000000     0x7b9a
 *(.debug_loc)
 .debug_loc     0x00000000       0xc9 build/pic32mx_usb_sk2_meb1/production/_ext/401742040/drv_pmp_static.o
 .debug_loc     0x000000c9       0x26 build/pic32mx_usb_sk2_meb1/production/_ext/1705683822/sys_clk_static.o
 .debug_loc     0x000000ef       0x13 build/pic32mx_usb_sk2_meb1/production/_ext/1967581271/system_init.o
 .debug_loc     0x00000102      0x5d3 build/pic32mx_usb_sk2_meb1/production/_ext/1036648003/bsp_sys_init.o
 .debug_loc     0x000006d5       0x78 build/pic32mx_usb_sk2_meb1/production/_ext/2133122808/drv_xc2c64a.o
 .debug_loc     0x0000074d      0x3cf build/pic32mx_usb_sk2_meb1/production/_ext/1957075778/drv_gfx_ssd1926.o
 .debug_loc     0x00000b1c       0xe9 build/pic32mx_usb_sk2_meb1/production/_ext/1290158464/drv_ssd1289.o
 .debug_loc     0x00000c05      0x198 build/pic32mx_usb_sk2_meb1/production/_ext/730596771/gfx.o
 .debug_loc     0x00000d9d     0x3668 build/pic32mx_usb_sk2_meb1/production/_ext/730596771/gfx_primitive.o
 .debug_loc     0x00004405      0x23c build/pic32mx_usb_sk2_meb1/production/_ext/2067596619/osal_freertos.o
 .debug_loc     0x00004641       0xd0 build/pic32mx_usb_sk2_meb1/production/_ext/912498863/sys_devcon.o
 .debug_loc     0x00004711      0x108 build/pic32mx_usb_sk2_meb1/production/_ext/912498863/sys_devcon_pic32mx.o
 .debug_loc     0x00004819       0x94 build/pic32mx_usb_sk2_meb1/production/_ext/711155467/sys_int_pic32.o
 .debug_loc     0x000048ad      0xe92 build/pic32mx_usb_sk2_meb1/production/_ext/1653354328/sys_ports.o
 .debug_loc     0x0000573f       0x49 build/pic32mx_usb_sk2_meb1/production/_ext/427228813/heap_1.o
 .debug_loc     0x00005788       0x26 build/pic32mx_usb_sk2_meb1/production/_ext/789006650/port.o
 .debug_loc     0x000057ae      0x2d4 build/pic32mx_usb_sk2_meb1/production/_ext/161854096/croutine.o
 .debug_loc     0x00005a82       0x1f build/pic32mx_usb_sk2_meb1/production/_ext/161854096/list.o
 .debug_loc     0x00005aa1      0x9a0 build/pic32mx_usb_sk2_meb1/production/_ext/161854096/queue.o
 .debug_loc     0x00006441     0x100b build/pic32mx_usb_sk2_meb1/production/_ext/161854096/tasks.o
 .debug_loc     0x0000744c      0x74e build/pic32mx_usb_sk2_meb1/production/_ext/161854096/event_groups.o

.debug_macinfo
 *(.debug_macinfo)

.debug_weaknames
 *(.debug_weaknames)

.debug_funcnames
 *(.debug_funcnames)

.debug_typenames
 *(.debug_typenames)

.debug_varnames
 *(.debug_varnames)

.debug_pubtypes
                0x00000000     0x1cae
 *(.debug_pubtypes)
 .debug_pubtypes
                0x00000000       0xf7 build/pic32mx_usb_sk2_meb1/production/_ext/401742040/drv_pmp_static.o
 .debug_pubtypes
                0x000000f7      0x109 build/pic32mx_usb_sk2_meb1/production/_ext/1705683822/sys_clk_static.o
 .debug_pubtypes
                0x00000200       0xb9 build/pic32mx_usb_sk2_meb1/production/_ext/1287030942/sys_ports_static.o
 .debug_pubtypes
                0x000002b9      0x1a0 build/pic32mx_usb_sk2_meb1/production/_ext/1967581271/system_init.o
 .debug_pubtypes
                0x00000459       0x12 build/pic32mx_usb_sk2_meb1/production/_ext/1967581271/system_interrupt.o
 .debug_pubtypes
                0x0000046b       0x12 build/pic32mx_usb_sk2_meb1/production/_ext/1967581271/system_exceptions.o
 .debug_pubtypes
                0x0000047d       0x79 build/pic32mx_usb_sk2_meb1/production/_ext/1967581271/system_tasks.o
 .debug_pubtypes
                0x000004f6       0x32 build/pic32mx_usb_sk2_meb1/production/_ext/1967581271/rtos_hooks.o
 .debug_pubtypes
                0x00000528       0x2e build/pic32mx_usb_sk2_meb1/production/_ext/1360937237/app.o
 .debug_pubtypes
                0x00000556       0x92 build/pic32mx_usb_sk2_meb1/production/_ext/1360937237/app1.o
 .debug_pubtypes
                0x000005e8       0x12 build/pic32mx_usb_sk2_meb1/production/_ext/1360937237/main.o
 .debug_pubtypes
                0x000005fa       0xb6 build/pic32mx_usb_sk2_meb1/production/_ext/1036648003/bsp_sys_init.o
 .debug_pubtypes
                0x000006b0       0xcc build/pic32mx_usb_sk2_meb1/production/_ext/2133122808/drv_xc2c64a.o
 .debug_pubtypes
                0x0000077c      0x222 build/pic32mx_usb_sk2_meb1/production/_ext/1957075778/drv_gfx_ssd1926.o
 .debug_pubtypes
                0x0000099e       0x3e build/pic32mx_usb_sk2_meb1/production/_ext/1290158464/drv_ssd1289.o
 .debug_pubtypes
                0x000009dc      0x1ed build/pic32mx_usb_sk2_meb1/production/_ext/730596771/gfx.o
 .debug_pubtypes
                0x00000bc9      0x48a build/pic32mx_usb_sk2_meb1/production/_ext/730596771/gfx_primitive.o
 .debug_pubtypes
                0x00001053      0x14e build/pic32mx_usb_sk2_meb1/production/_ext/2067596619/osal_freertos.o
 .debug_pubtypes
                0x000011a1      0x14b build/pic32mx_usb_sk2_meb1/production/_ext/912498863/sys_devcon.o
 .debug_pubtypes
                0x000012ec       0xcb build/pic32mx_usb_sk2_meb1/production/_ext/912498863/sys_devcon_pic32mx.o
 .debug_pubtypes
                0x000013b7       0xc5 build/pic32mx_usb_sk2_meb1/production/_ext/711155467/sys_int_pic32.o
 .debug_pubtypes
                0x0000147c      0x1d0 build/pic32mx_usb_sk2_meb1/production/_ext/1653354328/sys_ports.o
 .debug_pubtypes
                0x0000164c       0x3a build/pic32mx_usb_sk2_meb1/production/_ext/427228813/heap_1.o
 .debug_pubtypes
                0x00001686       0xb7 build/pic32mx_usb_sk2_meb1/production/_ext/789006650/port.o
 .debug_pubtypes
                0x0000173d      0x10b build/pic32mx_usb_sk2_meb1/production/_ext/161854096/croutine.o
 .debug_pubtypes
                0x00001848       0x9a build/pic32mx_usb_sk2_meb1/production/_ext/161854096/list.o
 .debug_pubtypes
                0x000018e2      0x128 build/pic32mx_usb_sk2_meb1/production/_ext/161854096/queue.o
 .debug_pubtypes
                0x00001a0a      0x197 build/pic32mx_usb_sk2_meb1/production/_ext/161854096/tasks.o
 .debug_pubtypes
                0x00001ba1       0x12 build/pic32mx_usb_sk2_meb1/production/_ext/161854096/timers.o
 .debug_pubtypes
                0x00001bb3       0xfb build/pic32mx_usb_sk2_meb1/production/_ext/161854096/event_groups.o

.debug_ranges   0x00000000      0xde0
 *(.debug_ranges)
 .debug_ranges  0x00000000       0x30 build/pic32mx_usb_sk2_meb1/production/_ext/401742040/drv_pmp_static.o
 .debug_ranges  0x00000030       0x28 build/pic32mx_usb_sk2_meb1/production/_ext/1705683822/sys_clk_static.o
 .debug_ranges  0x00000058       0x10 build/pic32mx_usb_sk2_meb1/production/_ext/1287030942/sys_ports_static.o
 .debug_ranges  0x00000068       0x10 build/pic32mx_usb_sk2_meb1/production/_ext/1967581271/system_init.o
 .debug_ranges  0x00000078       0x10 build/pic32mx_usb_sk2_meb1/production/_ext/1967581271/system_exceptions.o
 .debug_ranges  0x00000088       0x28 build/pic32mx_usb_sk2_meb1/production/_ext/1967581271/system_tasks.o
 .debug_ranges  0x000000b0       0x18 build/pic32mx_usb_sk2_meb1/production/_ext/1967581271/rtos_hooks.o
 .debug_ranges  0x000000c8       0x18 build/pic32mx_usb_sk2_meb1/production/_ext/1360937237/app.o
 .debug_ranges  0x000000e0       0x18 build/pic32mx_usb_sk2_meb1/production/_ext/1360937237/app1.o
 .debug_ranges  0x000000f8       0x10 build/pic32mx_usb_sk2_meb1/production/_ext/1360937237/main.o
 .debug_ranges  0x00000108       0xe0 build/pic32mx_usb_sk2_meb1/production/_ext/1036648003/bsp_sys_init.o
 .debug_ranges  0x000001e8       0x58 build/pic32mx_usb_sk2_meb1/production/_ext/2133122808/drv_xc2c64a.o
 .debug_ranges  0x00000240       0xa0 build/pic32mx_usb_sk2_meb1/production/_ext/1957075778/drv_gfx_ssd1926.o
 .debug_ranges  0x000002e0       0x30 build/pic32mx_usb_sk2_meb1/production/_ext/1290158464/drv_ssd1289.o
 .debug_ranges  0x00000310       0x38 build/pic32mx_usb_sk2_meb1/production/_ext/730596771/gfx.o
 .debug_ranges  0x00000348      0x458 build/pic32mx_usb_sk2_meb1/production/_ext/730596771/gfx_primitive.o
 .debug_ranges  0x000007a0       0x78 build/pic32mx_usb_sk2_meb1/production/_ext/2067596619/osal_freertos.o
 .debug_ranges  0x00000818       0x68 build/pic32mx_usb_sk2_meb1/production/_ext/912498863/sys_devcon.o
 .debug_ranges  0x00000880       0x10 build/pic32mx_usb_sk2_meb1/production/_ext/912498863/sys_devcon_pic32mx.o
 .debug_ranges  0x00000890       0x68 build/pic32mx_usb_sk2_meb1/production/_ext/711155467/sys_int_pic32.o
 .debug_ranges  0x000008f8       0xe8 build/pic32mx_usb_sk2_meb1/production/_ext/1653354328/sys_ports.o
 .debug_ranges  0x000009e0       0x28 build/pic32mx_usb_sk2_meb1/production/_ext/427228813/heap_1.o
 .debug_ranges  0x00000a08       0x48 build/pic32mx_usb_sk2_meb1/production/_ext/789006650/port.o
 .debug_ranges  0x00000a50       0x58 build/pic32mx_usb_sk2_meb1/production/_ext/161854096/croutine.o
 .debug_ranges  0x00000aa8       0x30 build/pic32mx_usb_sk2_meb1/production/_ext/161854096/list.o
 .debug_ranges  0x00000ad8       0xa0 build/pic32mx_usb_sk2_meb1/production/_ext/161854096/queue.o
 .debug_ranges  0x00000b78      0x1d0 build/pic32mx_usb_sk2_meb1/production/_ext/161854096/tasks.o
 .debug_ranges  0x00000d48       0x58 build/pic32mx_usb_sk2_meb1/production/_ext/161854096/event_groups.o
 .debug_ranges  0x00000da0       0x10 c:/program files (x86)/microchip/xc32/v1.34/bin/bin/../../lib/gcc/pic32mx/4.5.2/../../../../pic32mx/lib\libpic32.a(default-bootstrap-exception-handler.o)
 .debug_ranges  0x00000db0       0x10 c:/program files (x86)/microchip/xc32/v1.34/bin/bin/../../lib/gcc/pic32mx/4.5.2/../../../../pic32mx/lib\libpic32.a(default-on-reset.o)
 .debug_ranges  0x00000dc0       0x10 c:/program files (x86)/microchip/xc32/v1.34/bin/bin/../../lib/gcc/pic32mx/4.5.2/../../../../pic32mx/lib\libpic32.a(default-on-bootstrap.o)
 .debug_ranges  0x00000dd0       0x10 c:/program files (x86)/microchip/xc32/v1.34/bin/bin/../../lib/gcc/pic32mx/4.5.2/../../../../pic32mx/lib\libpic32.a(defaultinterrupt.o)

.gnu.attributes
                0x00000000       0x10
 *(.gnu.attributes)
 .gnu.attributes
                0x00000000       0x10 build/pic32mx_usb_sk2_meb1/production/_ext/401742040/drv_pmp_static.o
 .gnu.attributes
                0x00000010       0x10 build/pic32mx_usb_sk2_meb1/production/_ext/1705683822/sys_clk_static.o
 .gnu.attributes
                0x00000020       0x10 build/pic32mx_usb_sk2_meb1/production/_ext/1287030942/sys_ports_static.o
 .gnu.attributes
                0x00000030       0x10 build/pic32mx_usb_sk2_meb1/production/_ext/1967581271/system_init.o
 .gnu.attributes
                0x00000040       0x10 build/pic32mx_usb_sk2_meb1/production/_ext/1967581271/system_interrupt.o
 .gnu.attributes
                0x00000050       0x10 build/pic32mx_usb_sk2_meb1/production/_ext/1967581271/system_exceptions.o
 .gnu.attributes
                0x00000060       0x10 build/pic32mx_usb_sk2_meb1/production/_ext/1967581271/system_tasks.o
 .gnu.attributes
                0x00000070       0x10 build/pic32mx_usb_sk2_meb1/production/_ext/1967581271/rtos_hooks.o
 .gnu.attributes
                0x00000080       0x10 build/pic32mx_usb_sk2_meb1/production/_ext/1360937237/app.o
 .gnu.attributes
                0x00000090       0x10 build/pic32mx_usb_sk2_meb1/production/_ext/1360937237/app1.o
 .gnu.attributes
                0x000000a0       0x10 build/pic32mx_usb_sk2_meb1/production/_ext/1360937237/main.o
 .gnu.attributes
                0x000000b0       0x10 build/pic32mx_usb_sk2_meb1/production/_ext/1036648003/bsp_sys_init.o
 .gnu.attributes
                0x000000c0       0x10 build/pic32mx_usb_sk2_meb1/production/_ext/2133122808/drv_xc2c64a.o
 .gnu.attributes
                0x000000d0       0x10 build/pic32mx_usb_sk2_meb1/production/_ext/1957075778/drv_gfx_ssd1926.o
 .gnu.attributes
                0x000000e0       0x10 build/pic32mx_usb_sk2_meb1/production/_ext/1290158464/drv_ssd1289.o
 .gnu.attributes
                0x000000f0       0x10 build/pic32mx_usb_sk2_meb1/production/_ext/730596771/gfx.o
 .gnu.attributes
                0x00000100       0x10 build/pic32mx_usb_sk2_meb1/production/_ext/730596771/gfx_primitive.o
 .gnu.attributes
                0x00000110       0x10 build/pic32mx_usb_sk2_meb1/production/_ext/2067596619/osal_freertos.o
 .gnu.attributes
                0x00000120       0x10 build/pic32mx_usb_sk2_meb1/production/_ext/912498863/sys_devcon.o
 .gnu.attributes
                0x00000130       0x10 build/pic32mx_usb_sk2_meb1/production/_ext/912498863/sys_devcon_pic32mx.o
 .gnu.attributes
                0x00000140       0x10 build/pic32mx_usb_sk2_meb1/production/_ext/711155467/sys_int_pic32.o
 .gnu.attributes
                0x00000150       0x10 build/pic32mx_usb_sk2_meb1/production/_ext/1653354328/sys_ports.o
 .gnu.attributes
                0x00000160       0x10 build/pic32mx_usb_sk2_meb1/production/_ext/427228813/heap_1.o
 .gnu.attributes
                0x00000170       0x10 build/pic32mx_usb_sk2_meb1/production/_ext/789006650/port.o
 .gnu.attributes
                0x00000180       0x10 build/pic32mx_usb_sk2_meb1/production/_ext/161854096/croutine.o
 .gnu.attributes
                0x00000190       0x10 build/pic32mx_usb_sk2_meb1/production/_ext/161854096/list.o
 .gnu.attributes
                0x000001a0       0x10 build/pic32mx_usb_sk2_meb1/production/_ext/161854096/queue.o
 .gnu.attributes
                0x000001b0       0x10 build/pic32mx_usb_sk2_meb1/production/_ext/161854096/tasks.o
 .gnu.attributes
                0x000001c0       0x10 build/pic32mx_usb_sk2_meb1/production/_ext/161854096/timers.o
 .gnu.attributes
                0x000001d0       0x10 build/pic32mx_usb_sk2_meb1/production/_ext/161854096/event_groups.o
 .gnu.attributes
                0x000001e0       0x10 c:/program files (x86)/microchip/xc32/v1.34/bin/bin/../../lib/gcc/pic32mx/4.5.2/../../../../pic32mx/lib\libpic32.a(default-bootstrap-exception-handler.o)
 .gnu.attributes
                0x000001f0       0x10 c:/program files (x86)/microchip/xc32/v1.34/bin/bin/../../lib/gcc/pic32mx/4.5.2/../../../../pic32mx/lib\libpic32.a(default-on-reset.o)
 .gnu.attributes
                0x00000200       0x10 c:/program files (x86)/microchip/xc32/v1.34/bin/bin/../../lib/gcc/pic32mx/4.5.2/../../../../pic32mx/lib\libpic32.a(default-on-bootstrap.o)
 .gnu.attributes
                0x00000210       0x10 c:/program files (x86)/microchip/xc32/v1.34/bin/bin/../../lib/gcc/pic32mx/4.5.2/../../../../pic32mx/lib\libpic32.a(defaultinterrupt.o)
LOAD c:/program files (x86)/microchip/xc32/v1.34/bin/bin/../../lib/gcc/pic32mx/4.5.2\libgcc.a
START GROUP
LOAD c:/program files (x86)/microchip/xc32/v1.34/bin/bin/../../lib/gcc/pic32mx/4.5.2/../../../../pic32mx/lib\libpic32.a
LOAD c:/program files (x86)/microchip/xc32/v1.34/bin/bin/../../lib/gcc/pic32mx/4.5.2/../../../../pic32mx/lib\libdebug.a
LOAD c:/program files (x86)/microchip/xc32/v1.34/bin/bin/../../lib/gcc/pic32mx/4.5.2/../../../../pic32mx/lib\libpic32.a
LOAD c:/program files (x86)/microchip/xc32/v1.34/bin/bin/../../lib/gcc/pic32mx/4.5.2/../../../../pic32mx/lib\libm.a
LOAD c:/program files (x86)/microchip/xc32/v1.34/bin/bin/../../lib/gcc/pic32mx/4.5.2/../../../../pic32mx/lib\libe.a
LOAD c:/program files (x86)/microchip/xc32/v1.34/bin/bin/../../lib/gcc/pic32mx/4.5.2/../../../../pic32mx/lib\libdsp.a
LOAD c:/program files (x86)/microchip/xc32/v1.34/bin/bin/../../lib/gcc/pic32mx/4.5.2\libgcc.a
LOAD c:/program files (x86)/microchip/xc32/v1.34/bin/bin/../../lib/gcc/pic32mx/4.5.2/../../../../pic32mx/lib\libc.a
LOAD c:/program files (x86)/microchip/xc32/v1.34/bin/bin/../../lib/gcc/pic32mx/4.5.2/../../../../pic32mx/lib\libpic32.a