Archive member included to satisfy reference by file (symbol)

/cygdrive/c/Program Files (x86)/FTDI/FT90x Toolchain/Toolchain/tools/bin/../lib/gcc/ft32-elf/5.0.0/../../../../ft32-elf/lib/libc.a(lib_a-impure.o)
                              ./Demo/FT32_GCC/main.o (_impure_ptr)
/cygdrive/c/Program Files (x86)/FTDI/FT90x Toolchain/Toolchain/tools/bin/../lib/gcc/ft32-elf/5.0.0/../../../../ft32-elf/lib/libc.a(lib_a-rand.o)
                              ./Demo/FT32_GCC/main.o (srand)
/cygdrive/c/Program Files (x86)/FTDI/FT90x Toolchain/Toolchain/tools/bin/../lib/gcc/ft32-elf/5.0.0/../../../../ft32-elf/lib/libc.a(lib_a-rget.o)
                              ./Demo/FT32_GCC/main.o (__srget_r)
/cygdrive/c/Program Files (x86)/FTDI/FT90x Toolchain/Toolchain/tools/bin/../lib/gcc/ft32-elf/5.0.0/../../../../ft32-elf/lib/libc.a(lib_a-findfp.o)
                              /cygdrive/c/Program Files (x86)/FTDI/FT90x Toolchain/Toolchain/tools/bin/../lib/gcc/ft32-elf/5.0.0/../../../../ft32-elf/lib/libc.a(lib_a-rget.o) (__sinit)
/cygdrive/c/Program Files (x86)/FTDI/FT90x Toolchain/Toolchain/tools/bin/../lib/gcc/ft32-elf/5.0.0/../../../../ft32-elf/lib/libc.a(lib_a-fwalk.o)
                              /cygdrive/c/Program Files (x86)/FTDI/FT90x Toolchain/Toolchain/tools/bin/../lib/gcc/ft32-elf/5.0.0/../../../../ft32-elf/lib/libc.a(lib_a-findfp.o) (_fwalk)
/cygdrive/c/Program Files (x86)/FTDI/FT90x Toolchain/Toolchain/tools/bin/../lib/gcc/ft32-elf/5.0.0/../../../../ft32-elf/lib/libc.a(lib_a-mallocr.o)
                              /cygdrive/c/Program Files (x86)/FTDI/FT90x Toolchain/Toolchain/tools/bin/../lib/gcc/ft32-elf/5.0.0/../../../../ft32-elf/lib/libc.a(lib_a-findfp.o) (_malloc_r)
/cygdrive/c/Program Files (x86)/FTDI/FT90x Toolchain/Toolchain/tools/bin/../lib/gcc/ft32-elf/5.0.0/../../../../ft32-elf/lib/libc.a(lib_a-memset.o)
                              /cygdrive/c/Program Files (x86)/FTDI/FT90x Toolchain/Toolchain/tools/bin/../lib/gcc/ft32-elf/5.0.0/../../../../ft32-elf/lib/libc.a(lib_a-findfp.o) (memset)
/cygdrive/c/Program Files (x86)/FTDI/FT90x Toolchain/Toolchain/tools/bin/../lib/gcc/ft32-elf/5.0.0/../../../../ft32-elf/lib/libc.a(lib_a-mlock.o)
                              /cygdrive/c/Program Files (x86)/FTDI/FT90x Toolchain/Toolchain/tools/bin/../lib/gcc/ft32-elf/5.0.0/../../../../ft32-elf/lib/libc.a(lib_a-mallocr.o) (__malloc_lock)
/cygdrive/c/Program Files (x86)/FTDI/FT90x Toolchain/Toolchain/tools/bin/../lib/gcc/ft32-elf/5.0.0/../../../../ft32-elf/lib/libc.a(lib_a-refill.o)
                              /cygdrive/c/Program Files (x86)/FTDI/FT90x Toolchain/Toolchain/tools/bin/../lib/gcc/ft32-elf/5.0.0/../../../../ft32-elf/lib/libc.a(lib_a-rget.o) (__srefill_r)
/cygdrive/c/Program Files (x86)/FTDI/FT90x Toolchain/Toolchain/tools/bin/../lib/gcc/ft32-elf/5.0.0/../../../../ft32-elf/lib/libc.a(lib_a-sbrkr.o)
                              /cygdrive/c/Program Files (x86)/FTDI/FT90x Toolchain/Toolchain/tools/bin/../lib/gcc/ft32-elf/5.0.0/../../../../ft32-elf/lib/libc.a(lib_a-mallocr.o) (_sbrk_r)
/cygdrive/c/Program Files (x86)/FTDI/FT90x Toolchain/Toolchain/tools/bin/../lib/gcc/ft32-elf/5.0.0/../../../../ft32-elf/lib/libc.a(lib_a-stdio.o)
                              /cygdrive/c/Program Files (x86)/FTDI/FT90x Toolchain/Toolchain/tools/bin/../lib/gcc/ft32-elf/5.0.0/../../../../ft32-elf/lib/libc.a(lib_a-findfp.o) (__sread)
/cygdrive/c/Program Files (x86)/FTDI/FT90x Toolchain/Toolchain/tools/bin/../lib/gcc/ft32-elf/5.0.0/../../../../ft32-elf/lib/libc.a(lib_a-writer.o)
                              /cygdrive/c/Program Files (x86)/FTDI/FT90x Toolchain/Toolchain/tools/bin/../lib/gcc/ft32-elf/5.0.0/../../../../ft32-elf/lib/libc.a(lib_a-stdio.o) (_write_r)
/cygdrive/c/Program Files (x86)/FTDI/FT90x Toolchain/Toolchain/tools/bin/../lib/gcc/ft32-elf/5.0.0/../../../../ft32-elf/lib/libc.a(lib_a-closer.o)
                              /cygdrive/c/Program Files (x86)/FTDI/FT90x Toolchain/Toolchain/tools/bin/../lib/gcc/ft32-elf/5.0.0/../../../../ft32-elf/lib/libc.a(lib_a-stdio.o) (_close_r)
/cygdrive/c/Program Files (x86)/FTDI/FT90x Toolchain/Toolchain/tools/bin/../lib/gcc/ft32-elf/5.0.0/../../../../ft32-elf/lib/libc.a(lib_a-fclose.o)
                              /cygdrive/c/Program Files (x86)/FTDI/FT90x Toolchain/Toolchain/tools/bin/../lib/gcc/ft32-elf/5.0.0/../../../../ft32-elf/lib/libc.a(lib_a-findfp.o) (_fclose_r)
/cygdrive/c/Program Files (x86)/FTDI/FT90x Toolchain/Toolchain/tools/bin/../lib/gcc/ft32-elf/5.0.0/../../../../ft32-elf/lib/libc.a(lib_a-fflush.o)
                              /cygdrive/c/Program Files (x86)/FTDI/FT90x Toolchain/Toolchain/tools/bin/../lib/gcc/ft32-elf/5.0.0/../../../../ft32-elf/lib/libc.a(lib_a-refill.o) (__sflush_r)
/cygdrive/c/Program Files (x86)/FTDI/FT90x Toolchain/Toolchain/tools/bin/../lib/gcc/ft32-elf/5.0.0/../../../../ft32-elf/lib/libc.a(lib_a-freer.o)
[...]
Memory Configuration

Name             Origin             Length             Attributes
flash            0x00000000         0x00040000         xr
ram              0x00800000         0x00010000         rw !x
*default*        0x00000000         0xffffffff

Linker script and memory map

LOAD ./Demo/FT32_GCC/main.o
LOAD /cygdrive/c/Program Files (x86)/FTDI/FT90x Toolchain/Toolchain/tools/bin/../lib/gcc/ft32-elf/5.0.0/../../../../ft32-elf/lib/libc.a
LOAD /cygdrive/c/Program Files (x86)/FTDI/FT90x Toolchain/Toolchain/tools/bin/../lib/gcc/ft32-elf/5.0.0/../../../../ft32-elf/lib/libstub.a
LOAD D:\Freelance\Study\FTDI\new_build_framework\projects\libihome\Debug/libihome.a
LOAD D:\Freelance\Study\FTDI\new_build_framework\projects\libexternal\Debug/libexternal.a
LOAD D:\Freelance\Study\FTDI\new_build_framework\projects\libFreeRTOS\Debug/libFreeRTOS.a
LOAD D:\Freelance\Study\FTDI\new_build_framework\projects\libft900\Debug/libft900.a
LOAD /cygdrive/c/Program Files (x86)/FTDI/FT90x Toolchain/Toolchain/tools/bin/../lib/gcc/ft32-elf/5.0.0/libgcc.a
LOAD /cygdrive/c/Program Files (x86)/FTDI/FT90x Toolchain/Toolchain/tools/bin/../lib/gcc/ft32-elf/5.0.0/../../../../ft32-elf/lib/libc.a
LOAD /cygdrive/c/Program Files (x86)/FTDI/FT90x Toolchain/Toolchain/tools/bin/../lib/gcc/ft32-elf/5.0.0/libgcc.a

.text           0x00000000    0x10a30
 *(.crt0_ihome*)
 .crt0_ihome    0x00000000      0x480 D:\Freelance\Study\FTDI\new_build_framework\projects\libFreeRTOS\Debug/libFreeRTOS.a(crt0.o)
                0x00000000                _start
                0x00000090                _exithook
                0x000000fc                _exit
                0x0000046c                YieldFromISR
                0x0000047c                nullvector
 *(.text*)
 .text.vCreateTasks
                0x00000480      0x194 ./Demo/FT32_GCC/main.o
                0x00000480                vCreateTasks
 .text.startup.main
                0x00000614       0xf8 ./Demo/FT32_GCC/main.o
                0x00000614                main
 .text.testcase09
                0x0000070c       0xdc ./Demo/FT32_GCC/main.o
                0x0000070c                testcase09
 .text.vDaemonRPCTest
                0x000007e8       0x60 ./Demo/FT32_GCC/main.o
                0x000007e8                vDaemonRPCTest
 .text          0x00000848       0x8c /cygdrive/c/Program Files (x86)/FTDI/FT90x Toolchain/Toolchain/tools/bin/../lib/gcc/ft32-elf/5.0.0/../../../../ft32-elf/lib/libc.a(lib_a-rand.o)
                0x00000848                srand
                0x00000868                rand
 .text          0x000008d4       0x9c /cygdrive/c/Program Files (x86)/FTDI/FT90x Toolchain/Toolchain/tools/bin/../lib/gcc/ft32-elf/5.0.0/../../../../ft32-elf/lib/libc.a(lib_a-rget.o)
                0x000008d4                __srget_r
                0x00000958                __srget
 .text          0x00000970      0x360 /cygdrive/c/Program Files (x86)/FTDI/FT90x Toolchain/Toolchain/tools/bin/../lib/gcc/ft32-elf/5.0.0/../../../../ft32-elf/lib/libc.a(lib_a-findfp.o)
                0x00000980                _cleanup_r
                0x00000aa0                __sfmoreglue
                0x00000b04                __sfp
                0x00000c34                _cleanup
                0x00000c4c                __sinit
                0x00000c70                __sfp_lock_acquire
                0x00000c7c                __sfp_lock_release
                0x00000c88                __sinit_lock_acquire
                0x00000c94                __sinit_lock_release
                0x00000ca0                __fp_lock_all
                0x00000cb8                __fp_unlock_all
 .text          0x00000cd0      0x1dc /cygdrive/c/Program Files (x86)/FTDI/FT90x Toolchain/Toolchain/tools/bin/../lib/gcc/ft32-elf/5.0.0/../../../../ft32-elf/lib/libc.a(lib_a-fwalk.o)
                0x00000cd0                _fwalk
                0x00000db4                _fwalk_reent
 .text          0x00000eac      0x9d8 /cygdrive/c/Program Files (x86)/FTDI/FT90x Toolchain/Toolchain/tools/bin/../lib/gcc/ft32-elf/5.0.0/../../../../ft32-elf/lib/libc.a(lib_a-mallocr.o)
                0x00000eac                _malloc_r
 .text          0x00001884       0x24 /cygdrive/c/Program Files (x86)/FTDI/FT90x Toolchain/Toolchain/tools/bin/../lib/gcc/ft32-elf/5.0.0/../../../../ft32-elf/lib/libc.a(lib_a-memset.o)
                0x00001884                memset
 .text          0x000018a8       0x18 /cygdrive/c/Program Files (x86)/FTDI/FT90x Toolchain/Toolchain/tools/bin/../lib/gcc/ft32-elf/5.0.0/../../../../ft32-elf/lib/libc.a(lib_a-mlock.o)
                0x000018a8                __malloc_lock
                0x000018b4                __malloc_unlock
 .text          0x000018c0      0x300 /cygdrive/c/Program Files (x86)/FTDI/FT90x Toolchain/Toolchain/tools/bin/../lib/gcc/ft32-elf/5.0.0/../../../../ft32-elf/lib/libc.a(lib_a-refill.o)
                0x000018f8                __srefill_r
 .text          0x00001bc0       0x4c /cygdrive/c/Program Files (x86)/FTDI/FT90x Toolchain/Toolchain/tools/bin/../lib/gcc/ft32-elf/5.0.0/../../../../ft32-elf/lib/libc.a(lib_a-sbrkr.o)
                0x00001bc0                _sbrk_r
 .text          0x00001c0c      0x18c /cygdrive/c/Program Files (x86)/FTDI/FT90x Toolchain/Toolchain/tools/bin/../lib/gcc/ft32-elf/5.0.0/../../../../ft32-elf/lib/libc.a(lib_a-stdio.o)
                0x00001c0c                __sread
                0x00001c5c                __seofread
                0x00001c6c                __swrite
                0x00001d2c                __sseek
                0x00001d80                __sclose
 .text          0x00001d98       0x54 /cygdrive/c/Program Files (x86)/FTDI/FT90x Toolchain/Toolchain/tools/bin/../lib/gcc/ft32-elf/5.0.0/../../../../ft32-elf/lib/libc.a(lib_a-writer.o)
                0x00001d98                _write_r
 .text          0x00001dec       0x4c /cygdrive/c/Program Files (x86)/FTDI/FT90x Toolchain/Toolchain/tools/bin/../lib/gcc/ft32-elf/5.0.0/../../../../ft32-elf/lib/libc.a(lib_a-closer.o)
                0x00001dec                _close_r
 .text          0x00001e38      0x164 /cygdrive/c/Program Files (x86)/FTDI/FT90x Toolchain/Toolchain/tools/bin/../lib/gcc/ft32-elf/5.0.0/../../../../ft32-elf/lib/libc.a(lib_a-fclose.o)
                0x00001e38                _fclose_r
                0x00001f84                fclose
 .text          0x00001f9c      0x388 /cygdrive/c/Program Files (x86)/FTDI/FT90x Toolchain/Toolchain/tools/bin/../lib/gcc/ft32-elf/5.0.0/../../../../ft32-elf/lib/libc.a(lib_a-fflush.o)
                0x00001f9c                __sflush_r
                0x00002278                _fflush_r
                0x000022f0                fflush
 .text          0x00002324      0x4fc /cygdrive/c/Program Files (x86)/FTDI/FT90x Toolchain/Toolchain/tools/bin/../lib/gcc/ft32-elf/5.0.0/../../../../ft32-elf/lib/libc.a(lib_a-freer.o)
                0x00002324                _malloc_trim_r
                0x0000245c                _free_r
 .text          0x00002820       0x54 /cygdrive/c/Program Files (x86)/FTDI/FT90x Toolchain/Toolchain/tools/bin/../lib/gcc/ft32-elf/5.0.0/../../../../ft32-elf/lib/libc.a(lib_a-lseekr.o)
                0x00002820                _lseek_r
 .text          0x00002874      0x1dc /cygdrive/c/Program Files (x86)/FTDI/FT90x Toolchain/Toolchain/tools/bin/../lib/gcc/ft32-elf/5.0.0/../../../../ft32-elf/lib/libc.a(lib_a-makebuf.o)
                0x00002874                __smakebuf_r
 .text          0x00002a50       0x54 /cygdrive/c/Program Files (x86)/FTDI/FT90x Toolchain/Toolchain/tools/bin/../lib/gcc/ft32-elf/5.0.0/../../../../ft32-elf/lib/libc.a(lib_a-readr.o)
                0x00002a50                _read_r
 .text          0x00002aa4       0x50 /cygdrive/c/Program Files (x86)/FTDI/FT90x Toolchain/Toolchain/tools/bin/../lib/gcc/ft32-elf/5.0.0/../../../../ft32-elf/lib/libc.a(lib_a-fstatr.o)
                0x00002aa4                _fstat_r
 .text          0x00002af4       0x4c /cygdrive/c/Program Files (x86)/FTDI/FT90x Toolchain/Toolchain/tools/bin/../lib/gcc/ft32-elf/5.0.0/../../../../ft32-elf/lib/libc.a(lib_a-isattyr.o)
                0x00002af4                _isatty_r
 .text.uart_raw_tx
                0x00002b40       0x18 /cygdrive/c/Program Files (x86)/FTDI/FT90x Toolchain/Toolchain/tools/bin/../lib/gcc/ft32-elf/5.0.0/../../../../ft32-elf/lib/libstub.a(stdio.o)
                0x00002b40                uart_raw_tx
 .text.uart_tx  0x00002b58       0x24 /cygdrive/c/Program Files (x86)/FTDI/FT90x Toolchain/Toolchain/tools/bin/../lib/gcc/ft32-elf/5.0.0/../../../../ft32-elf/lib/libstub.a(stdio.o)
                0x00002b58                uart_tx
 .text.uart_rx  0x00002b7c       0x14 /cygdrive/c/Program Files (x86)/FTDI/FT90x Toolchain/Toolchain/tools/bin/../lib/gcc/ft32-elf/5.0.0/../../../../ft32-elf/lib/libstub.a(stdio.o)
                0x00002b7c                uart_rx
 .text._write   0x00002b90       0x34 /cygdrive/c/Program Files (x86)/FTDI/FT90x Toolchain/Toolchain/tools/bin/../lib/gcc/ft32-elf/5.0.0/../../../../ft32-elf/lib/libstub.a(stdio.o)
                0x00002b90                _write
 .text._read    0x00002bc4       0x18 /cygdrive/c/Program Files (x86)/FTDI/FT90x Toolchain/Toolchain/tools/bin/../lib/gcc/ft32-elf/5.0.0/../../../../ft32-elf/lib/libstub.a(stdio.o)
                0x00002bc4                _read
 .text          0x00002bdc       0x28 /cygdrive/c/Program Files (x86)/FTDI/FT90x Toolchain/Toolchain/tools/bin/../lib/gcc/ft32-elf/5.0.0/../../../../ft32-elf/lib/libstub.a(sbrk.o)
                0x00002bdc                _sbrk
 .text._close   0x00002c04        0x8 /cygdrive/c/Program Files (x86)/FTDI/FT90x Toolchain/Toolchain/tools/bin/../lib/gcc/ft32-elf/5.0.0/../../../../ft32-elf/lib/libstub.a(unimpl.o)
                0x00002c04                _close
 .text._fstat   0x00002c0c        0x8 /cygdrive/c/Program Files (x86)/FTDI/FT90x Toolchain/Toolchain/tools/bin/../lib/gcc/ft32-elf/5.0.0/../../../../ft32-elf/lib/libstub.a(unimpl.o)
                0x00002c0c                _fstat
 .text._isatty  0x00002c14        0x8 /cygdrive/c/Program Files (x86)/FTDI/FT90x Toolchain/Toolchain/tools/bin/../lib/gcc/ft32-elf/5.0.0/../../../../ft32-elf/lib/libstub.a(unimpl.o)
                0x00002c14                _isatty
 .text._lseek   0x00002c1c        0x8 /cygdrive/c/Program Files (x86)/FTDI/FT90x Toolchain/Toolchain/tools/bin/../lib/gcc/ft32-elf/5.0.0/../../../../ft32-elf/lib/libstub.a(unimpl.o)
                0x00002c1c                _lseek
 .text._kill    0x00002c24        0x8 /cygdrive/c/Program Files (x86)/FTDI/FT90x Toolchain/Toolchain/tools/bin/../lib/gcc/ft32-elf/5.0.0/../../../../ft32-elf/lib/libstub.a(unimpl.o)
                0x00002c24                _kill
 .text._getpid  0x00002c2c        0x8 /cygdrive/c/Program Files (x86)/FTDI/FT90x Toolchain/Toolchain/tools/bin/../lib/gcc/ft32-elf/5.0.0/../../../../ft32-elf/lib/libstub.a(unimpl.o)
                0x00002c2c                _getpid
 .text.DefaultMalloc
                0x00002c34       0x18 D:\Freelance\Study\FTDI\new_build_framework\projects\libihome\Debug/libihome.a(rpc_core.o)
 .text.DefaultFree
                0x00002c4c       0x18 D:\Freelance\Study\FTDI\new_build_framework\projects\libihome\Debug/libihome.a(rpc_core.o)
 .text.unlikely.RWBuffer.part.0
                0x00002c64       0x18 D:\Freelance\Study\FTDI\new_build_framework\projects\libihome\Debug/libihome.a(rpc_core.o)
 .text.RPC_Initialise
                0x00002c7c       0x50 D:\Freelance\Study\FTDI\new_build_framework\projects\libihome\Debug/libihome.a(rpc_core.o)
                0x00002c7c                RPC_Initialise
 .text.RPC_Marshall
                0x00002ccc      0x3a8 D:\Freelance\Study\FTDI\new_build_framework\projects\libihome\Debug/libihome.a(rpc_core.o)
                0x00002ccc                RPC_Marshall
 .text.RPC_Unmarshall
                0x00003074      0x43c D:\Freelance\Study\FTDI\new_build_framework\projects\libihome\Debug/libihome.a(rpc_core.o)
                0x00003074                RPC_Unmarshall
 .text.RPC_RecipeCreate
                0x000034b0       0x4c D:\Freelance\Study\FTDI\new_build_framework\projects\libihome\Debug/libihome.a(rpc_core.o)
                0x000034b0                RPC_RecipeCreate
 .text.RPC_HouseKeeping
                0x000034fc       0xb4 D:\Freelance\Study\FTDI\new_build_framework\projects\libihome\Debug/libihome.a(rpc_core.o)
                0x000034fc                RPC_HouseKeeping
 .text.DefaultLockUnlock
                0x000035b0       0x18 D:\Freelance\Study\FTDI\new_build_framework\projects\libihome\Debug/libihome.a(rpc_core.o)
                0x000035b0                DefaultLockUnlock
 .text.RPC_Debug_Client_RegisterMutex
                0x000035c8       0x14 D:\Freelance\Study\FTDI\new_build_framework\projects\libihome\Debug/libihome.a(rpc_debug.o)
                0x000035c8                RPC_Debug_Client_RegisterMutex
 .text.RPC_Debug_ServerTask
                0x000035dc       0xb8 D:\Freelance\Study\FTDI\new_build_framework\projects\libihome\Debug/libihome.a(rpc_debug.o)
                0x000035dc                RPC_Debug_ServerTask
 .text.RPC_Service_DPutNumDec
                0x00003694      0x118 D:\Freelance\Study\FTDI\new_build_framework\projects\libihome\Debug/libihome.a(rpc_debug_DPutNumDec.o)
                0x00003694                RPC_Service_DPutNumDec
 .text.RPC_Service_DPutNumHex
                0x000037ac      0x118 D:\Freelance\Study\FTDI\new_build_framework\projects\libihome\Debug/libihome.a(rpc_debug_DPutNumHex.o)
                0x000037ac                RPC_Service_DPutNumHex
 .text.RPC_Service_DPutc
                0x000038c4      0x11c D:\Freelance\Study\FTDI\new_build_framework\projects\libihome\Debug/libihome.a(rpc_debug_DPutc.o)
                0x000038c4                RPC_Service_DPutc
 .text.RPC_Service_DPuts
                0x000039e0      0x11c D:\Freelance\Study\FTDI\new_build_framework\projects\libihome\Debug/libihome.a(rpc_debug_DPuts.o)
                0x000039e0                RPC_Service_DPuts
 .text.rpc_debug_server_fwd_get_packet
                0x00003afc       0x3c D:\Freelance\Study\FTDI\new_build_framework\projects\libihome\Debug/libihome.a(rpc_debug_port.o)
                0x00003afc                rpc_debug_server_fwd_get_packet
 .text.rpc_debug_server_ret_get_packet
                0x00003b38       0x10 D:\Freelance\Study\FTDI\new_build_framework\projects\libihome\Debug/libihome.a(rpc_debug_port.o)
                0x00003b38                rpc_debug_server_ret_get_packet
 .text.rpc_debug_server_transmit
                0x00003b48       0x6c D:\Freelance\Study\FTDI\new_build_framework\projects\libihome\Debug/libihome.a(rpc_debug_port.o)
                0x00003b48                rpc_debug_server_transmit
 .text.rpc_debug_mutex_take
                0x00003bb4       0x50 D:\Freelance\Study\FTDI\new_build_framework\projects\libihome\Debug/libihome.a(rpc_debug_port.o)
                0x00003bb4                rpc_debug_mutex_take
 .text.rpc_debug_mutex_give
                0x00003c04       0x20 D:\Freelance\Study\FTDI\new_build_framework\projects\libihome\Debug/libihome.a(rpc_debug_port.o)
                0x00003c04                rpc_debug_mutex_give
 .text.RPC_Diskio_Client_RegisterMutex
                0x00003c24       0x14 D:\Freelance\Study\FTDI\new_build_framework\projects\libihome\Debug/libihome.a(rpc_diskio.o)
                0x00003c24                RPC_Diskio_Client_RegisterMutex
 .text.RPC_Diskio_ServerTask
                0x00003c38       0xb8 D:\Freelance\Study\FTDI\new_build_framework\projects\libihome\Debug/libihome.a(rpc_diskio.o)
                0x00003c38                RPC_Diskio_ServerTask
 .text.RPC_Client_disk_initialize
                0x00003cf0      0x120 D:\Freelance\Study\FTDI\new_build_framework\projects\libihome\Debug/libihome.a(rpc_diskio_initialize.o)
                0x00003cf0                RPC_Client_disk_initialize
 .text.RPC_Service_disk_initialize
                0x00003e10      0x118 D:\Freelance\Study\FTDI\new_build_framework\projects\libihome\Debug/libihome.a(rpc_diskio_initialize.o)
                0x00003e10                RPC_Service_disk_initialize
 .text.rpc_diskio_client_get_cid
                0x00003f28       0x1c D:\Freelance\Study\FTDI\new_build_framework\projects\libihome\Debug/libihome.a(rpc_diskio_port.o)
                0x00003f28                rpc_diskio_client_get_cid
 .text.rpc_diskio_client_fwd_get_packet
                0x00003f44       0x10 D:\Freelance\Study\FTDI\new_build_framework\projects\libihome\Debug/libihome.a(rpc_diskio_port.o)
                0x00003f44                rpc_diskio_client_fwd_get_packet
 .text.rpc_diskio_client_ret_get_packet
                0x00003f54       0x7c D:\Freelance\Study\FTDI\new_build_framework\projects\libihome\Debug/libihome.a(rpc_diskio_port.o)
                0x00003f54                rpc_diskio_client_ret_get_packet
 .text.rpc_diskio_server_fwd_get_packet
                0x00003fd0       0x3c D:\Freelance\Study\FTDI\new_build_framework\projects\libihome\Debug/libihome.a(rpc_diskio_port.o)
                0x00003fd0                rpc_diskio_server_fwd_get_packet
 .text.rpc_diskio_server_ret_get_packet
                0x0000400c       0x10 D:\Freelance\Study\FTDI\new_build_framework\projects\libihome\Debug/libihome.a(rpc_diskio_port.o)
                0x0000400c                rpc_diskio_server_ret_get_packet
 .text.rpc_diskio_client_transmit
                0x0000401c       0x60 D:\Freelance\Study\FTDI\new_build_framework\projects\libihome\Debug/libihome.a(rpc_diskio_port.o)
                0x0000401c                rpc_diskio_client_transmit
 .text.rpc_diskio_server_transmit
                0x0000407c       0x6c D:\Freelance\Study\FTDI\new_build_framework\projects\libihome\Debug/libihome.a(rpc_diskio_port.o)
                0x0000407c                rpc_diskio_server_transmit
 .text.rpc_diskio_mutex_take
                0x000040e8       0x50 D:\Freelance\Study\FTDI\new_build_framework\projects\libihome\Debug/libihome.a(rpc_diskio_port.o)
                0x000040e8                rpc_diskio_mutex_take
 .text.rpc_diskio_mutex_give
                0x00004138       0x20 D:\Freelance\Study\FTDI\new_build_framework\projects\libihome\Debug/libihome.a(rpc_diskio_port.o)
                0x00004138                rpc_diskio_mutex_give
 .text.RPC_Client_disk_read
                0x00004158      0x140 D:\Freelance\Study\FTDI\new_build_framework\projects\libihome\Debug/libihome.a(rpc_diskio_read.o)
                0x00004158                RPC_Client_disk_read
 .text.RPC_Service_disk_read
                0x00004298      0x178 D:\Freelance\Study\FTDI\new_build_framework\projects\libihome\Debug/libihome.a(rpc_diskio_read.o)
                0x00004298                RPC_Service_disk_read
 .text.RPC_Service_disk_status
                0x00004410      0x118 D:\Freelance\Study\FTDI\new_build_framework\projects\libihome\Debug/libihome.a(rpc_diskio_status.o)
                0x00004410                RPC_Service_disk_status
 .text.RPC_Client_disk_write
                0x00004528      0x140 D:\Freelance\Study\FTDI\new_build_framework\projects\libihome\Debug/libihome.a(rpc_diskio_write.o)
                0x00004528                RPC_Client_disk_write
 .text.RPC_Service_disk_write
                0x00004668      0x13c D:\Freelance\Study\FTDI\new_build_framework\projects\libihome\Debug/libihome.a(rpc_diskio_write.o)
                0x00004668                RPC_Service_disk_write
 .text.RPC_HttpC_Client_RegisterMutex
                0x000047a4       0x14 D:\Freelance\Study\FTDI\new_build_framework\projects\libihome\Debug/libihome.a(rpc_httpc.o)
                0x000047a4                RPC_HttpC_Client_RegisterMutex
 .text.RPC_HttpC_ServerTask
                0x000047b8       0x6c D:\Freelance\Study\FTDI\new_build_framework\projects\libihome\Debug/libihome.a(rpc_httpc.o)
                0x000047b8                RPC_HttpC_ServerTask
 .text.RPC_Service_HttpClient
                0x00004824      0x330 D:\Freelance\Study\FTDI\new_build_framework\projects\libihome\Debug/libihome.a(rpc_httpc_HttpClient.o)
                0x00004824                RPC_Service_HttpClient
 .text.rpc_httpc_server_fwd_get_packet
                0x00004b54       0x3c D:\Freelance\Study\FTDI\new_build_framework\projects\libihome\Debug/libihome.a(rpc_httpc_port.o)
                0x00004b54                rpc_httpc_server_fwd_get_packet
 .text.rpc_httpc_server_ret_get_packet
                0x00004b90       0x10 D:\Freelance\Study\FTDI\new_build_framework\projects\libihome\Debug/libihome.a(rpc_httpc_port.o)
                0x00004b90                rpc_httpc_server_ret_get_packet
 .text.rpc_httpc_server_transmit
                0x00004ba0       0x60 D:\Freelance\Study\FTDI\new_build_framework\projects\libihome\Debug/libihome.a(rpc_httpc_port.o)
                0x00004ba0                rpc_httpc_server_transmit
 .text.rpc_httpc_mutex_take
                0x00004c00       0x50 D:\Freelance\Study\FTDI\new_build_framework\projects\libihome\Debug/libihome.a(rpc_httpc_port.o)
                0x00004c00                rpc_httpc_mutex_take
 .text.rpc_httpc_mutex_give
                0x00004c50       0x20 D:\Freelance\Study\FTDI\new_build_framework\projects\libihome\Debug/libihome.a(rpc_httpc_port.o)
                0x00004c50                rpc_httpc_mutex_give
 .text.GPIO_ISR
                0x00004c70      0x13c D:\Freelance\Study\FTDI\new_build_framework\projects\libihome\Debug/libihome.a(ipc_gpio.o)
 .text.GPIO_Open
                0x00004dac      0x120 D:\Freelance\Study\FTDI\new_build_framework\projects\libihome\Debug/libihome.a(ipc_gpio.o)
                0x00004dac                GPIO_Open
 .text.vSPIM_Task
                0x00004ecc      0x300 D:\Freelance\Study\FTDI\new_build_framework\projects\libihome\Debug/libihome.a(ipc_spim.o)
 .text.SPIM_Open
                0x000051cc      0x1ac D:\Freelance\Study\FTDI\new_build_framework\projects\libihome\Debug/libihome.a(ipc_spim.o)
                0x000051cc                SPIM_Open
 .text.SPIM_GetArbTaskHandle
                0x00005378       0x10 D:\Freelance\Study\FTDI\new_build_framework\projects\libihome\Debug/libihome.a(ipc_spim.o)
                0x00005378                SPIM_GetArbTaskHandle
 .text.SPIM_PushToMOSIQueue
                0x00005388       0x48 D:\Freelance\Study\FTDI\new_build_framework\projects\libihome\Debug/libihome.a(ipc_spim.o)
                0x00005388                SPIM_PushToMOSIQueue
 .text.vSPIS_TaskMISO
                0x000053d0      0x140 D:\Freelance\Study\FTDI\new_build_framework\projects\libihome\Debug/libihome.a(ipc_spis.o)
 .text.vSPIS_TaskWaitQueueMOSI
                0x00005510      0x1a0 D:\Freelance\Study\FTDI\new_build_framework\projects\libihome\Debug/libihome.a(ipc_spis.o)
 .text.SPIS_ISR
                0x000056b0      0x238 D:\Freelance\Study\FTDI\new_build_framework\projects\libihome\Debug/libihome.a(ipc_spis.o)
 .text.SPIS_Open
                0x000058e8      0x214 D:\Freelance\Study\FTDI\new_build_framework\projects\libihome\Debug/libihome.a(ipc_spis.o)
                0x000058e8                SPIS_Open
 .text.SPIS_GetMISOTaskHandle
                0x00005afc       0x10 D:\Freelance\Study\FTDI\new_build_framework\projects\libihome\Debug/libihome.a(ipc_spis.o)
                0x00005afc                SPIS_GetMISOTaskHandle
 .text.Pkt_IsFirstPacket
                0x00005b0c       0x14 D:\Freelance\Study\FTDI\new_build_framework\projects\libihome\Debug/libihome.a(packet.o)
                0x00005b0c                Pkt_IsFirstPacket
 .text.Pkt_IsLastPacket
                0x00005b20       0x14 D:\Freelance\Study\FTDI\new_build_framework\projects\libihome\Debug/libihome.a(packet.o)
                0x00005b20                Pkt_IsLastPacket
 .text.Pkt_IsHeaderMismatch
                0x00005b34       0x58 D:\Freelance\Study\FTDI\new_build_framework\projects\libihome\Debug/libihome.a(packet.o)
                0x00005b34                Pkt_IsHeaderMismatch
 .text.Pkt_GetDID
                0x00005b8c       0x14 D:\Freelance\Study\FTDI\new_build_framework\projects\libihome\Debug/libihome.a(packet.o)
                0x00005b8c                Pkt_GetDID
 .text.Pkt_GetFID
                0x00005ba0       0x10 D:\Freelance\Study\FTDI\new_build_framework\projects\libihome\Debug/libihome.a(packet.o)
                0x00005ba0                Pkt_GetFID
 .text.Pkt_GetPayloadSize
                0x00005bb0       0x14 D:\Freelance\Study\FTDI\new_build_framework\projects\libihome\Debug/libihome.a(packet.o)
                0x00005bb0                Pkt_GetPayloadSize
 .text.Pkt_InitPacket
                0x00005bc4       0x10 D:\Freelance\Study\FTDI\new_build_framework\projects\libihome\Debug/libihome.a(packet.o)
                0x00005bc4                Pkt_InitPacket
 .text.Pkt_SetFirstPacket
                0x00005bd4       0x18 D:\Freelance\Study\FTDI\new_build_framework\projects\libihome\Debug/libihome.a(packet.o)
                0x00005bd4                Pkt_SetFirstPacket
 .text.Pkt_SetLastPacket
                0x00005bec       0x18 D:\Freelance\Study\FTDI\new_build_framework\projects\libihome\Debug/libihome.a(packet.o)
                0x00005bec                Pkt_SetLastPacket
 .text.Pkt_SetPayloadSize
                0x00005c04       0x18 D:\Freelance\Study\FTDI\new_build_framework\projects\libihome\Debug/libihome.a(packet.o)
                0x00005c04                Pkt_SetPayloadSize
 .text.Pkt_CopyPacketHeader
                0x00005c1c       0x28 D:\Freelance\Study\FTDI\new_build_framework\projects\libihome\Debug/libihome.a(packet.o)
                0x00005c1c                Pkt_CopyPacketHeader
 .text.DPutc    0x00005c44       0x18 D:\Freelance\Study\FTDI\new_build_framework\projects\libihome\Debug/libihome.a(debug.o)
                0x00005c44                DPutc
 .text.DPuts    0x00005c5c       0x3c D:\Freelance\Study\FTDI\new_build_framework\projects\libihome\Debug/libihome.a(debug.o)
                0x00005c5c                DPuts
 .text.DPutNumDec
                0x00005c98       0xac D:\Freelance\Study\FTDI\new_build_framework\projects\libihome\Debug/libihome.a(debug.o)
                0x00005c98                DPutNumDec
 .text.DPutNumHex
                0x00005d44       0x5c D:\Freelance\Study\FTDI\new_build_framework\projects\libihome\Debug/libihome.a(debug.o)
                0x00005d44                DPutNumHex
 .text.DVPrintf
                0x00005da0       0xe8 D:\Freelance\Study\FTDI\new_build_framework\projects\libihome\Debug/libihome.a(debug.o)
                0x00005da0                DVPrintf
 .text.DPrintf  0x00005e88       0x2c D:\Freelance\Study\FTDI\new_build_framework\projects\libihome\Debug/libihome.a(debug.o)
                0x00005e88                DPrintf
 .text.HttpClient
                0x00005eb4      0x1a8 D:\Freelance\Study\FTDI\new_build_framework\projects\libihome\Debug/libihome.a(http.o)
                0x00005eb4                HttpClient
 .text.myputc   0x0000605c       0x14 D:\Freelance\Study\FTDI\new_build_framework\projects\libihome\Debug/libihome.a(platform.o)
 .text.watchdog_handler
                0x00006070       0x10 D:\Freelance\Study\FTDI\new_build_framework\projects\libihome\Debug/libihome.a(platform.o)
                0x00006070                watchdog_handler
 .text.Platform_OpenMode
                0x00006080      0x1f0 D:\Freelance\Study\FTDI\new_build_framework\projects\libihome\Debug/libihome.a(platform.o)
                0x00006080                Platform_OpenMode
 .text.Platform_Open
                0x00006270       0x14 D:\Freelance\Study\FTDI\new_build_framework\projects\libihome\Debug/libihome.a(platform.o)
                0x00006270                Platform_Open
 .text.SPI_GetRxFifoSize
                0x00006284       0x2c D:\Freelance\Study\FTDI\new_build_framework\projects\libihome\Debug/libihome.a(ipc_spi.o)
                0x00006284                SPI_GetRxFifoSize
 .text.SPIM_WriteN
                0x000062b0      0x110 D:\Freelance\Study\FTDI\new_build_framework\projects\libihome\Debug/libihome.a(ipc_spi.o)
                0x000062b0                SPIM_WriteN
 .text.SPIS_IsTxTransactionActive
                0x000063c0       0x14 D:\Freelance\Study\FTDI\new_build_framework\projects\libihome\Debug/libihome.a(ipc_spi.o)
                0x000063c0                SPIS_IsTxTransactionActive
 .text.SPIS_ControlTXInterrupt
                0x000063d4       0x48 D:\Freelance\Study\FTDI\new_build_framework\projects\libihome\Debug/libihome.a(ipc_spi.o)
                0x000063d4                SPIS_ControlTXInterrupt
 .text.SPIS_WriteN
                0x0000641c       0xcc D:\Freelance\Study\FTDI\new_build_framework\projects\libihome\Debug/libihome.a(ipc_spi.o)
                0x0000641c                SPIS_WriteN
 .text.SPIM_ReadN
                0x000064e8       0xf8 D:\Freelance\Study\FTDI\new_build_framework\projects\libihome\Debug/libihome.a(ipc_spi.o)
                0x000064e8                SPIM_ReadN
 .text.SPIS_ReadN_From_ISR
                0x000065e0       0x9c D:\Freelance\Study\FTDI\new_build_framework\projects\libihome\Debug/libihome.a(ipc_spi.o)
                0x000065e0                SPIS_ReadN_From_ISR
 .text.init_printf
                0x0000667c       0x14 D:\Freelance\Study\FTDI\new_build_framework\projects\libexternal\Debug/libexternal.a(tinyprintf.o)
                0x0000667c                init_printf
 .text.disk_initialize
                0x00006690       0x34 D:\Freelance\Study\FTDI\new_build_framework\projects\libexternal\Debug/libexternal.a(diskio.o)
                0x00006690                disk_initialize
 .text.disk_status
                0x000066c4       0x34 D:\Freelance\Study\FTDI\new_build_framework\projects\libexternal\Debug/libexternal.a(diskio.o)
                0x000066c4                disk_status
 .text.disk_read
                0x000066f8       0x90 D:\Freelance\Study\FTDI\new_build_framework\projects\libexternal\Debug/libexternal.a(diskio.o)
                0x000066f8                disk_read
 .text.disk_write
                0x00006788       0x84 D:\Freelance\Study\FTDI\new_build_framework\projects\libexternal\Debug/libexternal.a(diskio.o)
                0x00006788                disk_write
 .text.get_ldnumber
                0x0000680c       0x7c D:\Freelance\Study\FTDI\new_build_framework\projects\libexternal\Debug/libexternal.a(ff.o)
 .text.sync_window.part.2
                0x00006888       0x90 D:\Freelance\Study\FTDI\new_build_framework\projects\libexternal\Debug/libexternal.a(ff.o)
 .text.sync_window
                0x00006918       0x28 D:\Freelance\Study\FTDI\new_build_framework\projects\libexternal\Debug/libexternal.a(ff.o)
 .text.move_window
                0x00006940       0x64 D:\Freelance\Study\FTDI\new_build_framework\projects\libexternal\Debug/libexternal.a(ff.o)
 .text.check_fs
                0x000069a4       0xbc D:\Freelance\Study\FTDI\new_build_framework\projects\libexternal\Debug/libexternal.a(ff.o)
 .text.find_volume
                0x00006a60      0x440 D:\Freelance\Study\FTDI\new_build_framework\projects\libexternal\Debug/libexternal.a(ff.o)
 .text.unlock_fs
                0x00006ea0       0x34 D:\Freelance\Study\FTDI\new_build_framework\projects\libexternal\Debug/libexternal.a(ff.o)
 .text.f_mount  0x00006ed4      0x110 D:\Freelance\Study\FTDI\new_build_framework\projects\libexternal\Debug/libexternal.a(ff.o)
                0x00006ed4                f_mount
 .text.ff_cre_syncobj
                0x00006fe4       0x2c D:\Freelance\Study\FTDI\new_build_framework\projects\libexternal\Debug/libexternal.a(syscall.o)
                0x00006fe4                ff_cre_syncobj
 .text.ff_del_syncobj
                0x00007010       0x14 D:\Freelance\Study\FTDI\new_build_framework\projects\libexternal\Debug/libexternal.a(syscall.o)
                0x00007010                ff_del_syncobj
 .text.ff_req_grant
                0x00007024       0x24 D:\Freelance\Study\FTDI\new_build_framework\projects\libexternal\Debug/libexternal.a(syscall.o)
                0x00007024                ff_req_grant
 .text.ff_rel_grant
                0x00007048       0x1c D:\Freelance\Study\FTDI\new_build_framework\projects\libexternal\Debug/libexternal.a(syscall.o)
                0x00007048                ff_rel_grant
 .text.prvInsertBlockIntoFreeList
                0x00007064       0x80 D:\Freelance\Study\FTDI\new_build_framework\projects\libFreeRTOS\Debug/libFreeRTOS.a(heap_4.o)
 .text.pvPortMalloc
                0x000070e4      0x1b0 D:\Freelance\Study\FTDI\new_build_framework\projects\libFreeRTOS\Debug/libFreeRTOS.a(heap_4.o)
                0x000070e4                pvPortMalloc
 .text.vPortFree
                0x00007294       0xa8 D:\Freelance\Study\FTDI\new_build_framework\projects\libFreeRTOS\Debug/libFreeRTOS.a(heap_4.o)
                0x00007294                vPortFree
 .text.vPortTaskInfoPrint
                0x0000733c       0x64 D:\Freelance\Study\FTDI\new_build_framework\projects\libFreeRTOS\Debug/libFreeRTOS.a(port_extra.o)
 .text.vPortTaskContextPrint
                0x000073a0       0x98 D:\Freelance\Study\FTDI\new_build_framework\projects\libFreeRTOS\Debug/libFreeRTOS.a(port_extra.o)
 .text.vPortTaskSwitched_AssertIrqIssue
                0x00007438       0x68 D:\Freelance\Study\FTDI\new_build_framework\projects\libFreeRTOS\Debug/libFreeRTOS.a(port_extra.o)
                0x00007438                vPortTaskSwitched_AssertIrqIssue
 .text.vPortTaskCreate
                0x000074a0       0x24 D:\Freelance\Study\FTDI\new_build_framework\projects\libFreeRTOS\Debug/libFreeRTOS.a(port_extra.o)
                0x000074a0                vPortTaskCreate
 .text.vPortAssert_vTaskEnterCriticalInISR
                0x000074c4       0x40 D:\Freelance\Study\FTDI\new_build_framework\projects\libFreeRTOS\Debug/libFreeRTOS.a(port_extra.o)
                0x000074c4                vPortAssert_vTaskEnterCriticalInISR
 .text.vApplicationStackOverflowHook
                0x00007504       0x88 D:\Freelance\Study\FTDI\new_build_framework\projects\libFreeRTOS\Debug/libFreeRTOS.a(port_extra.o)
                0x00007504                vApplicationStackOverflowHook
 .text.vApplicationMallocFailedHook
                0x0000758c       0x1c D:\Freelance\Study\FTDI\new_build_framework\projects\libFreeRTOS\Debug/libFreeRTOS.a(port_extra.o)
                0x0000758c                vApplicationMallocFailedHook
 .text.prvCopyDataToQueue
                0x000075a8       0xe0 D:\Freelance\Study\FTDI\new_build_framework\projects\libFreeRTOS\Debug/libFreeRTOS.a(queue.o)
 .text.prvCopyDataFromQueue
                0x00007688       0x40 D:\Freelance\Study\FTDI\new_build_framework\projects\libFreeRTOS\Debug/libFreeRTOS.a(queue.o)
 .text.prvUnlockQueue
                0x000076c8       0xb4 D:\Freelance\Study\FTDI\new_build_framework\projects\libFreeRTOS\Debug/libFreeRTOS.a(queue.o)
 .text.xQueueGenericReset
                0x0000777c       0xb4 D:\Freelance\Study\FTDI\new_build_framework\projects\libFreeRTOS\Debug/libFreeRTOS.a(queue.o)
                0x0000777c                xQueueGenericReset
 .text.xQueueGenericCreate
                0x00007830       0xa8 D:\Freelance\Study\FTDI\new_build_framework\projects\libFreeRTOS\Debug/libFreeRTOS.a(queue.o)
                0x00007830                xQueueGenericCreate
 .text.xQueueGenericSend
                0x000078d8      0x1fc D:\Freelance\Study\FTDI\new_build_framework\projects\libFreeRTOS\Debug/libFreeRTOS.a(queue.o)
                0x000078d8                xQueueGenericSend
 .text.xQueueCreateMutex
                0x00007ad4       0x98 D:\Freelance\Study\FTDI\new_build_framework\projects\libFreeRTOS\Debug/libFreeRTOS.a(queue.o)
                0x00007ad4                xQueueCreateMutex
 .text.xQueueGenericSendFromISR
                0x00007b6c      0x104 D:\Freelance\Study\FTDI\new_build_framework\projects\libFreeRTOS\Debug/libFreeRTOS.a(queue.o)
                0x00007b6c                xQueueGenericSendFromISR
 .text.xQueueGenericReceive
                0x00007c70      0x220 D:\Freelance\Study\FTDI\new_build_framework\projects\libFreeRTOS\Debug/libFreeRTOS.a(queue.o)
                0x00007c70                xQueueGenericReceive
 .text.uxQueueSpacesAvailable
                0x00007e90       0x44 D:\Freelance\Study\FTDI\new_build_framework\projects\libFreeRTOS\Debug/libFreeRTOS.a(queue.o)
                0x00007e90                uxQueueSpacesAvailable
 .text.vQueueDelete
                0x00007ed4       0x34 D:\Freelance\Study\FTDI\new_build_framework\projects\libFreeRTOS\Debug/libFreeRTOS.a(queue.o)
                0x00007ed4                vQueueDelete
 .text.xQueueIsQueueFullFromISR
                0x00007f08       0x3c D:\Freelance\Study\FTDI\new_build_framework\projects\libFreeRTOS\Debug/libFreeRTOS.a(queue.o)
                0x00007f08                xQueueIsQueueFullFromISR
 .text.vQueueWaitForMessageRestricted
                0x00007f44       0x70 D:\Freelance\Study\FTDI\new_build_framework\projects\libFreeRTOS\Debug/libFreeRTOS.a(queue.o)
                0x00007f44                vQueueWaitForMessageRestricted
 .text.prvResetNextTaskUnblockTime
                0x00007fb4       0x38 D:\Freelance\Study\FTDI\new_build_framework\projects\libFreeRTOS\Debug/libFreeRTOS.a(tasks.o)
 .text.prvAddCurrentTaskToDelayedList
                0x00007fec       0x5c D:\Freelance\Study\FTDI\new_build_framework\projects\libFreeRTOS\Debug/libFreeRTOS.a(tasks.o)
 .text.eTaskGetStateFromISR
                0x00008048       0x98 D:\Freelance\Study\FTDI\new_build_framework\projects\libFreeRTOS\Debug/libFreeRTOS.a(tasks.o)
                0x00008048                eTaskGetStateFromISR
 .text.vTaskSuspendAll
                0x000080e0       0x18 D:\Freelance\Study\FTDI\new_build_framework\projects\libFreeRTOS\Debug/libFreeRTOS.a(tasks.o)
                0x000080e0                vTaskSuspendAll
 .text.pcTaskGetTaskName
                0x000080f8       0x3c D:\Freelance\Study\FTDI\new_build_framework\projects\libFreeRTOS\Debug/libFreeRTOS.a(tasks.o)
                0x000080f8                pcTaskGetTaskName
 .text.xTaskIncrementTick
                0x00008134      0x178 D:\Freelance\Study\FTDI\new_build_framework\projects\libFreeRTOS\Debug/libFreeRTOS.a(tasks.o)
                0x00008134                xTaskIncrementTick
 .text.vTaskSwitchContext
                0x000082ac      0x160 D:\Freelance\Study\FTDI\new_build_framework\projects\libFreeRTOS\Debug/libFreeRTOS.a(tasks.o)
                0x000082ac                vTaskSwitchContext
 .text.vTaskPlaceOnEventList
                0x0000840c       0x74 D:\Freelance\Study\FTDI\new_build_framework\projects\libFreeRTOS\Debug/libFreeRTOS.a(tasks.o)
                0x0000840c                vTaskPlaceOnEventList
 .text.vTaskPlaceOnEventListRestricted
                0x00008480       0x78 D:\Freelance\Study\FTDI\new_build_framework\projects\libFreeRTOS\Debug/libFreeRTOS.a(tasks.o)
                0x00008480                vTaskPlaceOnEventListRestricted
 .text.xTaskRemoveFromEventList
                0x000084f8       0xb0 D:\Freelance\Study\FTDI\new_build_framework\projects\libFreeRTOS\Debug/libFreeRTOS.a(tasks.o)
                0x000084f8                xTaskRemoveFromEventList
 .text.vTaskSetTimeOutState
                0x000085a8       0x3c D:\Freelance\Study\FTDI\new_build_framework\projects\libFreeRTOS\Debug/libFreeRTOS.a(tasks.o)
                0x000085a8                vTaskSetTimeOutState
 .text.vTaskMissedYield
                0x000085e4       0x14 D:\Freelance\Study\FTDI\new_build_framework\projects\libFreeRTOS\Debug/libFreeRTOS.a(tasks.o)
                0x000085e4                vTaskMissedYield
 .text.uxTaskGetTaskNumber
                0x000085f8       0x20 D:\Freelance\Study\FTDI\new_build_framework\projects\libFreeRTOS\Debug/libFreeRTOS.a(tasks.o)
                0x000085f8                uxTaskGetTaskNumber
 .text.vTaskSetTaskNumber
                0x00008618       0x18 D:\Freelance\Study\FTDI\new_build_framework\projects\libFreeRTOS\Debug/libFreeRTOS.a(tasks.o)
                0x00008618                vTaskSetTaskNumber
 .text.xTaskGetCurrentTaskHandle
                0x00008630       0x10 D:\Freelance\Study\FTDI\new_build_framework\projects\libFreeRTOS\Debug/libFreeRTOS.a(tasks.o)
                0x00008630                xTaskGetCurrentTaskHandle
 .text.xTaskGetSchedulerState
                0x00008640       0x2c D:\Freelance\Study\FTDI\new_build_framework\projects\libFreeRTOS\Debug/libFreeRTOS.a(tasks.o)
                0x00008640                xTaskGetSchedulerState
 .text.vTaskPriorityInherit
                0x0000866c       0xc4 D:\Freelance\Study\FTDI\new_build_framework\projects\libFreeRTOS\Debug/libFreeRTOS.a(tasks.o)
                0x0000866c                vTaskPriorityInherit
 .text.xTaskPriorityDisinherit
                0x00008730       0xd0 D:\Freelance\Study\FTDI\new_build_framework\projects\libFreeRTOS\Debug/libFreeRTOS.a(tasks.o)
                0x00008730                xTaskPriorityDisinherit
 .text.vTaskEnterCritical
                0x00008800       0x48 D:\Freelance\Study\FTDI\new_build_framework\projects\libFreeRTOS\Debug/libFreeRTOS.a(tasks.o)
                0x00008800                vTaskEnterCritical
 .text.vTaskExitCritical
                0x00008848       0x4c D:\Freelance\Study\FTDI\new_build_framework\projects\libFreeRTOS\Debug/libFreeRTOS.a(tasks.o)
                0x00008848                vTaskExitCritical
 .text.xTaskGenericCreate
                0x00008894      0x29c D:\Freelance\Study\FTDI\new_build_framework\projects\libFreeRTOS\Debug/libFreeRTOS.a(tasks.o)
                0x00008894                xTaskGenericCreate
 .text.vTaskStartScheduler
                0x00008b30       0x8c D:\Freelance\Study\FTDI\new_build_framework\projects\libFreeRTOS\Debug/libFreeRTOS.a(tasks.o)
                0x00008b30                vTaskStartScheduler
 .text.eTaskGetState
                0x00008bbc       0xa0 D:\Freelance\Study\FTDI\new_build_framework\projects\libFreeRTOS\Debug/libFreeRTOS.a(tasks.o)
                0x00008bbc                eTaskGetState
 .text.xTaskResumeAll
                0x00008c5c      0x130 D:\Freelance\Study\FTDI\new_build_framework\projects\libFreeRTOS\Debug/libFreeRTOS.a(tasks.o)
                0x00008c5c                xTaskResumeAll
 .text.vTaskDelay
                0x00008d8c       0x6c D:\Freelance\Study\FTDI\new_build_framework\projects\libFreeRTOS\Debug/libFreeRTOS.a(tasks.o)
                0x00008d8c                vTaskDelay
 .text.prvIdleTask
                0x00008df8       0x84 D:\Freelance\Study\FTDI\new_build_framework\projects\libFreeRTOS\Debug/libFreeRTOS.a(tasks.o)
 .text.xTaskGetTickCount
                0x00008e7c       0x20 D:\Freelance\Study\FTDI\new_build_framework\projects\libFreeRTOS\Debug/libFreeRTOS.a(tasks.o)
                0x00008e7c                xTaskGetTickCount
 .text.xTaskCheckForTimeOut
                0x00008e9c       0xb0 D:\Freelance\Study\FTDI\new_build_framework\projects\libFreeRTOS\Debug/libFreeRTOS.a(tasks.o)
                0x00008e9c                xTaskCheckForTimeOut
 .text.pvTaskIncrementMutexHeldCount
                0x00008f4c       0x2c D:\Freelance\Study\FTDI\new_build_framework\projects\libFreeRTOS\Debug/libFreeRTOS.a(tasks.o)
                0x00008f4c                pvTaskIncrementMutexHeldCount
 .text.ulTaskNotifyTake
                0x00008f78       0xc0 D:\Freelance\Study\FTDI\new_build_framework\projects\libFreeRTOS\Debug/libFreeRTOS.a(tasks.o)
                0x00008f78                ulTaskNotifyTake
 .text.xTaskNotifyWait
                0x00009038       0xf0 D:\Freelance\Study\FTDI\new_build_framework\projects\libFreeRTOS\Debug/libFreeRTOS.a(tasks.o)
                0x00009038                xTaskNotifyWait
 .text.xTaskGenericNotify
                0x00009128      0x134 D:\Freelance\Study\FTDI\new_build_framework\projects\libFreeRTOS\Debug/libFreeRTOS.a(tasks.o)
                0x00009128                xTaskGenericNotify
 .text.xTaskGenericNotifyFromISR
                0x0000925c      0x154 D:\Freelance\Study\FTDI\new_build_framework\projects\libFreeRTOS\Debug/libFreeRTOS.a(tasks.o)
                0x0000925c                xTaskGenericNotifyFromISR
 .text.vTaskNotifyGiveFromISR
                0x000093b0       0xe4 D:\Freelance\Study\FTDI\new_build_framework\projects\libFreeRTOS\Debug/libFreeRTOS.a(tasks.o)
                0x000093b0                vTaskNotifyGiveFromISR
 .text.prvCheckForValidListAndQueue
                0x00009494       0x70 D:\Freelance\Study\FTDI\new_build_framework\projects\libFreeRTOS\Debug/libFreeRTOS.a(timers.o)
 .text.prvInsertTimerInActiveList
                0x00009504       0x64 D:\Freelance\Study\FTDI\new_build_framework\projects\libFreeRTOS\Debug/libFreeRTOS.a(timers.o)
 .text.xTimerCreateTimerTask
                0x00009568       0x60 D:\Freelance\Study\FTDI\new_build_framework\projects\libFreeRTOS\Debug/libFreeRTOS.a(timers.o)
                0x00009568                xTimerCreateTimerTask
 .text.xTimerGenericCommand
                0x000095c8       0x80 D:\Freelance\Study\FTDI\new_build_framework\projects\libFreeRTOS\Debug/libFreeRTOS.a(timers.o)
                0x000095c8                xTimerGenericCommand
 .text.prvSwitchTimerLists
                0x00009648       0xb8 D:\Freelance\Study\FTDI\new_build_framework\projects\libFreeRTOS\Debug/libFreeRTOS.a(timers.o)
 .text.prvTimerTask
                0x00009700      0x288 D:\Freelance\Study\FTDI\new_build_framework\projects\libFreeRTOS\Debug/libFreeRTOS.a(timers.o)
 .text.prvPortTimerISR
                0x00009988       0x74 D:\Freelance\Study\FTDI\new_build_framework\projects\libFreeRTOS\Debug/libFreeRTOS.a(port.o)
                0x00009988                prvPortTimerISR
 .text.pxPortInitialiseStack
                0x000099fc       0x70 D:\Freelance\Study\FTDI\new_build_framework\projects\libFreeRTOS\Debug/libFreeRTOS.a(port.o)
                0x000099fc                pxPortInitialiseStack
 .text.xPortStartScheduler
                0x00009a6c       0x94 D:\Freelance\Study\FTDI\new_build_framework\projects\libFreeRTOS\Debug/libFreeRTOS.a(port.o)
                0x00009a6c                xPortStartScheduler
 .text.vPortProfilerStart
                0x00009b00        0xc D:\Freelance\Study\FTDI\new_build_framework\projects\libFreeRTOS\Debug/libFreeRTOS.a(port.o)
                0x00009b00                vPortProfilerStart
 .text.ulPortProfilerCounterGet
                0x00009b0c       0x2c D:\Freelance\Study\FTDI\new_build_framework\projects\libFreeRTOS\Debug/libFreeRTOS.a(port.o)
                0x00009b0c                ulPortProfilerCounterGet
 .text.ulPortSysTickGet
                0x00009b38       0x10 D:\Freelance\Study\FTDI\new_build_framework\projects\libFreeRTOS\Debug/libFreeRTOS.a(port.o)
                0x00009b38                ulPortSysTickGet
 .text.vPortDisableInterrupts
                0x00009b48       0x1c D:\Freelance\Study\FTDI\new_build_framework\projects\libFreeRTOS\Debug/libFreeRTOS.a(port.o)
                0x00009b48                vPortDisableInterrupts
 .text.vPortEnableInterrupts
                0x00009b64       0x1c D:\Freelance\Study\FTDI\new_build_framework\projects\libFreeRTOS\Debug/libFreeRTOS.a(port.o)
                0x00009b64                vPortEnableInterrupts
 .text          0x00009b80      0x138 D:\Freelance\Study\FTDI\new_build_framework\projects\libFreeRTOS\Debug/libFreeRTOS.a(portasm.o)
                0x00009b80                vPortYield
                0x00009c14                RestoreContext
 .text.vListInitialise
                0x00009cb8       0x2c D:\Freelance\Study\FTDI\new_build_framework\projects\libFreeRTOS\Debug/libFreeRTOS.a(list.o)
                0x00009cb8                vListInitialise
 .text.vListInitialiseItem
                0x00009ce4       0x14 D:\Freelance\Study\FTDI\new_build_framework\projects\libFreeRTOS\Debug/libFreeRTOS.a(list.o)
                0x00009ce4                vListInitialiseItem
 .text.vListInsertEnd
                0x00009cf8       0x38 D:\Freelance\Study\FTDI\new_build_framework\projects\libFreeRTOS\Debug/libFreeRTOS.a(list.o)
                0x00009cf8                vListInsertEnd
 .text.vListInsert
                0x00009d30       0x60 D:\Freelance\Study\FTDI\new_build_framework\projects\libFreeRTOS\Debug/libFreeRTOS.a(list.o)
                0x00009d30                vListInsert
 .text.uxListRemove
                0x00009d90       0x48 D:\Freelance\Study\FTDI\new_build_framework\projects\libFreeRTOS\Debug/libFreeRTOS.a(list.o)
                0x00009d90                uxListRemove
 .text.determine_reg
                0x00009dd8       0x3c D:\Freelance\Study\FTDI\new_build_framework\projects\libft900\Debug/libft900.a(gpio.o)
 .text.gpio_dir
                0x00009e14       0xa8 D:\Freelance\Study\FTDI\new_build_framework\projects\libft900\Debug/libft900.a(gpio.o)
                0x00009e14                gpio_dir
 .text.gpio_pull
                0x00009ebc       0xc0 D:\Freelance\Study\FTDI\new_build_framework\projects\libft900\Debug/libft900.a(gpio.o)
                0x00009ebc                gpio_pull
 .text.gpio_function
                0x00009f7c       0xc0 D:\Freelance\Study\FTDI\new_build_framework\projects\libft900\Debug/libft900.a(gpio.o)
                0x00009f7c                gpio_function
 .text.gpio_write
                0x0000a03c       0x9c D:\Freelance\Study\FTDI\new_build_framework\projects\libft900\Debug/libft900.a(gpio.o)
                0x0000a03c                gpio_write
 .text.gpio_read
                0x0000a0d8       0x5c D:\Freelance\Study\FTDI\new_build_framework\projects\libft900\Debug/libft900.a(gpio.o)
                0x0000a0d8                gpio_read
 .text.gpio_interrupt_enable
                0x0000a134       0xe8 D:\Freelance\Study\FTDI\new_build_framework\projects\libft900\Debug/libft900.a(gpio.o)
                0x0000a134                gpio_interrupt_enable
 .text.gpio_is_interrupted
                0x0000a21c       0x6c D:\Freelance\Study\FTDI\new_build_framework\projects\libft900\Debug/libft900.a(gpio.o)
                0x0000a21c                gpio_is_interrupted
 .text.interrupt_attach
                0x0000a288      0x40c D:\Freelance\Study\FTDI\new_build_framework\projects\libft900\Debug/libft900.a(interrupt.o)
                0x0000a288                interrupt_attach
 .text.interrupt_enable_globally
                0x0000a694       0x1c D:\Freelance\Study\FTDI\new_build_framework\projects\libft900\Debug/libft900.a(interrupt.o)
                0x0000a694                interrupt_enable_globally
 .text.interrupt_disable_globally
                0x0000a6b0       0x1c D:\Freelance\Study\FTDI\new_build_framework\projects\libft900\Debug/libft900.a(interrupt.o)
                0x0000a6b0                interrupt_disable_globally
 .text.interrupt_disable_nesting
                0x0000a6cc       0x1c D:\Freelance\Study\FTDI\new_build_framework\projects\libft900\Debug/libft900.a(interrupt.o)
                0x0000a6cc                interrupt_disable_nesting
 .text.sdhost_error_recovery
                0x0000a6e8       0xfc D:\Freelance\Study\FTDI\new_build_framework\projects\libft900\Debug/libft900.a(sdhost.o)
 .text.sdhost_send_command.constprop.1
                0x0000a7e4      0x280 D:\Freelance\Study\FTDI\new_build_framework\projects\libft900\Debug/libft900.a(sdhost.o)
 .text.sdhost_init
                0x0000aa64      0x198 D:\Freelance\Study\FTDI\new_build_framework\projects\libft900\Debug/libft900.a(sdhost.o)
                0x0000aa64                sdhost_init
 .text.sdhost_card_detect
                0x0000abfc       0x4c D:\Freelance\Study\FTDI\new_build_framework\projects\libft900\Debug/libft900.a(sdhost.o)
                0x0000abfc                sdhost_card_detect
 .text.sdhost_transfer_data
                0x0000ac48      0x4e8 D:\Freelance\Study\FTDI\new_build_framework\projects\libft900\Debug/libft900.a(sdhost.o)
                0x0000ac48                sdhost_transfer_data
 .text.sdhost_card_init
                0x0000b130      0x434 D:\Freelance\Study\FTDI\new_build_framework\projects\libft900\Debug/libft900.a(sdhost.o)
                0x0000b130                sdhost_card_init
 .text.spi_init
                0x0000b564      0x194 D:\Freelance\Study\FTDI\new_build_framework\projects\libft900\Debug/libft900.a(spi.o)
                0x0000b564                spi_init
 .text.spi_enable_interrupts_globally
                0x0000b6f8       0x1c D:\Freelance\Study\FTDI\new_build_framework\projects\libft900\Debug/libft900.a(spi.o)
                0x0000b6f8                spi_enable_interrupts_globally
 .text.spi_option
                0x0000b714      0x2b0 D:\Freelance\Study\FTDI\new_build_framework\projects\libft900\Debug/libft900.a(spi.o)
                0x0000b714                spi_option
 .text.sys_enable
                0x0000b9c4      0x1bc D:\Freelance\Study\FTDI\new_build_framework\projects\libft900\Debug/libft900.a(sys.o)
                0x0000b9c4                sys_enable
 .text.sys_reset_all
                0x0000bb80       0x24 D:\Freelance\Study\FTDI\new_build_framework\projects\libft900\Debug/libft900.a(sys.o)
                0x0000bb80                sys_reset_all
 .text.timer_init
                0x0000bba4      0x248 D:\Freelance\Study\FTDI\new_build_framework\projects\libft900\Debug/libft900.a(timers.o)
                0x0000bba4                timer_init
 .text.timer_prescaler
                0x0000bdec       0x30 D:\Freelance\Study\FTDI\new_build_framework\projects\libft900\Debug/libft900.a(timers.o)
                0x0000bdec                timer_prescaler
 .text.timer_start
                0x0000be1c       0x80 D:\Freelance\Study\FTDI\new_build_framework\projects\libft900\Debug/libft900.a(timers.o)
                0x0000be1c                timer_start
 .text.timer_read
                0x0000be9c       0x7c D:\Freelance\Study\FTDI\new_build_framework\projects\libft900\Debug/libft900.a(timers.o)
                0x0000be9c                timer_read
 .text.timer_enable_interrupt
                0x0000bf18       0x7c D:\Freelance\Study\FTDI\new_build_framework\projects\libft900\Debug/libft900.a(timers.o)
                0x0000bf18                timer_enable_interrupt
 .text.timer_is_interrupted
                0x0000bf94       0xa8 D:\Freelance\Study\FTDI\new_build_framework\projects\libft900\Debug/libft900.a(timers.o)
                0x0000bf94                timer_is_interrupted
 .text.uart_spr_write
                0x0000c03c       0x50 D:\Freelance\Study\FTDI\new_build_framework\projects\libft900\Debug/libft900.a(uart_simple.o)
 .text.uart_open
                0x0000c08c      0x3a4 D:\Freelance\Study\FTDI\new_build_framework\projects\libft900\Debug/libft900.a(uart_simple.o)
                0x0000c08c                uart_open
 .text.uart_write
                0x0000c430       0x7c D:\Freelance\Study\FTDI\new_build_framework\projects\libft900\Debug/libft900.a(uart_simple.o)
                0x0000c430                uart_write
 .text.uart_disable_interrupt
                0x0000c4ac       0xf8 D:\Freelance\Study\FTDI\new_build_framework\projects\libft900\Debug/libft900.a(uart_simple.o)
                0x0000c4ac                uart_disable_interrupt
 .text.wdt_init
                0x0000c5a4      0x1dc D:\Freelance\Study\FTDI\new_build_framework\projects\libft900\Debug/libft900.a(wdt.o)
                0x0000c5a4                wdt_init
 .text.wdt_kick
                0x0000c780       0x20 D:\Freelance\Study\FTDI\new_build_framework\projects\libft900\Debug/libft900.a(wdt.o)
                0x0000c780                wdt_kick
 .text.delayus  0x0000c7a0       0x4c D:\Freelance\Study\FTDI\new_build_framework\projects\libft900\Debug/libft900.a(delay.o)
                0x0000c7a0                delayus
 .text.delayms  0x0000c7ec       0x2c D:\Freelance\Study\FTDI\new_build_framework\projects\libft900\Debug/libft900.a(delay.o)
                0x0000c7ec                delayms
 .text          0x0000c818       0xcc /cygdrive/c/Program Files (x86)/FTDI/FT90x Toolchain/Toolchain/tools/bin/../lib/gcc/ft32-elf/5.0.0/libgcc.a(epilog.o)
                0x0000c818                __epilog_$r28
                0x0000c81c                __epilog_$r27
                0x0000c820                __epilog_$r26
                0x0000c824                __epilog_$r25
                0x0000c828                __epilog_$r24
                0x0000c82c                __epilog_$r23
                0x0000c830                __epilog_$r22
                0x0000c834                __epilog_$r21
                0x0000c838                __epilog_$r20
                0x0000c83c                __epilog_$r19
                0x0000c840                __epilog_$r18
                0x0000c844                __epilog_$r17
                0x0000c848                __epilog_$r16
                0x0000c84c                __epilog_$r15
                0x0000c850                __epilog_$r14
                0x0000c854                __epilog_$r13
                0x0000c85c                __epilog24
                0x0000c864                __epilog24_$r13
                0x0000c86c                __epilog24_$r14
                0x0000c874                __epilog24_$r15
                0x0000c87c                __epilog24_$r16
                0x0000c884                __epilog24_$r17
                0x0000c88c                __epilog24_$r18
                0x0000c894                __epilog24_$r19
                0x0000c89c                __epilog24_$r20
                0x0000c8a4                __epilog24_$r21
                0x0000c8ac                __epilog24_$r22
                0x0000c8b4                __epilog24_$r23
                0x0000c8bc                __epilog24_$r24
                0x0000c8c4                __epilog24_$r25
                0x0000c8cc                __epilog24_$r26
                0x0000c8d4                __epilog24_$r27
                0x0000c8dc                __epilog24_$r28
 .text          0x0000c8e4      0x260 /cygdrive/c/Program Files (x86)/FTDI/FT90x Toolchain/Toolchain/tools/bin/../lib/gcc/ft32-elf/5.0.0/libgcc.a(prolog.o)
                0x0000c8e4                __prolog_$r13
                0x0000c8ec                __prolog_$r14
                0x0000c8f8                __prolog_$r15
                0x0000c908                __prolog_$r16
                0x0000c91c                __prolog_$r17
                0x0000c934                __prolog_$r18
                0x0000c950                __prolog_$r19
                0x0000c970                __prolog_$r20
                0x0000c994                __prolog_$r21
                0x0000c9bc                __prolog_$r22
                0x0000c9e8                __prolog_$r23
                0x0000ca18                __prolog_$r24
                0x0000ca4c                __prolog_$r25
                0x0000ca84                __prolog_$r26
                0x0000cac0                __prolog_$r27
                0x0000cb00                __prolog_$r28
 .text          0x0000cb44       0x74 /cygdrive/c/Program Files (x86)/FTDI/FT90x Toolchain/Toolchain/tools/bin/../lib/gcc/ft32-elf/5.0.0/../../../../ft32-elf/lib/libc.a(lib_a-assert.o)
                0x0000cb44                __assert_func
                0x0000cba8                __assert
 .text          0x0000cbb8       0x58 /cygdrive/c/Program Files (x86)/FTDI/FT90x Toolchain/Toolchain/tools/bin/../lib/gcc/ft32-elf/5.0.0/../../../../ft32-elf/lib/libc.a(lib_a-fiprintf.o)
                0x0000cbb8                _fiprintf_r
                0x0000cbdc                fiprintf
 .text          0x0000cc10       0x6c /cygdrive/c/Program Files (x86)/FTDI/FT90x Toolchain/Toolchain/tools/bin/../lib/gcc/ft32-elf/5.0.0/../../../../ft32-elf/lib/libc.a(lib_a-memcmp.o)
                0x0000cc10                memcmp
 .text          0x0000cc7c       0x98 /cygdrive/c/Program Files (x86)/FTDI/FT90x Toolchain/Toolchain/tools/bin/../lib/gcc/ft32-elf/5.0.0/../../../../ft32-elf/lib/libc.a(lib_a-memmove.o)
                0x0000cc7c                memmove
 .text          0x0000cd14        0x8 /cygdrive/c/Program Files (x86)/FTDI/FT90x Toolchain/Toolchain/tools/bin/../lib/gcc/ft32-elf/5.0.0/../../../../ft32-elf/lib/libc.a(lib_a-strlen.o)
                0x0000cd14                strlen
 .text          0x0000cd1c     0x18dc /cygdrive/c/Program Files (x86)/FTDI/FT90x Toolchain/Toolchain/tools/bin/../lib/gcc/ft32-elf/5.0.0/../../../../ft32-elf/lib/libc.a(lib_a-vfiprintf.o)
                0x0000ce3c                __sprint_r
                0x0000ce68                _vfiprintf_r
                0x0000e4f4                vfiprintf
 .text          0x0000e5f8      0x1b8 /cygdrive/c/Program Files (x86)/FTDI/FT90x Toolchain/Toolchain/tools/bin/../lib/gcc/ft32-elf/5.0.0/../../../../ft32-elf/lib/libc.a(lib_a-wsetup.o)
                0x0000e5f8                __swsetup_r
 .text          0x0000e7b0       0x14 /cygdrive/c/Program Files (x86)/FTDI/FT90x Toolchain/Toolchain/tools/bin/../lib/gcc/ft32-elf/5.0.0/../../../../ft32-elf/lib/libc.a(lib_a-abort.o)
                0x0000e7b0                abort
 .text          0x0000e7c4      0x270 /cygdrive/c/Program Files (x86)/FTDI/FT90x Toolchain/Toolchain/tools/bin/../lib/gcc/ft32-elf/5.0.0/../../../../ft32-elf/lib/libc.a(lib_a-fputwc.o)
                0x0000e7c4                __fputwc
                0x0000e980                _fputwc_r
                0x0000e9b4                fputwc
 .text          0x0000ea34      0x63c /cygdrive/c/Program Files (x86)/FTDI/FT90x Toolchain/Toolchain/tools/bin/../lib/gcc/ft32-elf/5.0.0/../../../../ft32-elf/lib/libc.a(lib_a-fvwrite.o)
                0x0000ea34                __sfvwrite_r
 .text          0x0000f070       0xec /cygdrive/c/Program Files (x86)/FTDI/FT90x Toolchain/Toolchain/tools/bin/../lib/gcc/ft32-elf/5.0.0/../../../../ft32-elf/lib/libc.a(lib_a-locale.o)
                0x0000f070                _setlocale_r
                0x0000f0e0                __locale_charset
                0x0000f0f0                __locale_mb_cur_max
                0x0000f100                __locale_msgcharset
                0x0000f110                __locale_cjk_lang
                0x0000f120                _localeconv_r
                0x0000f130                setlocale
                0x0000f14c                localeconv
 .text          0x0000f15c       0x60 /cygdrive/c/Program Files (x86)/FTDI/FT90x Toolchain/Toolchain/tools/bin/../lib/gcc/ft32-elf/5.0.0/../../../../ft32-elf/lib/libc.a(lib_a-memchr.o)
                0x0000f15c                memchr
 .text          0x0000f1bc       0x28 /cygdrive/c/Program Files (x86)/FTDI/FT90x Toolchain/Toolchain/tools/bin/../lib/gcc/ft32-elf/5.0.0/../../../../ft32-elf/lib/libc.a(lib_a-memcpy.o)
                0x0000f1bc                memcpy
 .text          0x0000f1e4      0x72c /cygdrive/c/Program Files (x86)/FTDI/FT90x Toolchain/Toolchain/tools/bin/../lib/gcc/ft32-elf/5.0.0/../../../../ft32-elf/lib/libc.a(lib_a-reallocr.o)
                0x0000f1e4                _realloc_r
 .text          0x0000f910      0x310 /cygdrive/c/Program Files (x86)/FTDI/FT90x Toolchain/Toolchain/tools/bin/../lib/gcc/ft32-elf/5.0.0/../../../../ft32-elf/lib/libc.a(lib_a-signal.o)
                0x0000f910                _init_signal_r
                0x0000f994                _signal_r
                0x0000fa30                _raise_r
                0x0000fb08                __sigtramp_r
                0x0000fbc0                raise
                0x0000fbd8                signal
                0x0000fbf4                _init_signal
                0x0000fc08                __sigtramp
 .text          0x0000fc20       0x60 /cygdrive/c/Program Files (x86)/FTDI/FT90x Toolchain/Toolchain/tools/bin/../lib/gcc/ft32-elf/5.0.0/../../../../ft32-elf/lib/libc.a(lib_a-signalr.o)
                0x0000fc20                _kill_r
                0x0000fc70                _getpid_r
 .text          0x0000fc80        0x8 /cygdrive/c/Program Files (x86)/FTDI/FT90x Toolchain/Toolchain/tools/bin/../lib/gcc/ft32-elf/5.0.0/../../../../ft32-elf/lib/libc.a(lib_a-strcmp.o)
                0x0000fc80                strcmp
 .text          0x0000fc88      0x1bc /cygdrive/c/Program Files (x86)/FTDI/FT90x Toolchain/Toolchain/tools/bin/../lib/gcc/ft32-elf/5.0.0/../../../../ft32-elf/lib/libc.a(lib_a-wbuf.o)
                0x0000fc88                __swbuf_r
                0x0000fe28                __swbuf
 .text          0x0000fe44       0xdc /cygdrive/c/Program Files (x86)/FTDI/FT90x Toolchain/Toolchain/tools/bin/../lib/gcc/ft32-elf/5.0.0/../../../../ft32-elf/lib/libc.a(lib_a-wcrtomb.o)
                0x0000fe44                _wcrtomb_r
                0x0000ff00                wcrtomb
 .text          0x0000ff20       0x98 /cygdrive/c/Program Files (x86)/FTDI/FT90x Toolchain/Toolchain/tools/bin/../lib/gcc/ft32-elf/5.0.0/../../../../ft32-elf/lib/libc.a(lib_a-wctomb_r.o)
                0x0000ff20                __ascii_wctomb
                0x0000ff64                _wctomb_r
 .text          0x0000ffb8      0x544 /cygdrive/c/Program Files (x86)/FTDI/FT90x Toolchain/Toolchain/tools/bin/../lib/gcc/ft32-elf/5.0.0/libgcc.a(_udivdi3.o)
                0x0000ffb8                __udivdi3
 .text          0x000104fc      0x534 /cygdrive/c/Program Files (x86)/FTDI/FT90x Toolchain/Toolchain/tools/bin/../lib/gcc/ft32-elf/5.0.0/libgcc.a(_umoddi3.o)
                0x000104fc                __umoddi3
 *(.strings)
 *(._pm*)
 *(.init)
 *(.fini)
                0x00010a30                _etext = .
                0x00010a30                . = ALIGN (0x4)

.tors           0x00800000        0x0
                0x00800000                ___ctors = .
 *(.ctors)
                0x00800000                ___ctors_end = .
                0x00800000                ___dtors = .
 *(.dtors)
                0x00800000                ___dtors_end = .
                0x00800000                . = ALIGN (0x4)

.data           0x00800000     0x3844 load address 0x00010a30
 *(.data)
 .data          0x00800000      0x372 ./Demo/FT32_GCC/main.o
 *fill*         0x00800372        0x2 
 .data          0x00800374      0x428 /cygdrive/c/Program Files (x86)/FTDI/FT90x Toolchain/Toolchain/tools/bin/../lib/gcc/ft32-elf/5.0.0/../../../../ft32-elf/lib/libc.a(lib_a-impure.o)
                0x00800374                _impure_ptr
 .data          0x0080079c      0x410 /cygdrive/c/Program Files (x86)/FTDI/FT90x Toolchain/Toolchain/tools/bin/../lib/gcc/ft32-elf/5.0.0/../../../../ft32-elf/lib/libc.a(lib_a-mallocr.o)
                0x0080079c                __malloc_sbrk_base
                0x008007a0                __malloc_trim_threshold
                0x008007a4                __malloc_av_
 .data          0x00800bac        0x4 /cygdrive/c/Program Files (x86)/FTDI/FT90x Toolchain/Toolchain/tools/bin/../lib/gcc/ft32-elf/5.0.0/../../../../ft32-elf/lib/libstub.a(sbrk.o)
 .data          0x00800bb0        0x8 D:\Freelance\Study\FTDI\new_build_framework\projects\libihome\Debug/libihome.a(rpc_core.o)
                0x00800bb0                rpc_free
                0x00800bb4                rpc_malloc
 .data          0x00800bb8        0x8 D:\Freelance\Study\FTDI\new_build_framework\projects\libihome\Debug/libihome.a(rpc_debug.o)
                0x00800bb8                rpc_debug_unlock
                0x00800bbc                rpc_debug_lock
 .data          0x00800bc0        0x8 D:\Freelance\Study\FTDI\new_build_framework\projects\libihome\Debug/libihome.a(rpc_diskio.o)
                0x00800bc0                rpc_diskio_unlock
                0x00800bc4                rpc_diskio_lock
 .data          0x00800bc8        0x1 D:\Freelance\Study\FTDI\new_build_framework\projects\libihome\Debug/libihome.a(rpc_diskio_port.o)
 *fill*         0x00800bc9        0x3 
 .data          0x00800bcc        0x8 D:\Freelance\Study\FTDI\new_build_framework\projects\libihome\Debug/libihome.a(rpc_httpc.o)
                0x00800bcc                rpc_httpc_unlock
                0x00800bd0                rpc_httpc_lock
 .data          0x00800bd4      0x1ee D:\Freelance\Study\FTDI\new_build_framework\projects\libihome\Debug/libihome.a(http.o)
 .data          0x00800dc2       0x84 D:\Freelance\Study\FTDI\new_build_framework\projects\libFreeRTOS\Debug/libFreeRTOS.a(crt0.o)
                0x00800dc2                vector_table
 *fill*         0x00800e46        0x2 
 .data          0x00800e48        0x4 D:\Freelance\Study\FTDI\new_build_framework\projects\libFreeRTOS\Debug/libFreeRTOS.a(port.o)
                0x00800e48                lDebugTaskID
 .data          0x00800e4c       0x3c D:\Freelance\Study\FTDI\new_build_framework\projects\libft900\Debug/libft900.a(sdhost.o)
 .data          0x00800e88       0x7c /cygdrive/c/Program Files (x86)/FTDI/FT90x Toolchain/Toolchain/tools/bin/../lib/gcc/ft32-elf/5.0.0/../../../../ft32-elf/lib/libc.a(lib_a-locale.o)
                0x00800f00                __mb_cur_max
 .data          0x00800f04        0x4 /cygdrive/c/Program Files (x86)/FTDI/FT90x Toolchain/Toolchain/tools/bin/../lib/gcc/ft32-elf/5.0.0/../../../../ft32-elf/lib/libc.a(lib_a-wctomb_r.o)
                0x00800f04                __wctomb
 *(.rodata)
 .rodata        0x00800f08       0x35 ./Demo/FT32_GCC/main.o
 *fill*         0x00800f3d        0x3 
 .rodata        0x00800f40        0x4 /cygdrive/c/Program Files (x86)/FTDI/FT90x Toolchain/Toolchain/tools/bin/../lib/gcc/ft32-elf/5.0.0/../../../../ft32-elf/lib/libc.a(lib_a-impure.o)
                0x00800f40                _global_impure_ptr
 .rodata        0x00800f44       0xd6 D:\Freelance\Study\FTDI\new_build_framework\projects\libihome\Debug/libihome.a(rpc_core.o)
 *fill*         0x0080101a        0x2 
 .rodata        0x0080101c       0x15 D:\Freelance\Study\FTDI\new_build_framework\projects\libihome\Debug/libihome.a(rpc_debug.o)
 *fill*         0x00801031        0x3 
 .rodata        0x00801034       0x50 D:\Freelance\Study\FTDI\new_build_framework\projects\libihome\Debug/libihome.a(rpc_debug_DPutNumDec.o)
 .rodata        0x00801084       0x50 D:\Freelance\Study\FTDI\new_build_framework\projects\libihome\Debug/libihome.a(rpc_debug_DPutNumHex.o)
 .rodata        0x008010d4       0x48 D:\Freelance\Study\FTDI\new_build_framework\projects\libihome\Debug/libihome.a(rpc_debug_DPutc.o)
 .rodata        0x0080111c       0x50 D:\Freelance\Study\FTDI\new_build_framework\projects\libihome\Debug/libihome.a(rpc_debug_DPuts.o)
 .rodata        0x0080116c       0x90 D:\Freelance\Study\FTDI\new_build_framework\projects\libihome\Debug/libihome.a(rpc_debug_port.o)
 .rodata        0x008011fc       0x16 D:\Freelance\Study\FTDI\new_build_framework\projects\libihome\Debug/libihome.a(rpc_diskio.o)
 *fill*         0x00801212        0x2 
 .rodata        0x00801214       0x58 D:\Freelance\Study\FTDI\new_build_framework\projects\libihome\Debug/libihome.a(rpc_diskio_initialize.o)
 .rodata        0x0080126c       0x95 D:\Freelance\Study\FTDI\new_build_framework\projects\libihome\Debug/libihome.a(rpc_diskio_port.o)
 *fill*         0x00801301        0x3 
 .rodata        0x00801304       0x70 D:\Freelance\Study\FTDI\new_build_framework\projects\libihome\Debug/libihome.a(rpc_diskio_read.o)
 .rodata        0x00801374       0x50 D:\Freelance\Study\FTDI\new_build_framework\projects\libihome\Debug/libihome.a(rpc_diskio_status.o)
 .rodata        0x008013c4       0x70 D:\Freelance\Study\FTDI\new_build_framework\projects\libihome\Debug/libihome.a(rpc_diskio_write.o)
 .rodata        0x00801434       0x15 D:\Freelance\Study\FTDI\new_build_framework\projects\libihome\Debug/libihome.a(rpc_httpc.o)
 *fill*         0x00801449        0x3 
 .rodata        0x0080144c      0x200 D:\Freelance\Study\FTDI\new_build_framework\projects\libihome\Debug/libihome.a(rpc_httpc_HttpClient.o)
 .rodata        0x0080164c       0x90 D:\Freelance\Study\FTDI\new_build_framework\projects\libihome\Debug/libihome.a(rpc_httpc_port.o)
 .rodata        0x008016dc       0x16 D:\Freelance\Study\FTDI\new_build_framework\projects\libihome\Debug/libihome.a(ipc_gpio.o)
 *fill*         0x008016f2        0x2 
 .rodata        0x008016f4       0x5a D:\Freelance\Study\FTDI\new_build_framework\projects\libihome\Debug/libihome.a(ipc_spim.o)
 *fill*         0x0080174e        0x2 
 .rodata        0x00801750       0x3e D:\Freelance\Study\FTDI\new_build_framework\projects\libihome\Debug/libihome.a(ipc_spis.o)
 *fill*         0x0080178e        0x2 
 .rodata        0x00801790       0x11 D:\Freelance\Study\FTDI\new_build_framework\projects\libihome\Debug/libihome.a(http.o)
 *fill*         0x008017a1        0x3 
 .rodata        0x008017a4       0x38 D:\Freelance\Study\FTDI\new_build_framework\projects\libihome\Debug/libihome.a(ipc_spi.o)
 .rodata        0x008017dc       0x19 D:\Freelance\Study\FTDI\new_build_framework\projects\libFreeRTOS\Debug/libFreeRTOS.a(heap_4.o)
 *fill*         0x008017f5        0x3 
 .rodata        0x008017f8       0x45 D:\Freelance\Study\FTDI\new_build_framework\projects\libFreeRTOS\Debug/libFreeRTOS.a(port_extra.o)
 *fill*         0x0080183d        0x3 
 .rodata        0x00801840      0x15b D:\Freelance\Study\FTDI\new_build_framework\projects\libFreeRTOS\Debug/libFreeRTOS.a(queue.o)
 *fill*         0x0080199b        0x1 
 .rodata        0x0080199c      0x277 D:\Freelance\Study\FTDI\new_build_framework\projects\libFreeRTOS\Debug/libFreeRTOS.a(tasks.o)
 *fill*         0x00801c13        0x1 
 .rodata        0x00801c14       0xee D:\Freelance\Study\FTDI\new_build_framework\projects\libFreeRTOS\Debug/libFreeRTOS.a(timers.o)
 *fill*         0x00801d02        0x2 
 .rodata        0x00801d04       0x54 D:\Freelance\Study\FTDI\new_build_framework\projects\libft900\Debug/libft900.a(gpio.o)
 .rodata        0x00801d58        0x8 D:\Freelance\Study\FTDI\new_build_framework\projects\libft900\Debug/libft900.a(delay.o)
 .rodata        0x00801d60       0x20 /cygdrive/c/Program Files (x86)/FTDI/FT90x Toolchain/Toolchain/tools/bin/../lib/gcc/ft32-elf/5.0.0/../../../../ft32-elf/lib/libc.a(lib_a-vfiprintf.o)
 .rodata        0x00801d80      0x100 /cygdrive/c/Program Files (x86)/FTDI/FT90x Toolchain/Toolchain/tools/bin/../lib/gcc/ft32-elf/5.0.0/libgcc.a(_clz.o)
                0x00801d80                __clz_tab
 *(.rodata*)
 .rodata.str1.4
                0x00801e80      0x5fd ./Demo/FT32_GCC/main.o
                                0x601 (size before relaxing)
 *fill*         0x0080247d        0x3 
 .rodata.str1.4
                0x00802480        0x2 /cygdrive/c/Program Files (x86)/FTDI/FT90x Toolchain/Toolchain/tools/bin/../lib/gcc/ft32-elf/5.0.0/../../../../ft32-elf/lib/libc.a(lib_a-impure.o)
 *fill*         0x00802482        0x2 
 .rodata.str1.4
                0x00802484      0x6ad D:\Freelance\Study\FTDI\new_build_framework\projects\libihome\Debug/libihome.a(rpc_core.o)
 *fill*         0x00802b31        0x3 
 .rodata.str1.4
                0x00802b34       0x41 D:\Freelance\Study\FTDI\new_build_framework\projects\libihome\Debug/libihome.a(rpc_debug.o)
 *fill*         0x00802b75        0x3 
 .rodata.str1.4
                0x00802b78       0x16 D:\Freelance\Study\FTDI\new_build_framework\projects\libihome\Debug/libihome.a(rpc_debug_DPutNumDec.o)
                                 0x2a (size before relaxing)
 .rodata.str1.4
                0x00802b8e       0x2a D:\Freelance\Study\FTDI\new_build_framework\projects\libihome\Debug/libihome.a(rpc_debug_DPutNumHex.o)
 .rodata.str1.4
                0x00802b8e       0x2a D:\Freelance\Study\FTDI\new_build_framework\projects\libihome\Debug/libihome.a(rpc_debug_DPutc.o)
 .rodata.str1.4
                0x00802b8e       0x2a D:\Freelance\Study\FTDI\new_build_framework\projects\libihome\Debug/libihome.a(rpc_debug_DPuts.o)
 *fill*         0x00802b8e        0x2 
 .rodata.str1.4
                0x00802b90      0x121 D:\Freelance\Study\FTDI\new_build_framework\projects\libihome\Debug/libihome.a(rpc_debug_port.o)
 .rodata.str1.4
                0x00802cb1       0x41 D:\Freelance\Study\FTDI\new_build_framework\projects\libihome\Debug/libihome.a(rpc_diskio.o)
 .rodata.str1.4
                0x00802cb1       0x2a D:\Freelance\Study\FTDI\new_build_framework\projects\libihome\Debug/libihome.a(rpc_diskio_initialize.o)
 .rodata.str1.4
                0x00802cb1      0x121 D:\Freelance\Study\FTDI\new_build_framework\projects\libihome\Debug/libihome.a(rpc_diskio_port.o)
 .rodata.str1.4
                0x00802cb1       0x2a D:\Freelance\Study\FTDI\new_build_framework\projects\libihome\Debug/libihome.a(rpc_diskio_read.o)
 .rodata.str1.4
                0x00802cb1       0x2a D:\Freelance\Study\FTDI\new_build_framework\projects\libihome\Debug/libihome.a(rpc_diskio_status.o)
 .rodata.str1.4
                0x00802cb1       0x2a D:\Freelance\Study\FTDI\new_build_framework\projects\libihome\Debug/libihome.a(rpc_diskio_write.o)
 .rodata.str1.4
                0x00802cb1       0x1d D:\Freelance\Study\FTDI\new_build_framework\projects\libihome\Debug/libihome.a(rpc_httpc.o)
 .rodata.str1.4
                0x00802cb1       0x2a D:\Freelance\Study\FTDI\new_build_framework\projects\libihome\Debug/libihome.a(rpc_httpc_HttpClient.o)
 .rodata.str1.4
                0x00802cb1      0x121 D:\Freelance\Study\FTDI\new_build_framework\projects\libihome\Debug/libihome.a(rpc_httpc_port.o)
 *fill*         0x00802cb1        0x3 
 .rodata.str1.4
                0x00802cb4       0x8b D:\Freelance\Study\FTDI\new_build_framework\projects\libihome\Debug/libihome.a(ipc_gpio.o)
                                 0xa2 (size before relaxing)
 *fill*         0x00802d3f        0x1 
 .rodata.str1.4
                0x00802d40      0x269 D:\Freelance\Study\FTDI\new_build_framework\projects\libihome\Debug/libihome.a(ipc_spim.o)
                                0x296 (size before relaxing)
 *fill*         0x00802fa9        0x3 
 .rodata.str1.4
                0x00802fac      0x312 D:\Freelance\Study\FTDI\new_build_framework\projects\libihome\Debug/libihome.a(ipc_spis.o)
                                0x3ae (size before relaxing)
 *fill*         0x008032be        0x2 
 .rodata.str1.4
                0x008032c0       0x10 D:\Freelance\Study\FTDI\new_build_framework\projects\libihome\Debug/libihome.a(debug.o)
 .rodata.str1.4
                0x008032d0       0xa7 D:\Freelance\Study\FTDI\new_build_framework\projects\libihome\Debug/libihome.a(http.o)
                                0x1f7 (size before relaxing)
 *fill*         0x00803377        0x1 
 .rodata.str1.4
                0x00803378       0xad D:\Freelance\Study\FTDI\new_build_framework\projects\libihome\Debug/libihome.a(platform.o)
                                 0xb9 (size before relaxing)
 *fill*         0x00803425        0x3 
 .rodata.str1.4
                0x00803428       0x9c D:\Freelance\Study\FTDI\new_build_framework\projects\libihome\Debug/libihome.a(ipc_spi.o)
 .rodata.str1.4
                0x008034c4        0xb D:\Freelance\Study\FTDI\new_build_framework\projects\libFreeRTOS\Debug/libFreeRTOS.a(heap_4.o)
 *fill*         0x008034cf        0x1 
 .rodata.str1.4
                0x008034d0      0x211 D:\Freelance\Study\FTDI\new_build_framework\projects\libFreeRTOS\Debug/libFreeRTOS.a(port_extra.o)
                                0x215 (size before relaxing)
 .rodata.str1.4
                0x008036e1        0xb D:\Freelance\Study\FTDI\new_build_framework\projects\libFreeRTOS\Debug/libFreeRTOS.a(queue.o)
 *fill*         0x008036e1        0x3 
 .rodata.str1.4
                0x008036e4       0x30 D:\Freelance\Study\FTDI\new_build_framework\projects\libFreeRTOS\Debug/libFreeRTOS.a(tasks.o)
                                 0x3c (size before relaxing)
 .rodata.str1.4
                0x00803714        0x8 D:\Freelance\Study\FTDI\new_build_framework\projects\libFreeRTOS\Debug/libFreeRTOS.a(timers.o)
                                 0x14 (size before relaxing)
 .rodata.str1.4
                0x0080371c       0xab D:\Freelance\Study\FTDI\new_build_framework\projects\libFreeRTOS\Debug/libFreeRTOS.a(port.o)
 *fill*         0x008037c7        0x1 
 .rodata.str1.4
                0x008037c8       0x3f /cygdrive/c/Program Files (x86)/FTDI/FT90x Toolchain/Toolchain/tools/bin/../lib/gcc/ft32-elf/5.0.0/../../../../ft32-elf/lib/libc.a(lib_a-assert.o)
                                 0x43 (size before relaxing)
 *fill*         0x00803807        0x1 
 .rodata.str1.4
                0x00803808       0x2f /cygdrive/c/Program Files (x86)/FTDI/FT90x Toolchain/Toolchain/tools/bin/../lib/gcc/ft32-elf/5.0.0/../../../../ft32-elf/lib/libc.a(lib_a-vfiprintf.o)
 *fill*         0x00803837        0x1 
 .rodata.str1.4
                0x00803838        0xc /cygdrive/c/Program Files (x86)/FTDI/FT90x Toolchain/Toolchain/tools/bin/../lib/gcc/ft32-elf/5.0.0/../../../../ft32-elf/lib/libc.a(lib_a-locale.o)
                                 0x12 (size before relaxing)
                0x00803844                _edata = .

.bss            0x00803844     0x9930 load address 0x00014274
                0x00803844                _bss_start = .
 *(.bss)
 .bss           0x00803844     0x1018 ./Demo/FT32_GCC/main.o
 .bss           0x0080485c       0x34 /cygdrive/c/Program Files (x86)/FTDI/FT90x Toolchain/Toolchain/tools/bin/../lib/gcc/ft32-elf/5.0.0/../../../../ft32-elf/lib/libc.a(lib_a-mallocr.o)
                0x0080485c                __malloc_current_mallinfo
                0x00804884                __malloc_max_total_mem
                0x00804888                __malloc_max_sbrked_mem
                0x0080488c                __malloc_top_pad
 .bss           0x00804890       0x44 D:\Freelance\Study\FTDI\new_build_framework\projects\libihome\Debug/libihome.a(rpc_debug_port.o)
 .bss           0x008048d4       0x44 D:\Freelance\Study\FTDI\new_build_framework\projects\libihome\Debug/libihome.a(rpc_diskio_port.o)
 .bss           0x00804918       0x44 D:\Freelance\Study\FTDI\new_build_framework\projects\libihome\Debug/libihome.a(rpc_httpc_port.o)
 .bss           0x0080495c        0x4 D:\Freelance\Study\FTDI\new_build_framework\projects\libihome\Debug/libihome.a(ipc_gpio.o)
 .bss           0x00804960       0x8c D:\Freelance\Study\FTDI\new_build_framework\projects\libihome\Debug/libihome.a(ipc_spim.o)
 .bss           0x008049ec       0x8c D:\Freelance\Study\FTDI\new_build_framework\projects\libihome\Debug/libihome.a(ipc_spis.o)
 .bss           0x00804a78        0x8 D:\Freelance\Study\FTDI\new_build_framework\projects\libexternal\Debug/libexternal.a(tinyprintf.o)
 .bss           0x00804a80      0x204 D:\Freelance\Study\FTDI\new_build_framework\projects\libexternal\Debug/libexternal.a(diskio.o)
 .bss           0x00804c84       0x80 D:\Freelance\Study\FTDI\new_build_framework\projects\libexternal\Debug/libexternal.a(ff.o)
 .bss           0x00804d04     0x5818 D:\Freelance\Study\FTDI\new_build_framework\projects\libFreeRTOS\Debug/libFreeRTOS.a(heap_4.o)
 .bss           0x0080a51c       0xf4 D:\Freelance\Study\FTDI\new_build_framework\projects\libFreeRTOS\Debug/libFreeRTOS.a(tasks.o)
                0x0080a51c                pxCurrentTCB
 .bss           0x0080a610       0x3c D:\Freelance\Study\FTDI\new_build_framework\projects\libFreeRTOS\Debug/libFreeRTOS.a(timers.o)
 .bss           0x0080a64c        0x4 D:\Freelance\Study\FTDI\new_build_framework\projects\libFreeRTOS\Debug/libFreeRTOS.a(port.o)
 *(COMMON)
 COMMON         0x0080a650     0x2804 ./Demo/FT32_GCC/main.o
                0x0080a650                BufferW
                0x0080ba50                BufferR
                0x0080ce50                rpc_status_e
 COMMON         0x0080ce54        0x4 /cygdrive/c/Program Files (x86)/FTDI/FT90x Toolchain/Toolchain/tools/bin/../lib/gcc/ft32-elf/5.0.0/../../../../ft32-elf/lib/libc.a(lib_a-reent.o)
                0x0080ce54                errno
 COMMON         0x0080ce58       0x40 D:\Freelance\Study\FTDI\new_build_framework\projects\libihome\Debug/libihome.a(rpc_debug_port.o)
                0x0080ce58                gRPC_Debug_PacketServer
 COMMON         0x0080ce98       0x40 D:\Freelance\Study\FTDI\new_build_framework\projects\libihome\Debug/libihome.a(rpc_diskio_port.o)
                0x0080ce98                gRPC_Diskio_PacketServer
 COMMON         0x0080ced8       0x40 D:\Freelance\Study\FTDI\new_build_framework\projects\libihome\Debug/libihome.a(rpc_httpc_port.o)
                0x0080ced8                gRPC_HttpC_PacketServer
 COMMON         0x0080cf18        0x8 D:\Freelance\Study\FTDI\new_build_framework\projects\libihome\Debug/libihome.a(ipc_spim.o)
                0x0080cf18                gxSPIM_QueueMOSI
                0x0080cf1c                gxSPIM_QueueMISO
 COMMON         0x0080cf20        0x8 D:\Freelance\Study\FTDI\new_build_framework\projects\libihome\Debug/libihome.a(ipc_spis.o)
                0x0080cf20                gxSPIS_QueueMISO
                0x0080cf24                gxSPIS_QueueMOSI
 COMMON         0x0080cf28      0x234 D:\Freelance\Study\FTDI\new_build_framework\projects\libihome\Debug/libihome.a(platform.o)
                0x0080cf28                FatFs
 COMMON         0x0080d15c        0x4 D:\Freelance\Study\FTDI\new_build_framework\projects\libFreeRTOS\Debug/libFreeRTOS.a(port_extra.o)
                0x0080d15c                lDebugEnterCriticalSection_Caller
 COMMON         0x0080d160       0x14 D:\Freelance\Study\FTDI\new_build_framework\projects\libFreeRTOS\Debug/libFreeRTOS.a(port.o)
                0x0080d160                lDebugFlagIntMaskState
                0x0080d164                uxCriticalNesting
                0x0080d168                lDebugContextSwitchCaller
                0x0080d16c                lDebugISRReturnAddr
                0x0080d170                lDebugIsInISR
                0x0080d174                _end = .
                0x00010a30                __data_load_start = LOADADDR (.data)
                0x00014274                __data_load_end = (__data_load_start + SIZEOF (.data))

.stab
 *(.stab)

.stabstr
 *(.stabstr)
OUTPUT(appTestRPCFreeRTOS.elf elf32-ft32)

.GCC.command.line
                0x00000000     0x19e0
 .GCC.command.line
                0x00000000      0x3bf ./Demo/FT32_GCC/main.o
 .GCC.command.line
                0x000003bf      0x2c2 D:\Freelance\Study\FTDI\new_build_framework\projects\libihome\Debug/libihome.a(rpc_core.o)
                                0x5ec (size before relaxing)
 .GCC.command.line
                0x00000681       0x83 D:\Freelance\Study\FTDI\new_build_framework\projects\libihome\Debug/libihome.a(rpc_debug.o)
                                0x5f1 (size before relaxing)
 .GCC.command.line
                0x00000704       0xba D:\Freelance\Study\FTDI\new_build_framework\projects\libihome\Debug/libihome.a(rpc_debug_DPutNumDec.o)
                                0x628 (size before relaxing)
 .GCC.command.line
                0x000007be       0xba D:\Freelance\Study\FTDI\new_build_framework\projects\libihome\Debug/libihome.a(rpc_debug_DPutNumHex.o)
                                0x628 (size before relaxing)
 .GCC.command.line
                0x00000878       0xa1 D:\Freelance\Study\FTDI\new_build_framework\projects\libihome\Debug/libihome.a(rpc_debug_DPutc.o)
                                0x60f (size before relaxing)
 .GCC.command.line
                0x00000919       0xa1 D:\Freelance\Study\FTDI\new_build_framework\projects\libihome\Debug/libihome.a(rpc_debug_DPuts.o)
                                0x60f (size before relaxing)
 .GCC.command.line
                0x000009ba       0x9c D:\Freelance\Study\FTDI\new_build_framework\projects\libihome\Debug/libihome.a(rpc_debug_port.o)
                                0x60a (size before relaxing)
 .GCC.command.line
                0x00000a56       0x88 D:\Freelance\Study\FTDI\new_build_framework\projects\libihome\Debug/libihome.a(rpc_diskio.o)
                                0x5f6 (size before relaxing)
 .GCC.command.line
                0x00000ade       0xbf D:\Freelance\Study\FTDI\new_build_framework\projects\libihome\Debug/libihome.a(rpc_diskio_initialize.o)
                                0x62d (size before relaxing)
 .GCC.command.line
                0x00000b9d       0xa1 D:\Freelance\Study\FTDI\new_build_framework\projects\libihome\Debug/libihome.a(rpc_diskio_port.o)
                                0x60f (size before relaxing)
 .GCC.command.line
                0x00000c3e       0xa1 D:\Freelance\Study\FTDI\new_build_framework\projects\libihome\Debug/libihome.a(rpc_diskio_read.o)
                                0x60f (size before relaxing)
 .GCC.command.line
                0x00000cdf       0xab D:\Freelance\Study\FTDI\new_build_framework\projects\libihome\Debug/libihome.a(rpc_diskio_status.o)
                                0x619 (size before relaxing)
 .GCC.command.line
                0x00000d8a       0xa6 D:\Freelance\Study\FTDI\new_build_framework\projects\libihome\Debug/libihome.a(rpc_diskio_write.o)
                                0x614 (size before relaxing)
 .GCC.command.line
                0x00000e30       0x83 D:\Freelance\Study\FTDI\new_build_framework\projects\libihome\Debug/libihome.a(rpc_httpc.o)
                                0x5f1 (size before relaxing)
 .GCC.command.line
                0x00000eb3       0xba D:\Freelance\Study\FTDI\new_build_framework\projects\libihome\Debug/libihome.a(rpc_httpc_HttpClient.o)
                                0x628 (size before relaxing)
 .GCC.command.line
                0x00000f6d       0x9c D:\Freelance\Study\FTDI\new_build_framework\projects\libihome\Debug/libihome.a(rpc_httpc_port.o)
                                0x60a (size before relaxing)
 .GCC.command.line
                0x00001009       0x7e D:\Freelance\Study\FTDI\new_build_framework\projects\libihome\Debug/libihome.a(ipc_gpio.o)
                                0x5ec (size before relaxing)
 .GCC.command.line
                0x00001087       0x7e D:\Freelance\Study\FTDI\new_build_framework\projects\libihome\Debug/libihome.a(ipc_spim.o)
                                0x5ec (size before relaxing)
 .GCC.command.line
                0x00001105       0x7e D:\Freelance\Study\FTDI\new_build_framework\projects\libihome\Debug/libihome.a(ipc_spis.o)
                                0x5ec (size before relaxing)
 .GCC.command.line
                0x00001183       0x74 D:\Freelance\Study\FTDI\new_build_framework\projects\libihome\Debug/libihome.a(packet.o)
                                0x5e2 (size before relaxing)
 .GCC.command.line
                0x000011f7       0x5b D:\Freelance\Study\FTDI\new_build_framework\projects\libihome\Debug/libihome.a(debug.o)
                                0x5c9 (size before relaxing)
 .GCC.command.line
                0x00001252       0x56 D:\Freelance\Study\FTDI\new_build_framework\projects\libihome\Debug/libihome.a(http.o)
                                0x5c4 (size before relaxing)
 .GCC.command.line
                0x000012a8       0x6a D:\Freelance\Study\FTDI\new_build_framework\projects\libihome\Debug/libihome.a(platform.o)
                                0x5d8 (size before relaxing)
 .GCC.command.line
                0x00001312       0x79 D:\Freelance\Study\FTDI\new_build_framework\projects\libihome\Debug/libihome.a(ipc_spi.o)
                                0x5e7 (size before relaxing)
 .GCC.command.line
                0x0000138b       0xab D:\Freelance\Study\FTDI\new_build_framework\projects\libexternal\Debug/libexternal.a(tinyprintf.o)
                                0x38d (size before relaxing)
 .GCC.command.line
                0x00001436       0x7e D:\Freelance\Study\FTDI\new_build_framework\projects\libexternal\Debug/libexternal.a(diskio.o)
                                0x360 (size before relaxing)
 .GCC.command.line
                0x000014b4       0x6a D:\Freelance\Study\FTDI\new_build_framework\projects\libexternal\Debug/libexternal.a(ff.o)
                                0x34c (size before relaxing)
 .GCC.command.line
                0x0000151e       0xa6 D:\Freelance\Study\FTDI\new_build_framework\projects\libexternal\Debug/libexternal.a(syscall.o)
                                0x388 (size before relaxing)
 .GCC.command.line
                0x000015c4       0xd8 D:\Freelance\Study\FTDI\new_build_framework\projects\libFreeRTOS\Debug/libFreeRTOS.a(heap_4.o)
                                0x3cc (size before relaxing)
 .GCC.command.line
                0x0000169c       0xdd D:\Freelance\Study\FTDI\new_build_framework\projects\libFreeRTOS\Debug/libFreeRTOS.a(port_extra.o)
                                0x3e5 (size before relaxing)
 .GCC.command.line
                0x00001779       0x6a D:\Freelance\Study\FTDI\new_build_framework\projects\libFreeRTOS\Debug/libFreeRTOS.a(queue.o)
                                0x372 (size before relaxing)
 .GCC.command.line
                0x000017e3       0x6a D:\Freelance\Study\FTDI\new_build_framework\projects\libFreeRTOS\Debug/libFreeRTOS.a(tasks.o)
                                0x372 (size before relaxing)
 .GCC.command.line
                0x0000184d       0x6f D:\Freelance\Study\FTDI\new_build_framework\projects\libFreeRTOS\Debug/libFreeRTOS.a(timers.o)
                                0x377 (size before relaxing)
 .GCC.command.line
                0x000018bc       0xbf D:\Freelance\Study\FTDI\new_build_framework\projects\libFreeRTOS\Debug/libFreeRTOS.a(port.o)
                                0x3c7 (size before relaxing)
 .GCC.command.line
                0x0000197b       0x65 D:\Freelance\Study\FTDI\new_build_framework\projects\libFreeRTOS\Debug/libFreeRTOS.a(list.o)
                                0x36d (size before relaxing)

.debug_frame    0x00000000     0x39a4
 .debug_frame   0x00000000       0xbc ./Demo/FT32_GCC/main.o
 .debug_frame   0x000000bc       0x44 /cygdrive/c/Program Files (x86)/FTDI/FT90x Toolchain/Toolchain/tools/bin/../lib/gcc/ft32-elf/5.0.0/../../../../ft32-elf/lib/libc.a(lib_a-rand.o)
 .debug_frame   0x00000100       0x58 /cygdrive/c/Program Files (x86)/FTDI/FT90x Toolchain/Toolchain/tools/bin/../lib/gcc/ft32-elf/5.0.0/../../../../ft32-elf/lib/libc.a(lib_a-rget.o)
 .debug_frame   0x00000158      0x1c4 /cygdrive/c/Program Files (x86)/FTDI/FT90x Toolchain/Toolchain/tools/bin/../lib/gcc/ft32-elf/5.0.0/../../../../ft32-elf/lib/libc.a(lib_a-findfp.o)
 .debug_frame   0x0000031c       0xbc /cygdrive/c/Program Files (x86)/FTDI/FT90x Toolchain/Toolchain/tools/bin/../lib/gcc/ft32-elf/5.0.0/../../../../ft32-elf/lib/libc.a(lib_a-fwalk.o)
 .debug_frame   0x000003d8       0x6c /cygdrive/c/Program Files (x86)/FTDI/FT90x Toolchain/Toolchain/tools/bin/../lib/gcc/ft32-elf/5.0.0/../../../../ft32-elf/lib/libc.a(lib_a-mallocr.o)